[    0.000000] Booting Linux on physical CPU 0x0000000000 [0x411fd461]
[    0.000000] Linux version 5.15.148-qki-consolidate-android13-8-g9e26568e2e9a-dirty-ab275 (build-user@build-host) (Android (8508608, based on r450784e) clang version 14.0.7 (https://android.googlesource.com/toolchain/llvm-project 4c603efb0cca074e9238af8b4106c30add4418f6), LLD 14.0.7) #1 SMP PREEMPT Fri Oct 11 08:19:05 UTC 2024
[    0.000000] Machine model: Qualcomm Technologies, Inc. SkyRanger POC
[    0.000000] **********************************************************
[    0.000000] **   NOTICE NOTICE NOTICE NOTICE NOTICE NOTICE NOTICE   **
[    0.000000] **                                                      **
[    0.000000] ** This system shows unhashed kernel memory addresses   **
[    0.000000] ** via the console, logs, and other interfaces. This    **
[    0.000000] ** might reduce the security of your system.            **
[    0.000000] **                                                      **
[    0.000000] ** If you see this message and you are not debugging    **
[    0.000000] ** the kernel, report this immediately to your system   **
[    0.000000] ** administrator!                                       **
[    0.000000] **                                                      **
[    0.000000] **   NOTICE NOTICE NOTICE NOTICE NOTICE NOTICE NOTICE   **
[    0.000000] **********************************************************
[    0.000000] panic_on_taint: bitmask=0x20 nousertaint_mode=disabled
[    0.000000] earlycon: qcom_geni0 at MMIO 0x0000000000a9c000 (options '')
[    0.000000] printk: bootconsole [qcom_geni0] enabled
[    0.000000] efi: UEFI not found.
[    0.000000] OF: fdt: Reserved memory: failed to reserve memory for node 'demura_region_0': base 0x0000000000000000, size 0 MiB
[    0.000000] OF: fdt: Reserved memory: failed to reserve memory for node 'demura_region_1': base 0x0000000000000000, size 0 MiB
[    0.000000] OF: reserved mem: 0x0000000afffff000..0x0000000affffffff (4 KiB) nomap non-reusable debug_kinfo_region
[    0.000000] Reserved memory: created CMA memory pool at 0x00000000ff000000, size 8 MiB
[    0.000000] OF: reserved mem: initialized node sdsp_region, compatible id shared-dma-pool
[    0.000000] OF: reserved mem: 0x00000000ff000000..0x00000000ff7fffff (8192 KiB) map reusable sdsp_region
[    0.000000] Reserved memory: created CMA memory pool at 0x00000000fe000000, size 16 MiB
[    0.000000] OF: reserved mem: initialized node qmc_dma_region, compatible id shared-dma-pool
[    0.000000] OF: reserved mem: 0x00000000fe000000..0x00000000feffffff (16384 KiB) map reusable qmc_dma_region
[    0.000000] Reserved memory: created CMA memory pool at 0x0000000afd400000, size 40 MiB
[    0.000000] OF: reserved mem: initialized node demura_heap_region, compatible id shared-dma-pool
[    0.000000] OF: reserved mem: 0x0000000afd400000..0x0000000affbfffff (40960 KiB) map reusable demura_heap_region
[    0.000000] Reserved memory: created CMA memory pool at 0x00000000fd000000, size 16 MiB
[    0.000000] OF: reserved mem: initialized node qseecom_ta_region, compatible id shared-dma-pool
[    0.000000] OF: reserved mem: 0x00000000fd000000..0x00000000fdffffff (16384 KiB) map reusable qseecom_ta_region
[    0.000000] Reserved memory: created CMA memory pool at 0x00000000f2800000, size 16 MiB
[    0.000000] OF: reserved mem: initialized node va_md_mem_region, compatible id shared-dma-pool
[    0.000000] OF: reserved mem: 0x00000000f2800000..0x00000000f37fffff (16384 KiB) map reusable va_md_mem_region
[    0.000000] Reserved memory: created CMA memory pool at 0x00000000f0800000, size 32 MiB
[    0.000000] OF: reserved mem: initialized node linux,cma, compatible id shared-dma-pool
[    0.000000] OF: reserved mem: 0x00000000f0800000..0x00000000f27fffff (32768 KiB) map reusable linux,cma
[    0.000000] OF: reserved mem: 0x0000000affdff000..0x0000000affffefff (2048 KiB) map non-reusable ramoops_region
[    0.000000] Reserved memory: created CMA memory pool at 0x00000000eec00000, size 28 MiB
[    0.000000] OF: reserved mem: initialized node audio_cma_region, compatible id shared-dma-pool
[    0.000000] OF: reserved mem: 0x00000000eec00000..0x00000000f07fffff (28672 KiB) map reusable audio_cma_region
[    0.000000] Reserved memory: created CMA memory pool at 0x00000000ca800000, size 164 MiB
[    0.000000] OF: reserved mem: initialized node non_secure_display_region, compatible id shared-dma-pool
[    0.000000] OF: reserved mem: 0x00000000ca800000..0x00000000d4bfffff (167936 KiB) map reusable non_secure_display_region
[    0.000000] Reserved memory: created CMA memory pool at 0x0000000afa000000, size 52 MiB
[    0.000000] OF: reserved mem: initialized node mem_dump_region, compatible id shared-dma-pool
[    0.000000] OF: reserved mem: 0x0000000afa000000..0x0000000afd3fffff (53248 KiB) map reusable mem_dump_region
[    0.000000] Reserved memory: created CMA memory pool at 0x00000000ea400000, size 72 MiB
[    0.000000] OF: reserved mem: initialized node secure_cdsp_region, compatible id shared-dma-pool
[    0.000000] OF: reserved mem: 0x00000000ea400000..0x00000000eebfffff (73728 KiB) map reusable secure_cdsp_region
[    0.000000] Reserved memory: created CMA memory pool at 0x00000000e9400000, size 16 MiB
[    0.000000] OF: reserved mem: initialized node sp_region, compatible id shared-dma-pool
[    0.000000] OF: reserved mem: 0x00000000e9400000..0x00000000ea3fffff (16384 KiB) map reusable sp_region
[    0.000000] Reserved memory: created CMA memory pool at 0x00000000e7400000, size 32 MiB
[    0.000000] OF: reserved mem: initialized node cnss_wlan_region, compatible id shared-dma-pool
[    0.000000] OF: reserved mem: 0x00000000e7400000..0x00000000e93fffff (32768 KiB) map reusable cnss_wlan_region
[    0.000000] Reserved memory: created CMA memory pool at 0x00000000e4400000, size 32 MiB
[    0.000000] OF: reserved mem: initialized node pci_usb_region, compatible id shared-dma-pool
[    0.000000] OF: reserved mem: 0x00000000e4400000..0x00000000e63fffff (32768 KiB) map reusable pci_usb_region
[    0.000000] Reserved memory: created CMA memory pool at 0x00000000e3000000, size 20 MiB
[    0.000000] OF: reserved mem: initialized node qseecom_region, compatible id shared-dma-pool
[    0.000000] OF: reserved mem: 0x00000000e3000000..0x00000000e43fffff (20480 KiB) map reusable qseecom_region
[    0.000000] Reserved memory: created CMA memory pool at 0x00000000e2000000, size 16 MiB
[    0.000000] OF: reserved mem: initialized node user_contig_region, compatible id shared-dma-pool
[    0.000000] OF: reserved mem: 0x00000000e2000000..0x00000000e2ffffff (16384 KiB) map reusable user_contig_region
[    0.000000] Reserved memory: created CMA memory pool at 0x00000000fcc00000, size 4 MiB
[    0.000000] OF: reserved mem: initialized node cdsp_eva_region, compatible id shared-dma-pool
[    0.000000] OF: reserved mem: 0x00000000fcc00000..0x00000000fcffffff (4096 KiB) map reusable cdsp_eva_region
[    0.000000] Reserved memory: created CMA memory pool at 0x00000000e6800000, size 12 MiB
[    0.000000] OF: reserved mem: initialized node adsp_heap_region, compatible id shared-dma-pool
[    0.000000] OF: reserved mem: 0x00000000e6800000..0x00000000e73fffff (12288 KiB) map reusable adsp_heap_region
[    0.000000] OF: reserved mem: 0x0000000080000000..0x00000000809fffff (10240 KiB) nomap non-reusable gunyah_hyp_region@80000000
[    0.000000] OF: reserved mem: 0x0000000080a00000..0x0000000080dfffff (4096 KiB) nomap non-reusable cpusys_vm_region@80a00000
[    0.000000] OF: reserved mem: 0x0000000080e00000..0x00000000811fffff (4096 KiB) nomap non-reusable hyp_mem_region@80e00000
[    0.000000] OF: reserved mem: 0x0000000081a00000..0x0000000081c5ffff (2432 KiB) nomap non-reusable xbl_dt_log_merged@81a00000
[    0.000000] OF: reserved mem: 0x0000000081c60000..0x0000000081c7ffff (128 KiB) nomap non-reusable aop_cmd_db_region@81c60000
[    0.000000] OF: reserved mem: 0x0000000081c80000..0x0000000081cf3fff (464 KiB) nomap non-reusable aop_config_merged_region@81c80000
[    0.000000] OF: reserved mem: 0x0000000081cf4000..0x0000000081cf4fff (4 KiB) nomap non-reusable chipinfo_region@81cf4000
[    0.000000] OF: reserved mem: 0x0000000081d00000..0x0000000081efffff (2048 KiB) nomap non-reusable smem_region@81d00000
[    0.000000] OF: reserved mem: 0x0000000081f00000..0x0000000081f1ffff (128 KiB) nomap non-reusable adsp_mhi_region@81f00000
[    0.000000] OF: reserved mem: 0x0000000082600000..0x00000000826fffff (1024 KiB) nomap non-reusable global_sync_region@82600000
[    0.000000] OF: reserved mem: 0x0000000082700000..0x00000000827fffff (1024 KiB) nomap non-reusable tz_stat_region@82700000
[    0.000000] OF: reserved mem: 0x000000008a800000..0x000000009affffff (270336 KiB) nomap non-reusable mpss_region@89800000
[    0.000000] OF: reserved mem: 0x000000009b000000..0x000000009b07ffff (512 KiB) nomap non-reusable q6_mpss_dtb_region@9b000000
[    0.000000] OF: reserved mem: 0x000000009b080000..0x000000009b08ffff (64 KiB) nomap non-reusable ipa_fw_region@9b080000
[    0.000000] OF: reserved mem: 0x000000009b090000..0x000000009b099fff (40 KiB) nomap non-reusable ipa_gsi_region@9b090000
[    0.000000] OF: reserved mem: 0x000000009b09a000..0x000000009b09bfff (8 KiB) nomap non-reusable gpu_micro_code_region@9b09a000
[    0.000000] OF: reserved mem: 0x000000009b100000..0x000000009b27ffff (1536 KiB) nomap non-reusable spss_region_region@9b100000
[    0.000000] OF: reserved mem: 0x000000009b280000..0x000000009b2dffff (384 KiB) nomap non-reusable spu_tz_shared_mem@9b280000
[    0.000000] OF: reserved mem: 0x000000009b2e0000..0x000000009b2fffff (128 KiB) nomap non-reusable spu_modem_shared_mem@9b2e0000
[    0.000000] OF: reserved mem: 0x000000009b300000..0x000000009bafffff (8192 KiB) nomap non-reusable camera_region@9b300000
[    0.000000] OF: reserved mem: 0x000000009bb00000..0x000000009cafffff (16384 KiB) nomap non-reusable video_region@9bb00000
[    0.000000] OF: reserved mem: 0x000000009cb00000..0x000000009d1fffff (7168 KiB) nomap non-reusable cvp_region@9c200000
[    0.000000] OF: reserved mem: 0x000000009d200000..0x000000009f1fffff (32768 KiB) nomap non-reusable cdsp_region@9c900000
[    0.000000] OF: reserved mem: 0x000000009f200000..0x000000009f27ffff (512 KiB) nomap non-reusable q6_cdsp_dtb_region@9e900000
[    0.000000] OF: reserved mem: 0x000000009f280000..0x000000009f2fffff (512 KiB) nomap non-reusable q6_adsp_dtb_region@9e980000
[    0.000000] OF: reserved mem: 0x000000009f300000..0x00000000a337ffff (66048 KiB) nomap non-reusable adspslpi_region@9ea00000
[    0.000000] OF: reserved mem: 0x00000000b8000000..0x00000000baafffff (44032 KiB) map non-reusable splash_region
[    0.000000] OF: reserved mem: 0x00000000d4d00000..0x00000000d7ffffff (52224 KiB) nomap non-reusable mpss_dsm_region@d4d00000
[    0.000000] OF: reserved mem: 0x00000000d8100000..0x00000000d813ffff (256 KiB) nomap non-reusable xbl_sc_region@d8100000
[    0.000000] OF: reserved mem: 0x00000000d8140000..0x00000000d82fffff (1792 KiB) nomap non-reusable cpucp_fw_region@d8140000
[    0.000000] OF: reserved mem: 0x00000000d8300000..0x00000000d87fffff (5120 KiB) nomap non-reusable qtee_region@d8300000
[    0.000000] OF: reserved mem: 0x00000000e6440000..0x00000000e671cfff (2932 KiB) nomap non-reusable hwfence-shmem
[    0.000000] OF: reserved mem: 0x00000000f3800000..0x00000000f78edfff (66488 KiB) nomap non-reusable trust_ui_vm_region@f3800000
[    0.000000] OF: reserved mem: 0x00000000f78ee000..0x00000000f78eefff (4 KiB) nomap non-reusable trust_ui_vm_dump@0xf78ee000
[    0.000000] OF: reserved mem: 0x00000000f78ef000..0x00000000f78f7fff (36 KiB) nomap non-reusable trust_ui_vm_qrtr@0xf78ef000
[    0.000000] OF: reserved mem: 0x00000000f78f8000..0x00000000f78fbfff (16 KiB) nomap non-reusable trust_ui_vm_vblk0_ring@0xf78f8000
[    0.000000] OF: reserved mem: 0x00000000f78fc000..0x00000000f78fffff (16 KiB) nomap non-reusable trust_ui_vm_vblk1_ring@0xf78fc000
[    0.000000] OF: reserved mem: 0x00000000f7900000..0x00000000f79fffff (1024 KiB) nomap non-reusable trust_ui_vm_swiotlb@0xf7900000
[    0.000000] OF: reserved mem: 0x00000000f7afc000..0x00000000f7afffff (16 KiB) nomap non-reusable oem_vm_vblk0_ring@f7afc000
[    0.000000] OF: reserved mem: 0x00000000f7b00000..0x00000000f7bfffff (1024 KiB) nomap non-reusable oem_vm_swiotlb@f7b00000
[    0.000000] Reserved memory: created CMA memory pool at 0x00000000f7c00000, size 72 MiB
[    0.000000] OF: reserved mem: initialized node oem_vm_region@f7c00000, compatible id shared-dma-pool
[    0.000000] OF: reserved mem: 0x00000000f7c00000..0x00000000fc3fffff (73728 KiB) map reusable oem_vm_region@f7c00000
[    0.000000] OF: reserved mem: 0x00000000ff800000..0x00000000ffdfffff (6144 KiB) nomap non-reusable llcc_lpi_region@ff800000
[    0.000000] Zone ranges:
[    0.000000]   DMA32    empty
[    0.000000]   Normal   [mem 0x0000000080000000-0x0000000affffffff]
[    0.000000] Movable zone start for each node
[    0.000000] Early memory node ranges
[    0.000000]   node   0: [mem 0x0000000080000000-0x0000000080dfffff]
[    0.000000]   node   0: [mem 0x00000000811d0000-0x00000000811fffff]
[    0.000000]   node   0: [mem 0x0000000081200000-0x00000000819fffff]
[    0.000000]   node   0: [mem 0x0000000081a00000-0x0000000081cf4fff]
[    0.000000]   node   0: [mem 0x0000000081cf5000-0x0000000081cfffff]
[    0.000000]   node   0: [mem 0x0000000081d00000-0x0000000081f1ffff]
[    0.000000]   node   0: [mem 0x0000000081f20000-0x00000000825fffff]
[    0.000000]   node   0: [mem 0x0000000082600000-0x00000000827fffff]
[    0.000000]   node   0: [mem 0x0000000082800000-0x000000008a7fffff]
[    0.000000]   node   0: [mem 0x000000008a800000-0x000000009b09bfff]
[    0.000000]   node   0: [mem 0x000000009b09c000-0x000000009b0fffff]
[    0.000000]   node   0: [mem 0x000000009b100000-0x00000000a337ffff]
[    0.000000]   node   0: [mem 0x00000000a3380000-0x00000000d4cfffff]
[    0.000000]   node   0: [mem 0x00000000d4d00000-0x00000000d7ffffff]
[    0.000000]   node   0: [mem 0x00000000d8140000-0x00000000d815ffff]
[    0.000000]   node   0: [mem 0x00000000e1bb0000-0x00000000e643ffff]
[    0.000000]   node   0: [mem 0x00000000e6440000-0x00000000e671cfff]
[    0.000000]   node   0: [mem 0x00000000e671d000-0x00000000f37fffff]
[    0.000000]   node   0: [mem 0x00000000f3800000-0x00000000f79fffff]
[    0.000000]   node   0: [mem 0x00000000f7a00000-0x00000000f7afbfff]
[    0.000000]   node   0: [mem 0x00000000f7afc000-0x00000000f7bfffff]
[    0.000000]   node   0: [mem 0x00000000f7c00000-0x00000000ff7fffff]
[    0.000000]   node   0: [mem 0x00000000ff800000-0x00000000ffdfffff]
[    0.000000]   node   0: [mem 0x00000000ffe00000-0x00000000ffffffff]
[    0.000000]   node   0: [mem 0x0000000880000000-0x00000008b99fffff]
[    0.000000]   node   0: [mem 0x00000008c0000000-0x0000000affffefff]
[    0.000000]   node   0: [mem 0x0000000afffff000-0x0000000affffffff]
[    0.000000] Initmem setup node 0 [mem 0x0000000080000000-0x0000000affffffff]
[    0.000000] On node 0, zone Normal: 976 pages in unavailable ranges
[    0.000000] On node 0, zone Normal: 320 pages in unavailable ranges
[    0.000000] On node 0, zone Normal: 39504 pages in unavailable ranges
[    0.000000] On node 0, zone Normal: 26112 pages in unavailable ranges
[    0.000000] psci: probing for conduit method from DT.
[    0.000000] psci: PSCIv1.1 detected in firmware.
[    0.000000] psci: Using standard PSCI v0.2 function IDs
[    0.000000] psci: MIGRATE_INFO_TYPE not supported.
[    0.000000] psci: SMC Calling Convention v1.3
[    0.000000] psci: OSI mode supported.
[    0.000000] percpu: Embedded 30 pages/cpu s82560 r8192 d32128 u122880
[    0.000000] pcpu-alloc: s82560 r8192 d32128 u122880 alloc=30*4096
[    0.000000] pcpu-alloc: [0] 0 [0] 1 [0] 2 [0] 3 [0] 4 [0] 5 [0] 6 [0] 7 
[    0.000000] Detected PIPT I-cache on CPU0
[    0.000000] CPU features: detected: Branch Target Identification
[    0.000000] CPU features: detected: Address authentication (architected algorithm)
[    0.000000] CPU features: detected: ARM erratum 2457168
[    0.000000] CPU features: detected: GIC system register CPU interface
[    0.000000] CPU features: detected: Hardware dirty bit management
[    0.000000] CPU features: detected: Spectre-v4
[    0.000000] CPU features: kernel page table isolation forced OFF by kpti command line option
[    0.000000] CPU features: detected: Qualcomm erratum 1009, or ARM erratum 1286807, 2441009
[    0.000000] alternatives: patching kernel code
[    0.000000] Built 1 zonelists, mobility grouping on.  Total pages: 3030709
[    0.000000] Kernel command line: kasan.stacktrace=off stack_depot_disable=off page_owner=on no_hash_pointers panic_on_taint=0x20 cgroup_disable=pressure slub_debug=FZP,zs_handle,zspage;FZPU console=ttyMSM0,115200n8 loglevel=6 kpti=0 log_buf_len=256K kernel.panic_on_rcu_stall=1 service_locator.enable=1 msm_rtb.filter=0x237 rcupdate.rcu_expedited=1 rcu_nocbs=0-7 ftrace_dump_on_oops swiotlb=noforce loop.max_part=7 fw_devlink.strict=1 allow_mismatched_32bit_el0 cpufreq.default_governor=performance printk.console_no_auto_verbose=1 kasan=off sysctl.kernel.sched_pelt_multiplier=4 can.stats_timer=0 pcie_ports=compat irqaffinity=0-2 disable_dma32=on no-steal-acc cgroup.memory=nokmem,nosocket slub_debug=- printk.devkmsg=on console=ttyMSM0,115200n8 earlycon=qcom_geni,0x00a9C000 qcom_geni_serial.con_enabled=1 hibernate=nocompress net.ifnames=0 apparmor=1 security=apparmor root=/dev/sda2 androidboot.bootdevice=1d84000.ufshc androidboot.fstab_suffix=default androidboot.serialno=964145
[    0.000000] cgroup: Disabling pressure control group feature
[    0.000000] mem auto-init: SLAB_POISON will take precedence over init_on_alloc/init_on_free
[    0.000000] Unknown kernel command line parameters "apparmor=1", will be passed to user space.
[    0.000000] printk: log_buf_len: 262144 bytes
[    0.000000] printk: early log buf free: 114024(86%)
[    0.000000] Dentry cache hash table entries: 2097152 (order: 12, 16777216 bytes, linear)
[    0.000000] Inode-cache hash table entries: 1048576 (order: 11, 8388608 bytes, linear)
[    0.000000] mem auto-init: stack:all(zero), heap alloc:on, heap free:off
[    0.000000] Memory: 10703380K/12315264K available (24000K kernel code, 2746K rwdata, 18100K rodata, 2432K init, 6313K bss, 948332K reserved, 663552K cma-reserved)
[    0.000000] SLUB: HWalign=64, Order=0-3, MinObjects=0, CPUs=8, Nodes=1
[    0.000000] kmemleak: Kernel memory leak detector disabled
[    0.000000] trace event string verifier disabled
[    0.000000] rcu: Preemptible hierarchical RCU implementation.
[    0.000000] rcu: 	RCU event tracing is enabled.
[    0.000000] rcu: 	RCU dyntick-idle grace-period acceleration is enabled.
[    0.000000] rcu: 	RCU restricting CPUs from NR_CPUS=32 to nr_cpu_ids=8.
[    0.000000] rcu: 	RCU priority boosting: priority 1 delay 500 ms.
[    0.000000] 	All grace periods are expedited (rcu_expedited).
[    0.000000] 	Trampoline variant of Tasks RCU enabled.
[    0.000000] 	Rude variant of Tasks RCU enabled.
[    0.000000] 	Tracing variant of Tasks RCU enabled.
[    0.000000] rcu: RCU calculated value of scheduler-enlistment delay is 25 jiffies.
[    0.000000] rcu: Adjusting geometry for rcu_fanout_leaf=16, nr_cpu_ids=8
[    0.000000] NR_IRQS: 64, nr_irqs: 64, preallocated irqs: 0
[    0.000000] GICv3: 988 SPIs implemented
[    0.000000] GICv3: 0 Extended SPIs implemented
[    0.000000] GICv3: Distributor has no Range Selector support
[    0.000000] Root IRQ handler: gic_handle_irq.35940.cfi_jt
[    0.000000] GICv3: 16 PPIs implemented
[    0.000000] GICv3: Enabling SGIs without active state
[    0.000000] GICv3: CPU0: found redistributor 0 region 0:0x0000000017180000
[    0.000000] ITS [mem 0x17140000-0x1715ffff]
[    0.000000] ITS@0x0000000017140000: Devices Table too large, reduce ids 32->19
[    0.000000] ITS@0x0000000017140000: Devices too large, reduce ITS pages 1024->256
[    0.000000] ITS@0x0000000017140000: allocated 131072 Devices @81300000 (indirect, esz 8, psz 4K, shr 1)
[    0.000000] ITS@0x0000000017140000: allocated 4096 Interrupt Collections @812a0000 (flat, esz 1, psz 4K, shr 1)
[    0.000000] GICv3: using LPI property table @0x00000000812b0000
[    0.000000] GICv3: CPU0: using allocated LPI pending table @0x00000000812c0000
[    0.000000] rcu: 	Offload RCU callbacks from CPUs: 0-7.
[    0.000000] kfence: initialized - using 524288 bytes for 63 objects at 0xffffff8a6acd0000-0xffffff8a6ad50000
[    0.000000] arch_timer: cp15 and mmio timer(s) running at 19.20MHz (virt/virt).
[    0.000000] clocksource: arch_sys_counter: mask: 0xffffffffffffff max_cycles: 0x46d987e47, max_idle_ns: 440795202767 ns
[    0.000000] sched_clock: 56 bits at 19MHz, resolution 52ns, wraps every 4398046511078ns
[    0.003473] arm-pv: using stolen time PV
[    0.003553] random: crng init done
[    0.007967] Calibrating delay loop (skipped), value calculated using timer frequency.. 38.40 BogoMIPS (lpj=76800)
[    0.007982] pid_max: default: 32768 minimum: 301
[    0.008079] LSM: Security Framework initializing
[    0.008189] Mount-cache hash table entries: 32768 (order: 6, 262144 bytes, linear)
[    0.008210] Mountpoint-cache hash table entries: 32768 (order: 6, 262144 bytes, linear)
[    0.010697] rcu: Hierarchical SRCU implementation.
[    0.012062] Platform MSI: msi-controller@17140000 domain created
[    0.012738] PCI/MSI: /soc/interrupt-controller@17100000/msi-controller@17140000 domain created
[    0.013377] EFI services will not be available.
[    0.014076] smp: Bringing up secondary CPUs ...
[    0.015324] Detected PIPT I-cache on CPU1
[    0.015356] GICv3: CPU1: found redistributor 100 region 0:0x00000000171c0000
[    0.015469] GICv3: CPU1: using allocated LPI pending table @0x00000000812d0000
[    0.015554] CPU1: Booted secondary processor 0x0000000100 [0x411fd461]
[    0.017215] Detected PIPT I-cache on CPU2
[    0.017231] GICv3: CPU2: found redistributor 200 region 0:0x0000000017200000
[    0.017320] GICv3: CPU2: using allocated LPI pending table @0x00000000812e0000
[    0.017396] CPU2: Booted secondary processor 0x0000000200 [0x411fd461]
[    0.018934] Detected PIPT I-cache on CPU3
[    0.018947] CPU features: SANITY CHECK: Unexpected variation in SYS_ID_AA64MMFR1_EL1. Boot CPU: 0x00000011212122, CPU3: 0x00000010212122
[    0.018957] CPU features: Unsupported CPU feature variation detected.
[    0.019153] GICv3: CPU3: found redistributor 300 region 0:0x0000000017240000
[    0.019284] GICv3: CPU3: using allocated LPI pending table @0x00000000812f0000
[    0.019392] CPU3: Booted secondary processor 0x0000000300 [0x411fd4d0]
[    0.021071] Detected PIPT I-cache on CPU4
[    0.021085] CPU features: SANITY CHECK: Unexpected variation in SYS_ID_AA64MMFR1_EL1. Boot CPU: 0x00000011212122, CPU4: 0x00000010212122
[    0.021113] GICv3: CPU4: found redistributor 400 region 0:0x0000000017280000
[    0.021246] GICv3: CPU4: using allocated LPI pending table @0x0000000082000000
[    0.021360] CPU4: Booted secondary processor 0x0000000400 [0x411fd4d0]
[    0.022878] CPU features: detected: Spectre-BHB
[    0.022882] CPU features: detected: ARM erratum 2067961 or 2054223
[    0.022891] Detected PIPT I-cache on CPU5
[    0.022894] CPU features: SANITY CHECK: Unexpected variation in SYS_ID_AA64MMFR1_EL1. Boot CPU: 0x00000011212122, CPU5: 0x00000010212122
[    0.022898] CPU features: SANITY CHECK: Unexpected variation in SYS_ID_MMFR4_EL1. Boot CPU: 0x00000001021111, CPU5: 0x00000001021110
[    0.022908] GICv3: CPU5: found redistributor 500 region 0:0x00000000172c0000
[    0.022977] GICv3: CPU5: using allocated LPI pending table @0x0000000082010000
[    0.023042] CPU5: Booted secondary processor 0x0000000500 [0x412fd470]
[    0.024583] Detected PIPT I-cache on CPU6
[    0.024588] CPU features: SANITY CHECK: Unexpected variation in SYS_ID_AA64MMFR1_EL1. Boot CPU: 0x00000011212122, CPU6: 0x00000010212122
[    0.024592] CPU features: SANITY CHECK: Unexpected variation in SYS_ID_MMFR4_EL1. Boot CPU: 0x00000001021111, CPU6: 0x00000001021110
[    0.024602] GICv3: CPU6: found redistributor 600 region 0:0x0000000017300000
[    0.024663] GICv3: CPU6: using allocated LPI pending table @0x0000000082020000
[    0.024729] CPU6: Booted secondary processor 0x0000000600 [0x412fd470]
[    0.026356] Detected PIPT I-cache on CPU7
[    0.026367] CPU features: SANITY CHECK: Unexpected variation in SYS_ID_AA64MMFR1_EL1. Boot CPU: 0x00000011212122, CPU7: 0x00000010212122
[    0.026578] GICv3: CPU7: found redistributor 700 region 0:0x0000000017340000
[    0.026696] GICv3: CPU7: using allocated LPI pending table @0x0000000082030000
[    0.026792] CPU7: Booted secondary processor 0x0000000700 [0x411fd4e0]
[    0.027000] smp: Brought up 1 node, 8 CPUs
[    0.126863] SMP: Total of 8 processors activated.
[    0.126872] CPU features: detected: ARMv8.4 Translation Table Level
[    0.126877] CPU features: detected: Data cache clean to the PoU not required for I/D coherence
[    0.126883] CPU features: detected: Common not Private translations
[    0.126888] CPU features: detected: CRC32 instructions
[    0.126892] CPU features: detected: E0PD
[    0.126897] CPU features: detected: Generic authentication (architected algorithm)
[    0.126902] CPU features: detected: RCpc load-acquire (LDAPR)
[    0.126906] CPU features: detected: LSE atomic instructions
[    0.126911] CPU features: detected: Privileged Access Never
[    0.126916] CPU features: detected: Speculation barrier (SB)
[    0.126920] CPU features: detected: Stage-2 Force Write-Back
[    0.126925] CPU features: detected: TLB range maintenance instructions
[    0.126930] CPU features: detected: Speculative Store Bypassing Safe (SSBS)
[    0.159634] CPU features: detected CPU7: Activity Monitors Unit (AMU)
[    0.159634] CPU features: detected CPU6: Activity Monitors Unit (AMU)
[    0.159634] CPU features: detected CPU3: Activity Monitors Unit (AMU)
[    0.159634] CPU features: detected CPU5: Activity Monitors Unit (AMU)
[    0.159634] CPU features: detected CPU4: Activity Monitors Unit (AMU)
[    0.159635] CPU features: detected CPU2: Activity Monitors Unit (AMU)
[    0.159635] CPU features: detected CPU1: Activity Monitors Unit (AMU)
[    0.159635] CPU features: detected CPU0: Activity Monitors Unit (AMU)
[    0.191245] CPU: All CPU(s) started at EL1
[    0.232559] allocated 150994944 bytes of page_ext
[    0.236108] Node 0, zone   Normal: page owner found early allocated 39289 pages
[    0.236470] devtmpfs: initialized
[    0.254381] KASLR enabled
[    0.254450] clocksource: jiffies: mask: 0xffffffff max_cycles: 0xffffffff, max_idle_ns: 7645041785100000 ns
[    0.254467] futex hash table entries: 2048 (order: 5, 131072 bytes, linear)
[    0.256898] pinctrl core: initialized pinctrl subsystem
[    0.257145] NET: Registered PF_NETLINK/PF_ROUTE protocol family
[    0.258280] DMA: preallocated 2048 KiB GFP_KERNEL pool for atomic allocations
[    0.258306] audit: initializing netlink subsys (disabled)
[    0.258386] audit: type=2000 audit(0.164:1): state=initialized audit_enabled=0 res=1
[    0.258494] thermal_sys: Registered thermal governor 'step_wise'
[    0.267065] thermal_sys: Registered thermal governor 'user_space'
[    0.267066] thermal_sys: Registered thermal governor 'power_allocator'
[    0.270955] cpuidle: using governor menu
[    0.271025] hw-breakpoint: found 6 breakpoint and 4 watchpoint registers.
[    0.271162] ASID allocator initialised with 65536 entries
[    0.271208] Serial: AMBA PL011 UART driver
[    0.271417] pstore: Registered ramoops as persistent store backend
[    0.271419] ramoops: using 0x200000@0xaffdff000, ecc: 0
[    0.286822] OF: /soc/qcom,pcie@1c08000/pcie1_rp/pcie1_bus1_dev0_fn0/pcie1_bus2_dev3_fn0/qps615_eth1,qps615_eth1@pcie1_rp: could not get #gpio-cells for /soc/interrupt-controller@17100000
[    0.307874] OF: /soc/spf_core_platform/lpass-cdc/va-macro@6D44000: could not get #gpio-cells for /soc/interrupt-controller@17100000
[    0.331931] platform 1d84000.ufshc: Fixing up cyclic dependency with 1d80000.ufsphy_mem
[    0.337482] amba 10d09000.tpda: Fixing up cyclic dependency with 10d43000.tpdm
[    0.337491] amba 10d09000.tpda: Fixing up cyclic dependency with 10d42000.tpdm
[    0.337498] amba 10d09000.tpda: Fixing up cyclic dependency with 10d41000.tpdm
[    0.337508] amba 10d09000.tpda: Fixing up cyclic dependency with 10d40000.tpdm
[    0.337555] platform soc:funnel@10b23000: Fixing up cyclic dependency with soc:tpdm_lpicc
[    0.337602] platform soc:funnel@10b50000: Fixing up cyclic dependency with soc:tpdm_lpass_lpi
[    0.337611] platform soc:funnel@10b50000: Fixing up cyclic dependency with soc:lpass_stm
[    0.337658] platform soc:funnel@10b44000: Fixing up cyclic dependency with soc:funnel@10b50000
[    0.337668] platform soc:funnel@10b44000: Fixing up cyclic dependency with soc:audio_etm0
[    0.337727] amba 10902000.funnel: Fixing up cyclic dependency with 10900000.tpdm
[    0.337788] amba 10832000.funnel: Fixing up cyclic dependency with 10830000.tpdm
[    0.337863] amba 10c0a000.funnel: Fixing up cyclic dependency with 10c08000.tpdm
[    0.337872] amba 10c0a000.funnel: Fixing up cyclic dependency with 10c60000.tpdm
[    0.337881] amba 10c0a000.funnel: Fixing up cyclic dependency with 10832000.funnel
[    0.337940] amba 10846000.funnel: Fixing up cyclic dependency with 10844000.tpdm
[    0.338000] amba 10d22000.funnel: Fixing up cyclic dependency with 10d20000.tpdm
[    0.338058] amba 10d32000.funnel: Fixing up cyclic dependency with 10d30000.tpdm
[    0.338146] amba 10d0a000.funnel: Fixing up cyclic dependency with soc:gladiator
[    0.338153] amba 10d0a000.funnel: Fixing up cyclic dependency with 10d09000.tpda
[    0.338235] amba 10d03000.funnel: Fixing up cyclic dependency with 10d0a000.funnel
[    0.338245] amba 10d03000.funnel: Fixing up cyclic dependency with 10d22000.funnel
[    0.338252] amba 10d03000.funnel: Fixing up cyclic dependency with 10d32000.funnel
[    0.338315] amba 10984000.funnel: Fixing up cyclic dependency with soc:turing_etm0
[    0.338397] amba 10983000.funnel: Fixing up cyclic dependency with 10984000.funnel
[    0.338407] amba 10983000.funnel: Fixing up cyclic dependency with soc:tpdm_turing_llm
[    0.338419] amba 10983000.funnel: Fixing up cyclic dependency with 10980000.tpdm
[    0.338500] amba 10c3a000.funnel: Fixing up cyclic dependency with 10c39000.tpdm
[    0.338507] amba 10c3a000.funnel: Fixing up cyclic dependency with 10c38000.tpdm
[    0.338515] amba 10c3a000.funnel: Fixing up cyclic dependency with 10c0a000.funnel
[    0.338580] amba 109c1000.tpda: Fixing up cyclic dependency with 109c0000.tpdm
[    0.338641] amba 109c2000.funnel: Fixing up cyclic dependency with 109c1000.tpda
[    0.338701] amba 10cc4000.tpda: Fixing up cyclic dependency with 10cc1000.tpdm
[    0.338758] amba 10cc5000.funnel: Fixing up cyclic dependency with 10cc4000.tpda
[    0.338818] amba 10ac1000.tpda: Fixing up cyclic dependency with 10ac0000.tpdm
[    0.338888] amba 10ac2000.funnel: Fixing up cyclic dependency with 10cc5000.funnel
[    0.338898] amba 10ac2000.funnel: Fixing up cyclic dependency with 10ac1000.tpda
[    0.338957] amba 10803000.tpda: Fixing up cyclic dependency with 10800000.tpdm
[    0.339013] amba 1080d000.funnel: Fixing up cyclic dependency with soc:modem_etm0
[    0.339081] amba 1080c000.funnel: Fixing up cyclic dependency with soc:modem_diag
[    0.339090] amba 1080c000.funnel: Fixing up cyclic dependency with 1080d000.funnel
[    0.339159] amba 10804000.funnel: Fixing up cyclic dependency with 1080c000.funnel
[    0.339168] amba 10804000.funnel: Fixing up cyclic dependency with 10803000.tpda
[    0.339176] amba 10804000.funnel: Fixing up cyclic dependency with soc:modem2_etm0
[    0.339272] amba 13863000.tpda: Fixing up cyclic dependency with 13861000.tpdm
[    0.339282] amba 13863000.tpda: Fixing up cyclic dependency with 138c0000.tpdm
[    0.339289] amba 13863000.tpda: Fixing up cyclic dependency with 13860000.tpdm
[    0.339296] amba 13863000.tpda: Fixing up cyclic dependency with 138b0000.tpdm
[    0.339304] amba 13863000.tpda: Fixing up cyclic dependency with 138a0000.tpdm
[    0.339366] amba 13810000.funnel: Fixing up cyclic dependency with 13863000.tpda
[    0.339508] amba 10c2b000.tpda: Fixing up cyclic dependency with 1082c000.tpdm
[    0.339517] amba 10c2b000.tpda: Fixing up cyclic dependency with 10846000.funnel
[    0.339528] amba 10c2b000.tpda: Fixing up cyclic dependency with 10d03000.funnel
[    0.339536] amba 10c2b000.tpda: Fixing up cyclic dependency with 10c29000.tpdm
[    0.339547] amba 10c2b000.tpda: Fixing up cyclic dependency with 109d0000.tpdm
[    0.339556] amba 10c2b000.tpda: Fixing up cyclic dependency with 10c28000.tpdm
[    0.339563] amba 10c2b000.tpda: Fixing up cyclic dependency with 10841000.tpdm
[    0.339571] amba 10c2b000.tpda: Fixing up cyclic dependency with 10902000.funnel
[    0.339579] amba 10c2b000.tpda: Fixing up cyclic dependency with 10983000.funnel
[    0.339586] amba 10c2b000.tpda: Fixing up cyclic dependency with 10c3a000.funnel
[    0.339683] amba 10c2c000.funnel: Fixing up cyclic dependency with 10902000.funnel
[    0.339694] amba 10c2c000.funnel: Fixing up cyclic dependency with 10983000.funnel
[    0.339702] amba 10c2c000.funnel: Fixing up cyclic dependency with 10d03000.funnel
[    0.339710] amba 10c2c000.funnel: Fixing up cyclic dependency with 10c2b000.tpda
[    0.339776] amba 10004000.tpda: Fixing up cyclic dependency with 10003000.tpdm
[    0.339783] amba 10004000.tpda: Fixing up cyclic dependency with 1000f000.tpdm
[    0.339862] amba 10041000.funnel: Fixing up cyclic dependency with 10004000.tpda
[    0.339872] amba 10041000.funnel: Fixing up cyclic dependency with 10002000.stm
[    0.339879] amba 10041000.funnel: Fixing up cyclic dependency with soc:snoc
[    0.339971] amba 10042000.funnel: Fixing up cyclic dependency with 10c2c000.funnel
[    0.339983] amba 10042000.funnel: Fixing up cyclic dependency with 10804000.funnel
[    0.339994] amba 10042000.funnel: Fixing up cyclic dependency with 13810000.funnel
[    0.340002] amba 10042000.funnel: Fixing up cyclic dependency with 10ac2000.funnel
[    0.340009] amba 10042000.funnel: Fixing up cyclic dependency with 109c2000.funnel
[    0.340079] amba 10045000.funnel: Fixing up cyclic dependency with 10041000.funnel
[    0.340090] amba 10045000.funnel: Fixing up cyclic dependency with 10042000.funnel
[    0.340180] amba 10b08000.tpda: Fixing up cyclic dependency with 10b0d000.tpdm
[    0.340190] amba 10b08000.tpda: Fixing up cyclic dependency with 10b0c000.tpdm
[    0.340198] amba 10b08000.tpda: Fixing up cyclic dependency with 10b0b000.tpdm
[    0.340205] amba 10b08000.tpda: Fixing up cyclic dependency with 10b0a000.tpdm
[    0.340214] amba 10b08000.tpda: Fixing up cyclic dependency with 10b09000.tpdm
[    0.340299] amba 10b04000.funnel: Fixing up cyclic dependency with 10b08000.tpda
[    0.340307] amba 10b04000.funnel: Fixing up cyclic dependency with 10045000.funnel
[    0.340314] amba 10b04000.funnel: Fixing up cyclic dependency with soc:funnel@10b44000
[    0.340323] amba 10b04000.funnel: Fixing up cyclic dependency with soc:funnel@10b23000
[    0.340413] amba 10b05000.tmc: Fixing up cyclic dependency with 10b04000.funnel
[    0.340477] amba 10b06000.replicator: Fixing up cyclic dependency with soc:dummy_sink
[    0.340485] amba 10b06000.replicator: Fixing up cyclic dependency with 10b05000.tmc
[    0.340545] amba 10046000.replicator: Fixing up cyclic dependency with 10b06000.replicator
[    0.340608] amba 1004e000.replicator: Fixing up cyclic dependency with 10046000.replicator
[    0.340675] amba 10048000.tmc: Fixing up cyclic dependency with 1004e000.replicator
[    0.340750] amba 1004f000.tmc: Fixing up cyclic dependency with 1004e000.replicator
[    0.342682] platform soc:funnel_ete: Fixing up cyclic dependency with soc:ete7
[    0.342691] platform soc:funnel_ete: Fixing up cyclic dependency with soc:ete6
[    0.342701] platform soc:funnel_ete: Fixing up cyclic dependency with soc:ete5
[    0.342712] platform soc:funnel_ete: Fixing up cyclic dependency with soc:ete4
[    0.342725] platform soc:funnel_ete: Fixing up cyclic dependency with soc:ete3
[    0.342733] platform soc:funnel_ete: Fixing up cyclic dependency with soc:ete2
[    0.342740] platform soc:funnel_ete: Fixing up cyclic dependency with soc:ete1
[    0.342749] platform soc:funnel_ete: Fixing up cyclic dependency with soc:ete0
[    0.342758] platform soc:funnel_ete: Fixing up cyclic dependency with 13810000.funnel
[    0.370151] iommu: Default domain type: Translated 
[    0.370155] iommu: DMA domain TLB invalidation policy: strict mode 
[    0.370275] SCSI subsystem initialized
[    0.374909] usbcore: registered new interface driver usbfs
[    0.374916] usbcore: registered new interface driver hub
[    0.374925] usbcore: registered new device driver usb
[    0.374946] mc: Linux media interface: v0.10
[    0.374950] videodev: Linux video capture interface: v2.00
[    0.374964] pps_core: LinuxPPS API ver. 1 registered
[    0.374965] pps_core: Software ver. 5.3.6 - Copyright 2005-2007 Rodolfo Giometti <giometti@linux.it>
[    0.374968] PTP clock support registered
[    0.374975] EDAC MC: Ver: 3.0.0
[    0.375137] CPUidle PSCI: Initialized CPU PM domain topology
[    0.375514] Advanced Linux Sound Architecture Driver Initialized.
[    0.375649] Bluetooth: Core ver 2.22
[    0.375654] NET: Registered PF_BLUETOOTH protocol family
[    0.375655] Bluetooth: HCI device and connection manager initialized
[    0.375658] Bluetooth: HCI socket layer initialized
[    0.375659] Bluetooth: L2CAP socket layer initialized
[    0.375663] Bluetooth: SCO socket layer initialized
[    0.375722] nfc: nfc_init: NFC Core ver 0.1
[    0.375728] NET: Registered PF_NFC protocol family
[    0.375914] CPU features: Asymmetric 32-bit EL0 support detected on CPU 3; CPU hot-unplug disabled on CPU 0
[    0.376064] clocksource: Switched to clocksource arch_sys_counter
[    0.384582] VFS: Disk quotas dquot_6.6.0
[    0.389355] VFS: Dquot-cache hash table entries: 512 (order 0, 4096 bytes)
[    0.389668] NET: Registered PF_INET protocol family
[    0.389852] IP idents hash table entries: 262144 (order: 9, 2097152 bytes, linear)
[    0.391401] tcp_listen_portaddr_hash hash table entries: 8192 (order: 6, 327680 bytes, linear)
[    0.391435] Table-perturb hash table entries: 65536 (order: 6, 262144 bytes, linear)
[    0.391521] TCP established hash table entries: 131072 (order: 8, 1048576 bytes, linear)
[    0.391739] TCP bind hash table entries: 65536 (order: 9, 2097152 bytes, linear)
[    0.391829] TCP: Hash tables configured (established 131072 bind 65536)
[    0.391967] UDP hash table entries: 8192 (order: 7, 786432 bytes, linear)
[    0.392112] UDP-Lite hash table entries: 8192 (order: 7, 786432 bytes, linear)
[    0.392178] NET: Registered PF_UNIX/PF_LOCAL protocol family
[    0.392189] NET: Registered PF_XDP protocol family
[    0.392194] PCI: CLS 0 bytes, default 64
[    0.392506] Trying to unpack rootfs image as initramfs...
[    0.408653] hw perfevents: enabled with armv8_pmuv3 PMU driver, 7 counters available
[    0.409094] kvm [1]: HYP mode not available
[    0.409548] Initialise system trusted keyrings
[    0.414923] workingset: timestamp_bits=46 max_order=22 bucket_order=0
[    0.416199] fuse: init (API version 7.36)
[    0.426783] Key type asymmetric registered
[    0.431730] Asymmetric key parser 'x509' registered
[    0.437519] Block layer SCSI generic (bsg) driver version 0.4 loaded (major 238)
[    0.437529] io scheduler mq-deadline registered
[    0.437531] io scheduler kyber registered
[    0.437555] io scheduler bfq registered
[    0.445289] brd: module loaded
[    0.448403] loop: module loaded
[    0.449418] wireguard: WireGuard 1.0.0 loaded. See www.wireguard.com for information.
[    0.449421] wireguard: Copyright (C) 2015-2019 Jason A. Donenfeld <Jason@zx2c4.com>. All Rights Reserved.
[    0.449519] MACsec IEEE 802.1AE
[    0.449630] tun: Universal TUN/TAP device driver, 1.6
[    0.449688] CAN device driver interface
[    0.449689] PPP generic driver version 2.4.2
[    0.449720] PPP BSD Compression module registered
[    0.449721] PPP Deflate Compression module registered
[    0.449733] PPP MPPE Compression module registered
[    0.449735] NET: Registered PF_PPPOX protocol family
[    0.449736] PPTP driver version 0.8.5
[    0.449845] usbcore: registered new interface driver rtl8150
[    0.449849] usbcore: registered new device driver r8152-cfgselector
[    0.449854] usbcore: registered new interface driver r8152
[    0.449862] usbcore: registered new interface driver asix
[    0.449867] usbcore: registered new interface driver ax88179_178a
[    0.449873] usbcore: registered new interface driver cdc_ether
[    0.449877] usbcore: registered new interface driver cdc_eem
[    0.449884] usbcore: registered new interface driver cdc_ncm
[    0.449890] usbcore: registered new interface driver aqc111
[    0.449893] usbcore: registered new interface driver r8153_ecm
[    0.450383] ehci_hcd: USB 2.0 'Enhanced' Host Controller (EHCI) Driver
[    0.450390] ehci-pci: EHCI PCI platform driver
[    0.450401] ehci-platform: EHCI generic platform driver
[    0.450766] usbcore: registered new interface driver cdc_acm
[    0.450768] cdc_acm: USB Abstract Control Model driver for USB modems and ISDN adapters
[    0.450934] usbcore: registered new interface driver uas
[    0.450944] usbcore: registered new interface driver usb-storage
[    0.450963] usbcore: registered new interface driver ch341
[    0.450967] usbserial: USB Serial support registered for ch341-uart
[    0.450972] usbcore: registered new interface driver cp210x
[    0.450975] usbserial: USB Serial support registered for cp210x
[    0.451040] usbcore: registered new interface driver xpad
[    0.451142] usbcore: registered new interface driver uvcvideo
[    0.451144] gspca_main: v2.14.0 registered
[    0.451566] device-mapper: uevent: version 1.0.3
[    0.451633] device-mapper: ioctl: 4.45.0-ioctl (2021-03-22) initialised: dm-devel@redhat.com
[    0.451783] Bluetooth: HCI UART driver ver 2.3
[    0.451786] Bluetooth: HCI UART protocol H4 registered
[    0.451790] Bluetooth: HCI UART protocol LL registered
[    0.451857] Bluetooth: HCI UART protocol Broadcom registered
[    0.451861] Bluetooth: HCI UART protocol QCA registered
[    0.452439] sdhci: Secure Digital Host Controller Interface driver
[    0.452442] sdhci: Copyright(c) Pierre Ossman
[    0.452443] sdhci-pltfm: SDHCI platform and OF driver helper
[    0.452669] SMCCC: SOC_ID: ARCH_SOC_ID not implemented, skipping ....
[    0.452679] hid: raw HID events driver (C) Jiri Kosina
[    0.452930] usbcore: registered new interface driver usbhid
[    0.452932] usbhid: USB HID core driver
[    0.453014] ashmem: initialized
[    0.453309] gnss: GNSS driver registered with major 507
[    0.455491] usbcore: registered new interface driver snd-usb-audio
[    0.455765] GACT probability NOT on
[    0.455774] Mirror/redirect action on
[    0.455781] netem: version 1.3
[    0.455798] u32 classifier
[    0.455800]     input device check on
[    0.455801]     Actions configured
[    0.456439] xt_time: kernel timezone is -0000
[    0.456474] ipip: IPv4 and MPLS over IPv4 tunneling driver
[    0.456579] gre: GRE over IPv4 demultiplexor driver
[    0.456580] ip_gre: GRE over IPv4 tunneling driver
[    0.456729] IPv4 over IPsec tunneling driver
[    0.456796] Initializing XFRM netlink socket
[    0.456801] IPsec XFRM device driver
[    0.456881] NET: Registered PF_INET6 protocol family
[    0.457673] Segment Routing with IPv6
[    0.457677] In-situ OAM (IOAM) with IPv6
[    0.457705] mip6: Mobile IPv6
[    0.457813] sit: IPv6, IPv4 and MPLS over IPv4 tunneling driver
[    0.457937] ip6_gre: GRE over IPv6 tunneling driver
[    0.458004] NET: Registered PF_PACKET protocol family
[    0.458009] NET: Registered PF_KEY protocol family
[    0.458026] can: controller area network core
[    0.458046] NET: Registered PF_CAN protocol family
[    0.458048] can: raw protocol
[    0.458050] can: broadcast manager protocol
[    0.458052] can: netlink gateway - max_hops=1
[    0.458388] Bluetooth: RFCOMM TTY layer initialized
[    0.458390] Bluetooth: RFCOMM socket layer initialized
[    0.458395] Bluetooth: RFCOMM ver 1.11
[    0.458398] Bluetooth: HIDP (Human Interface Emulation) ver 1.2
[    0.458400] Bluetooth: HIDP socket layer initialized
[    0.458407] l2tp_core: L2TP core driver, V2.0
[    0.458410] l2tp_ppp: PPPoL2TP kernel driver, V2.0
[    0.458410] 8021q: 802.1Q VLAN Support v1.8
[    0.458415] tipc: Activated (version 2.0.0)
[    0.458448] NET: Registered PF_TIPC protocol family
[    0.458475] tipc: Started in single node mode
[    0.458510] NET: Registered PF_IEEE802154 protocol family
[    0.458609] NET: Registered PF_VSOCK protocol family
[    0.458925] registered taskstats version 1
[    0.458929] Loading compiled-in X.509 certificates
[    0.465420] cryptomgr_probe (121) used greatest stack depth: 14464 bytes left
[    0.465698] Loaded X.509 cert 'Build time autogenerated kernel key: 07207705fd52950257fa9f97f3a4c8d5ec63301e'
[    0.482524] Key type .fscrypt registered
[    0.487311] Key type fscrypt-provisioning registered
[    0.493211] pstore: Invalid compression size for deflate: 0
[    0.504113] ALSA device list:
[    0.504117]   No soundcards found.
[    0.533939] Freeing initrd memory: 40472K
[    0.533995] Warning: unable to open an initial console.
[    0.540504] Freeing unused kernel memory: 2432K
[    0.566249] Run /init as init process
[    0.566254]   with arguments:
[    0.566257]     /init
[    0.566258]   with environment:
[    0.566259]     HOME=/
[    0.566261]     TERM=linux
[    0.566263]     apparmor=1
[    0.573272] systemd[1]: System time before build time, advancing clock.
[    0.573859] systemd[1]: Failed to find module 'autofs4'
[    0.581189] systemd[1]: systemd 249.11-0ubuntu3.12 running in system mode (+PAM +AUDIT +SELINUX +APPARMOR +IMA +SMACK +SECCOMP +GCRYPT +GNUTLS +OPENSSL +ACL +BLKID +CURL +ELFUTILS +FIDO2 +IDN2 -IDN +IPTC +KMOD +LIBCRYPTSETUP +LIBFDISK +PCRE2 -PWQUALITY -P11KIT -QRENCODE +BZIP2 +LZ4 +XZ +ZLIB +ZSTD -XKBCOMMON +UTMP +SYSVINIT default-hierarchy=unified)
[    0.581378] systemd[1]: Detected virtualization vm-other.
[    0.581383] systemd[1]: Detected architecture arm64.
[    0.581385] systemd[1]: Running in initial RAM disk.
[    0.581540] systemd[1]: Hostname set to <kalama>.
[    0.605869] systemd-hiberna (129) used greatest stack depth: 12688 bytes left
[    0.606169] systemd-debug-g (125) used greatest stack depth: 12464 bytes left
[    0.616364] systemd-gpt-aut (128) used greatest stack depth: 12352 bytes left
[    0.650891] systemd[1]: Queued start job for default target Initrd Default Target.
[    0.651781] systemd[1]: Created slice Slice /system/modprobe.
[    0.651920] systemd[1]: Started Dispatch Password Requests to Console Directory Watch.
[    0.651964] systemd[1]: Starting of Arbitrary Executable File Formats File System Automount Point unsupported.
[    0.663000] systemd[1]: Reached target Local Encrypted Volumes.
[    0.663023] systemd[1]: Reached target Initrd /usr File System.
[    0.663041] systemd[1]: Reached target Path Units.
[    0.663056] systemd[1]: Reached target Remote Encrypted Volumes.
[    0.663072] systemd[1]: Reached target Remote Verity Protected Volumes.
[    0.663085] systemd[1]: Reached target Slice Units.
[    0.663100] systemd[1]: Reached target Swaps.
[    0.663116] systemd[1]: Reached target Local Verity Protected Volumes.
[    0.663179] systemd[1]: Listening on initctl Compatibility Named Pipe.
[    0.663361] systemd[1]: Listening on Journal Audit Socket.
[    0.663472] systemd[1]: Listening on Journal Socket (/dev/log).
[    0.663591] systemd[1]: Listening on Journal Socket.
[    0.663711] systemd[1]: Listening on Network Service Netlink Socket.
[    0.663837] systemd[1]: Listening on udev Control Socket.
[    0.663931] systemd[1]: Listening on udev Kernel Socket.
[    0.663946] systemd[1]: Reached target Socket Units.
[    0.664030] systemd[1]: Condition check resulted in Huge Pages File System being skipped.
[    0.664104] systemd[1]: Condition check resulted in POSIX Message Queue File System being skipped.
[    0.664809] systemd[1]: Mounting Kernel Debug File System...
[    0.665779] systemd[1]: Mounting Kernel Trace File System...
[    0.667395] systemd[1]: Starting Journal Service...
[    0.667438] systemd[1]: Condition check resulted in Create List of Static Device Nodes being skipped.
[    0.668029] systemd[1]: Starting Create symlink to load modules listed in 'lib/modules/(uname -r)/modules.load'...
[    0.668641] systemd[1]: Starting Load Kernel Module configfs...
[    0.669208] systemd[1]: Starting Load Kernel Module efi_pstore...
[    0.669836] systemd[1]: Starting Load Kernel Module fuse...
[    0.670423] systemd[1]: Starting Generate network units from Kernel command line...
[    0.670466] systemd[1]: Condition check resulted in Load/Save Random Seed being skipped.
[    0.670519] systemd[1]: Condition check resulted in First Boot Complete being skipped.
[    0.670577] systemd[1]: Condition check resulted in Create System Users being skipped.
[    0.671106] systemd[1]: Starting Create Static Device Nodes in /dev...
[    0.671611] systemd[1]: Starting Coldplug All udev Devices...
[    0.672432] systemd[1]: Mounted Kernel Debug File System.
[    0.672526] systemd[1]: Mounted Kernel Trace File System.
[    0.672712] systemd[1]: modprobe@configfs.service: Deactivated successfully.
[    0.672918] systemd[1]: Finished Load Kernel Module configfs.
[    0.673191] systemd[1]: modprobe@fuse.service: Deactivated successfully.
[    0.673376] systemd[1]: Finished Load Kernel Module fuse.
[    0.673999] systemd[1]: Mounting FUSE Control File System...
[    0.674611] systemd[1]: Mounting Kernel Configuration File System...
[    0.674957] systemd[1]: Finished Generate network units from Kernel command line.
[    0.675066] systemd[1]: Reached target Preparation for Network.
[    0.675924] systemd[1]: Mounted FUSE Control File System.
[    0.675946] ln (139) used greatest stack depth: 12064 bytes left
[    0.676314] systemd[1]: Finished Create symlink to load modules listed in 'lib/modules/(uname -r)/modules.load'.
[    0.676517] systemd[1]: modprobe@efi_pstore.service: Deactivated successfully.
[    0.676717] systemd[1]: Finished Load Kernel Module efi_pstore.
[    0.676998] systemd[1]: Finished Create Static Device Nodes in /dev.
[    0.677095] systemd[1]: Mounted Kernel Configuration File System.
[    0.677141] systemd[1]: Reached target Local File Systems.
[    0.677217] systemd[1]: Condition check resulted in Set Up Additional Binary Formats being skipped.
[    0.677235] systemd[1]: Condition check resulted in Store a System Token in an EFI Variable being skipped.
[    0.677254] systemd[1]: Condition check resulted in Commit a transient machine-id on disk being skipped.
[    0.677845] systemd[1]: Starting Load Kernel Modules...
[    0.677901] systemd[1]: Condition check resulted in Platform Persistent Storage Archival being skipped.
[    0.677996] systemd[1]: Condition check resulted in Merge System Extension Images into /usr/ and /opt/ being skipped.
[    0.679886] systemd[1]: Starting Rule-based Manager for Device Events and Files...
[    0.684732] qcom_scm: module verification failed: signature and/or required key missing - tainting kernel
[    0.697502] qcom-scm: __get_convention: qcom_scm: convention: smc arm 64
[    0.698515] qtee shmbridge registered default bridge with size 4194304 bytes
[    0.707590] shmbridge is enabled
[    0.710257] systemd[1]: Started Journal Service.
[    0.713056] qcom-scm: scm_mem_protection_init_do: SCM call failed 0, resp 7
[    0.720956] MEM protection Not enabled, 7
[    0.728328] qcom_dma_iommu soc:dma_dev: assigned reserved memory node linux,cma
[    0.730818] DMA preallocated 2048 KiB GFP_KERNEL pool for atomic allocations
[    0.749093] platform 16f0000.anoc_1_qtb: TBU failed probe, QSMMUV500 cannot continue!
[    0.760527] platform 16f0000.anoc_1_qtb: TBU failed probe, QSMMUV500 cannot continue!
[    0.775119] platform 16f0000.anoc_1_qtb: TBU failed probe, QSMMUV500 cannot continue!
[    0.789547] Minidump: Enabled with max number of regions 200
[    0.790574] platform 16f0000.anoc_1_qtb: TBU failed probe, QSMMUV500 cannot continue!
[    0.790699] v0.16, id=603, ver=2.0, raw_id=594, raw_ver=2, hw_plat=31, hw_plat_ver=131073
                accessory_chip=0, hw_plat_subtype=2, pmic_model=65610, pmic_die_revision=131073 foundry_id=1 serial_number=2844896736 num_pmics=8 chip_family=0x7f raw_device_family=0xa raw_device_number=0x3 nproduct_id=0x437 num_clusters=0x1 ncluster_array_offset=0xc0 num_subset_parts=0x11 nsubset_parts_array_offset=0xc4 nmodem_supported=0x0 feature_code=0x3 pcode=0x2 sku=QCS_KALAMAP-2-AC
[    0.800930] platform 16f0000.anoc_1_qtb: TBU failed probe, QSMMUV500 cannot continue!
[    0.810924] platform 16f0000.anoc_1_qtb: TBU failed probe, QSMMUV500 cannot continue!
[    0.835152] platform 16f0000.anoc_1_qtb: TBU failed probe, QSMMUV500 cannot continue!
[    0.846647] platform 16f0000.anoc_1_qtb: TBU failed probe, QSMMUV500 cannot continue!
[    0.861121] platform 16f0000.anoc_1_qtb: TBU failed probe, QSMMUV500 cannot continue!
[    0.877919] platform 16f0000.anoc_1_qtb: TBU failed probe, QSMMUV500 cannot continue!
[    0.894678] platform 16f0000.anoc_1_qtb: TBU failed probe, QSMMUV500 cannot continue!
[    0.905897] platform 16f0000.anoc_1_qtb: TBU failed probe, QSMMUV500 cannot continue!
[    0.923140] platform 16f0000.anoc_1_qtb: TBU failed probe, QSMMUV500 cannot continue!
[    0.957795] msm-dcc 100ff000.dcc_v2: DCC list passed 4
[    0.958163] msm-dcc 100ff000.dcc_v2: All values written to enable.
[    0.958402] msm-dcc 100ff000.dcc_v2: DCC list passed 6
[    0.959615] msm-dcc 100ff000.dcc_v2: All values written to enable.
[    0.961374] platform 16f0000.anoc_1_qtb: TBU failed probe, QSMMUV500 cannot continue!
[    0.975390] gh_msgq: Registered client for label: 0
[    0.976427] platform 16f0000.anoc_1_qtb: TBU failed probe, QSMMUV500 cannot continue!
[    0.987088] gh-watchdog hypervisor:qcom,gh-watchdog: QCOM Apps Watchdog Initialized
[    0.987766] platform 16f0000.anoc_1_qtb: TBU failed probe, QSMMUV500 cannot continue!
[    0.997613] gh_virtio_backend: Recognized VM 'trustedvm' shmem_addr 00000000f78f8000 shmem_size 108000
[    0.997619] gh_virtio_backend: trustedvm: Recognized virtio backend device with label 11
[    0.997643] gh_virtio_backend: trustedvm: Recognized virtio backend device with label 10
[    0.997706] gh_secure_vm_loader soc:gh-secure-vm-loader@1: assigned reserved memory node oem_vm_region@f7c00000
[    0.997765] gh_virtio_backend: Recognized VM 'oemvm' shmem_addr 00000000f7afc000 shmem_size 104000
[    0.997768] gh_virtio_backend: oemvm: Recognized virtio backend device with label 13
[    0.999146] platform 16f0000.anoc_1_qtb: TBU failed probe, QSMMUV500 cannot continue!
[    1.031353] platform 16f0000.anoc_1_qtb: TBU failed probe, QSMMUV500 cannot continue!
[    1.043922] platform 16f0000.anoc_1_qtb: TBU failed probe, QSMMUV500 cannot continue!
[    1.054378] qcom_system_heap_create: DMA-BUF Heap: Created 'qcom,system'
[    1.054486] tcsr_cc-kalama 1fc0000.clock-controller: Registered TCSR CC clocks
[    1.054857] qnoc-kalama soc:interconnect@0: Registered ICC provider
[    1.056128] qnoc-kalama soc:interconnect@1: failed to register ICC provider
[    1.060992] qcom_system_heap_create: DMA-BUF Heap: Created 'system'
[    1.065703] qcom_secure_system_heap_create: DMA-BUF Heap: Created 'qcom,secure-pixel'
[    1.065895] qnoc-kalama 1600000.interconnect: Registered ICC provider
[    1.066245] qnoc-kalama 1500000.interconnect: Registered ICC provider
[    1.066796] arm-scmi soc:qcom,scmi: SCMI Notifications - Core Enabled.
[    1.067037] arm-scmi soc:qcom,scmi: SCMI Protocol v2.0 'Qualcomm:' Firmware version 0x10000
[    1.067098] arm-scmi soc:qcom,scmi: SCMI protocol 129 not implemented
[    1.067203] qcom_secure_system_heap_create: DMA-BUF Heap: Created 'qcom,secure-non-pixel'
[    1.073174] qnoc-kalama 1680000.interconnect: Registered ICC provider
[    1.075364] qnoc-kalama 1700000.interconnect: Registered ICC provider
[    1.076193] platform soc:qcom,dma-heaps:qcom,qseecom: assigned reserved memory node qseecom_region
[    1.076460] qnoc-kalama 1780000.interconnect: failed to register ICC provider
[    1.087926] platform soc:qcom,dma-heaps:qcom,qseecom_ta: assigned reserved memory node qseecom_ta_region
[    1.091824] platform soc:qcom,dma-heaps:qcom,display: assigned reserved memory node non_secure_display_region
[    1.092903] platform 16f0000.anoc_1_qtb: TBU failed probe, QSMMUV500 cannot continue!
[    1.093241] qnoc-kalama 24100000.interconnect: failed to register ICC provider
[    1.106769] platform soc:qcom,dma-heaps:qcom,demura: assigned reserved memory node demura_heap_region
[    1.110020] qnoc-kalama soc:interconnect@1: failed to register ICC provider
[    1.110654] platform soc:qcom,dma-heaps:qcom,secure_cdsp: assigned reserved memory node secure_cdsp_region
[    1.110738] qnoc-kalama 320c0000.interconnect: Registered ICC provider
[    1.111939] qnoc-kalama 7e40000.interconnect: Registered ICC provider
[    1.116257] qnoc-kalama 7400000.interconnect: Registered ICC provider
[    1.116313] qnoc-kalama 7430000.interconnect: Registered ICC provider
[    1.118019] platform soc:qcom,dma-heaps:qcom,user_contig: assigned reserved memory node user_contig_region
[    1.118152] arm-scmi soc:qcom,scmi: version 1.0
[    1.123344] platform soc:qcom,dma-heaps:qcom,sp_hlos: assigned reserved memory node sp_region
[    1.128486] qnoc-kalama 1780000.interconnect: failed to register ICC provider
[    1.136253] platform soc:qcom,dma-heaps:qcom,audio_ml: assigned reserved memory node audio_cma_region
[    1.137053] platform 16f0000.anoc_1_qtb: TBU failed probe, QSMMUV500 cannot continue!
[    1.137094] platform soc:qcom,dma-heaps:qcom,adsp: assigned reserved memory node sdsp_region
[    1.146947] qcom_dma_heap_probe: DMA-BUF Heap: Created qcom,qseecom
[    1.147276] qcom_dma_heap_probe: DMA-BUF Heap: Created qcom,qseecom-ta
[    1.147446] qcom_dma_heap_probe: DMA-BUF Heap: Created qcom,display
[    1.147928] qcom_dma_heap_probe: DMA-BUF Heap: Created qcom,demura
[    1.148572] qnoc-kalama 24100000.interconnect: failed to register ICC provider
[    1.153099] qcom_dma_heap_probe: DMA-BUF Heap: Created qcom,cma-secure-cdsp
[    1.157818] qcom_dma_heap_probe: DMA-BUF Heap: Created qcom,user-contig
[    1.158043] qnoc-kalama soc:interconnect@1: failed to register ICC provider
[    1.161901] qcom_dma_heap_probe: DMA-BUF Heap: Created qcom,sp-hlos
[    1.166735] qcom_dma_heap_probe: DMA-BUF Heap: Created qcom,secure-sp-modem
[    1.167132] qnoc-kalama 1780000.interconnect: failed to register ICC provider
[    1.175002] qcom_dma_heap_probe: DMA-BUF Heap: Created qcom,secure-sp-tz
[    1.176333] platform 16f0000.anoc_1_qtb: TBU failed probe, QSMMUV500 cannot continue!
[    1.177380] qcom_dma_heap_probe: DMA-BUF Heap: Created qcom,audio-ml
[    1.185234] qcom_dma_heap_probe: DMA-BUF Heap: Created qcom,adsp
[    1.192577] qnoc-kalama 24100000.interconnect: failed to register ICC provider
[    1.201904] qnoc-kalama soc:interconnect@1: failed to register ICC provider
[    1.210477] gh_msgq: Registered client for label: 1
[    1.211484] qnoc-kalama 1780000.interconnect: failed to register ICC provider
[    1.211531] spmi spmi-0: PMIC arbiter version v7 (0x70000001)
[    1.219705] platform 16f0000.anoc_1_qtb: TBU failed probe, QSMMUV500 cannot continue!
[    1.237756] qnoc-kalama 24100000.interconnect: failed to register ICC provider
[    1.246193] qnoc-kalama soc:interconnect@1: failed to register ICC provider
[    1.250250] qcom_dload_probe: Current dump mode: 0x10
[    1.255402] spmi spmi-1: PMIC arbiter version v7 (0x70000001)
[    1.255554] qnoc-kalama 1780000.interconnect: failed to register ICC provider
[    1.263826] platform 16f0000.anoc_1_qtb: TBU failed probe, QSMMUV500 cannot continue!
[    1.263933] msm_mem_dump soc:mem_dump: assigned reserved memory node mem_dump_region
[    1.273796] gpio-keys soc:gpio_key: deferred probe timeout, ignoring dependency
[    1.281500] MSM Memory Dump apps data table set up
[    1.285056] [149]: __qmp_rx_worker: RX int without negotiation ack
[    1.302217] qcom-llcc-pmu 24095000.llcc-pmu: Registered llcc_pmu, type: 9
[    1.381861] spmi spmi-0: pmic_arb_wait_for_done: 0xa 0x104: transaction failed (0x3)
[    1.395799] spmi spmi-0: pmic_arb_wait_for_done: 0xc 0x104: transaction failed (0x3)
[    1.421411] NET: Registered PF_QIPCRTR protocol family
[    1.424302] pm_v6e_s1_level: supplied by pm_v6e_s6_mmcx_sup_level
[    1.425758] pm_v8_s5_mmcx_voter_level: supplied by pm_v6e_s1_level
[    1.425820] pm_v8_s5_gfx_voter_level: supplied by pm_v6d_s5_level
[    1.454821] qcom,rpmh-regulator 17a00000.apps_rsc:drv@2:rpmh-regulator-ldob11: supply proxy not found, using dummy regulator
[    1.475467] qcom,rpmh-regulator 17a00000.apps_rsc:drv@2:rpmh-regulator-ldob12: supply proxy not found, using dummy regulator
[    1.575295] rtc-pm8xxx c42d000.qcom,spmi:qcom,pmk8550@0:rtc@6100: registered as rtc0
[    1.575342] rtc-pm8xxx c42d000.qcom,spmi:qcom,pmk8550@0:rtc@6100: setting system clock to 1970-01-01T00:37:48 UTC (2268)
[    1.599462] rpmh_regulator_probe: ldok1: could not find RPMh address for resource
[    1.607892] rpmh_regulator_probe: ldok2: could not find RPMh address for resource
[    1.616532] rpmh_regulator_probe: ldok3: could not find RPMh address for resource
[    1.624981] rpmh_regulator_probe: ldok4: could not find RPMh address for resource
[    1.633419] rpmh_regulator_probe: ldok5: could not find RPMh address for resource
[    1.641840] rpmh_regulator_probe: ldok6: could not find RPMh address for resource
[    1.650268] rpmh_regulator_probe: ldok7: could not find RPMh address for resource
[    1.658695] rpmh_regulator_probe: ldol3: could not find RPMh address for resource
[    1.667123] rpmh_regulator_probe: ldol4: could not find RPMh address for resource
[    1.675547] rpmh_regulator_probe: ldol5: could not find RPMh address for resource
[    1.683968] rpmh_regulator_probe: ldol6: could not find RPMh address for resource
[    1.692386] rpmh_regulator_probe: ldol7: could not find RPMh address for resource
[    1.700807] rpmh_regulator_probe: ldom1: could not find RPMh address for resource
[    1.709229] rpmh_regulator_probe: ldom2: could not find RPMh address for resource
[    1.717645] rpmh_regulator_probe: ldom3: could not find RPMh address for resource
[    1.726058] rpmh_regulator_probe: ldom4: could not find RPMh address for resource
[    1.734480] rpmh_regulator_probe: ldom5: could not find RPMh address for resource
[    1.742903] rpmh_regulator_probe: ldom6: could not find RPMh address for resource
[    1.751324] rpmh_regulator_probe: ldom7: could not find RPMh address for resource
[    1.759743] rpmh_regulator_probe: ldon1: could not find RPMh address for resource
[    1.768164] rpmh_regulator_probe: ldon2: could not find RPMh address for resource
[    1.776583] rpmh_regulator_probe: ldon3: could not find RPMh address for resource
[    1.785004] rpmh_regulator_probe: ldon4: could not find RPMh address for resource
[    1.793426] rpmh_regulator_probe: ldon5: could not find RPMh address for resource
[    1.801845] rpmh_regulator_probe: ldon6: could not find RPMh address for resource
[    1.810266] rpmh_regulator_probe: ldon7: could not find RPMh address for resource
[    1.833623] systemd-modules (149) used greatest stack depth: 10712 bytes left
[    3.390587] usb_hub0_rest_vreg: supplied by usb_hub0_1p8_vreg
[    3.392165] tmecom-qmp-client soc:qcom,tmecom-qmp-client: tmecom probe success
[    3.413775] gcc-kalama 100000.clock-controller: Registered GCC clocks
[    3.414254] cam_cc_sbi_gdsc: supplied by pm_v8_s5_mmcx_voter_level
[    3.414642] cam_cc_sfe_0_gdsc: supplied by pm_v8_s5_mmcx_voter_level
[    3.415029] cam_cc_sfe_1_gdsc: supplied by pm_v8_s5_mmcx_voter_level
[    3.418342] disp_cc_mdss_core_gdsc: supplied by pm_v6e_s1_level
[    3.419952] disp_cc_mdss_core_int2_gdsc: supplied by pm_v6e_s1_level
[    3.421741] gcc_pcie_0_gdsc: supplied by pm_v6e_s6_level
[    3.422167] gcc_pcie_0_phy_gdsc: supplied by pm_v6e_s3_level
[    3.422575] gcc_pcie_1_gdsc: supplied by pm_v6e_s6_level
[    3.423679] gcc_pcie_1_phy_gdsc: supplied by pm_v6e_s3_level
[    3.424084] gcc_ufs_mem_phy_gdsc: supplied by pm_v6e_s3_level
[    3.424460] gcc_ufs_phy_gdsc: supplied by pm_v6e_s6_level
[    3.425465] gcc_usb3_phy_gdsc: supplied by pm_v6e_s3_level
[    3.426878] gpu_cc_cx_gdsc: supplied by pm_v6e_s6_level
[    3.427699] gpu_cc_gx_gdsc: supplied by pm_v8_s5_gfx_voter_level
[    3.428212] video_cc_mvs0c_gdsc: supplied by pm_v8_s5_mmcx_voter_level
[    3.428698] video_cc_mvs1c_gdsc: supplied by pm_v8_s5_mmcx_voter_level
[    3.443527] cam_cc-kalama ade0000.clock-controller: Registered CAM CC clocks
[    3.445450] video_cc-kalama aaf0000.clock-controller: Registered VIDEO CC clocks
[    3.445910] qnoc-kalama 24100000.interconnect: failed to register ICC provider
[    3.454593] qnoc-kalama soc:interconnect@1: failed to register ICC provider
[    3.462704] qnoc-kalama 16c0000.interconnect: Registered ICC provider
[    3.462927] qnoc-kalama 16e0000.interconnect: Registered ICC provider
[    3.468633] disp_cc-kalama af00000.clock-controller: Registered DISP CC clocks
[    3.468771] mem-offline: System booted with no zone movable memory blocks. Cannot perform memory offlining
[    3.469070] qnoc-kalama 1780000.interconnect: failed to register ICC provider
[    3.477417] platform 16f0000.anoc_1_qtb: TBU failed probe, QSMMUV500 cannot continue!
[    3.511408] gpio-keys soc:gpio_key: deferred probe timeout, ignoring dependency
[    3.513588] cpu cpu0: EM: OPP:307200 is inefficient
[    3.513865] cpu cpu0: EM: created perf domain
[    3.515689] cpu cpu3: EM: created perf domain
[    3.519616] cpu cpu7: EM: created perf domain
[    3.521381] cam_cc_bps_gdsc: supplied by pm_v8_s5_mmcx_voter_level
[    3.521456] core_ctl: Creating CPU group 0
[    3.521461] core_ctl: Init CPU0 state
[    3.521464] core_ctl: Init CPU1 state
[    3.521466] core_ctl: Init CPU2 state
[    3.521500] core_ctl: Creating CPU group 3
[    3.521502] core_ctl: Init CPU3 state
[    3.521504] core_ctl: Init CPU4 state
[    3.521507] core_ctl: Init CPU5 state
[    3.521509] core_ctl: Init CPU6 state
[    3.521525] core_ctl: Creating CPU group 7
[    3.521528] core_ctl: Init CPU7 state
[    3.521774] cam_cc_ife_0_gdsc: supplied by pm_v8_s5_mmcx_voter_level
[    3.523029] cam_cc_ife_1_gdsc: supplied by pm_v8_s5_mmcx_voter_level
[    3.523334] cam_cc_ife_2_gdsc: supplied by pm_v8_s5_mmcx_voter_level
[    3.523622] cam_cc_ipe_0_gdsc: supplied by pm_v8_s5_mmcx_voter_level
[    3.529506] video_cc_mvs0_gdsc: supplied by video_cc_mvs0c_gdsc
[    3.529978] video_cc_mvs1_gdsc: supplied by video_cc_mvs1c_gdsc
[    3.533135] qnoc-kalama 24100000.interconnect: Registered ICC provider
[    3.534051] qnoc-kalama soc:interconnect@1: Registered ICC provider
[    3.534424] qsmmuv500-tbu 16f0000.anoc_1_qtb: Unable to get the transactiontracker-base
[    3.534527] qsmmuv500-tbu 171a000.anoc_2_qtb: Unable to get the transactiontracker-base
[    3.534688] qsmmuv500-tbu 523000.nsp_qtb: Unable to get the transactiontracker-base
[    3.534788] qsmmuv500-tbu 503000.lpass_qtb: Unable to get the transactiontracker-base
[    3.534893] qsmmuv500-tbu 16cd000.pcie_qtb: Unable to get the transactiontracker-base
[    3.543413] qnoc-kalama 1780000.interconnect: Registered ICC provider
[    3.543705] platform 17d2000.cam_hf_qtb: TBU failed probe, QSMMUV500 cannot continue!
[    3.553199] gpio-keys soc:gpio_key: deferred probe timeout, ignoring dependency
[    3.553472] qcom-bwmon: Zone thres larger than hw limit: hi:267 med:400 lo:0
[    3.554119] cam_cc_titan_top_gdsc: supplied by pm_v8_s5_mmcx_voter_level
[    3.556045] qsmmuv500-tbu 17d2000.cam_hf_qtb: Unable to get the transactiontracker-base
[    3.556194] qsmmuv500-tbu 17d1000.sf_qtb: Unable to get the transactiontracker-base
[    3.556310] qsmmuv500-tbu 17d0000.mdp_hf_qtb: Unable to get the transactiontracker-base
[    3.557277] arm-smmu 15000000.apps-smmu: probing hardware configuration...
[    3.557280] arm-smmu 15000000.apps-smmu: SMMUv2 with:
[    3.557297] arm-smmu 15000000.apps-smmu: 	stage 1 translation
[    3.557299] arm-smmu 15000000.apps-smmu: 	coherent table walk
[    3.557301] arm-smmu 15000000.apps-smmu: 	stream matching with 105 register groups
[    3.557310] arm-smmu 15000000.apps-smmu: 	70 context banks (0 stage-2 only)
[    3.557336] arm-smmu 15000000.apps-smmu: 	Supported page sizes: 0x61311000
[    3.557338] arm-smmu 15000000.apps-smmu: 	Stage-1: 36-bit VA -> 36-bit IPA
[    3.560706] gpio-keys soc:gpio_key: deferred probe timeout, ignoring dependency
[    3.560916] geni_se_qup ac0000.qcom,qupv3_1_geni_se: Adding to iommu group 0
[    3.564794] a9c000.qcom,qup_uart: ttyMSM0 at MMIO 0xa9c000 (irq = 368, base_baud = 0) is a MSM
[    3.571715] printk: console [ttyMSM0] enabled
[    3.571718] printk: bootconsole [qcom_geni0] disabled
[    3.595876] geni_se_qup 8c0000.qcom,qupv3_2_geni_se: Adding to iommu group 1
[    3.606506] ufshcd-qcom 1d84000.ufshc: Adding to iommu group 2
[    3.609201] ufshcd-qcom 1d84000.ufshc: ufshcd_populate_vreg: unable to find vdd-hba-max-microamp
[    3.609215] ufshcd-qcom 1d84000.ufshc: ufshcd_populate_vreg: Unable to find vccq2-supply regulator, assuming enabled
[    3.614066] ufshcd-qcom 1d84000.ufshc: Found QC Inline Crypto Engine (ICE) v4.0.1
[    3.616018] scsi host0: ufshcd
[    3.626010] gpio-keys soc:gpio_key: deferred probe timeout, ignoring dependency
[    3.626501] sdhci_msm 8804000.sdhci: Adding to iommu group 3
[    3.629482] sdhci_msm 8804000.sdhci: nvmem cell get failed
[    3.629961] sdhci_msm 8804000.sdhci: no qcom,vdd-io-voltage-level property
[    3.629965] sdhci_msm 8804000.sdhci: no qcom,vdd-io-current-level property
[    3.631121] sdhci_msm 8804000.sdhci: TCXO clk not present (-2)
[    3.665109] mmc1: SDHCI controller on 8804000.sdhci [8804000.sdhci] using ADMA 64-bit
[    3.665435] gpio-keys soc:gpio_key: deferred probe timeout, ignoring dependency
[    3.699802] scsi 0:0:0:49488: Well-known LUN    SKhynix  HN8T05DEHKX073   A002 PQ: 0 ANSI: 6
[    3.700724] gpio-keys soc:gpio_key: deferred probe timeout, ignoring dependency
[    3.701909] scsi 0:0:0:49476: Well-known LUN    SKhynix  HN8T05DEHKX073   A002 PQ: 0 ANSI: 6
[    3.705198] scsi 0:0:0:49456: Well-known LUN    SKhynix  HN8T05DEHKX073   A002 PQ: 0 ANSI: 6
[    3.709082] scsi 0:0:0:0: Direct-Access     SKhynix  HN8T05DEHKX073   A002 PQ: 0 ANSI: 6
[    3.710906] scsi 0:0:0:1: Direct-Access     SKhynix  HN8T05DEHKX073   A002 PQ: 0 ANSI: 6
[    3.713525] sd 0:0:0:0: [sda] 30150656 4096-byte logical blocks: (123 GB/115 GiB)
[    3.714060] scsi 0:0:0:2: Direct-Access     SKhynix  HN8T05DEHKX073   A002 PQ: 0 ANSI: 6
[    3.714074] sd 0:0:0:0: [sda] Write Protect is off
[    3.714079] sd 0:0:0:0: [sda] Mode Sense: 00 32 00 10
[    3.714379] sd 0:0:0:0: [sda] Disabling FUA
[    3.714386] sd 0:0:0:0: [sda] Write cache: enabled, read cache: enabled, doesn't support DPO or FUA
[    3.714993] sd 0:0:0:0: [sda] Optimal transfer size 524288 bytes
[    3.715776] sd 0:0:0:1: [sdb] 5120 4096-byte logical blocks: (21.0 MB/20.0 MiB)
[    3.716462] sd 0:0:0:1: [sdb] Write Protect is off
[    3.716465] sd 0:0:0:1: [sdb] Mode Sense: 00 32 00 10
[    3.717156] sd 0:0:0:1: [sdb] Disabling FUA
[    3.717162] sd 0:0:0:1: [sdb] Write cache: disabled, read cache: enabled, doesn't support DPO or FUA
[    3.717295] sd 0:0:0:1: [sdb] Optimal transfer size 524288 bytes
[    3.721026] sd 0:0:0:2: [sdc] 5120 4096-byte logical blocks: (21.0 MB/20.0 MiB)
[    3.721618] sd 0:0:0:2: [sdc] Write Protect is off
[    3.721622] sd 0:0:0:2: [sdc] Mode Sense: 00 32 00 10
[    3.722192] scsi 0:0:0:3: Direct-Access     SKhynix  HN8T05DEHKX073   A002 PQ: 0 ANSI: 6
[    3.722311] sd 0:0:0:2: [sdc] Disabling FUA
[    3.722317] sd 0:0:0:2: [sdc] Write cache: disabled, read cache: enabled, doesn't support DPO or FUA
[    3.722377]  sda: sda1 sda2
[    3.722484] sd 0:0:0:2: [sdc] Optimal transfer size 524288 bytes
[    3.730811]  sdb: sdb1 sdb2 sdb3 sdb4 sdb5
[    3.731500] sd 0:0:0:0: [sda] Attached SCSI disk
[    3.731787] gpio-keys soc:gpio_key: deferred probe timeout, ignoring dependency
[    3.732097]  sdc: sdc1 sdc2 sdc3 sdc4 sdc5
[    3.732757] scsi 0:0:0:4: Direct-Access     SKhynix  HN8T05DEHKX073   A002 PQ: 0 ANSI: 6
[    3.734109] sd 0:0:0:3: [sdd] 8192 4096-byte logical blocks: (33.6 MB/32.0 MiB)
[    3.734217] sd 0:0:0:3: [sdd] Write Protect is off
[    3.734220] sd 0:0:0:3: [sdd] Mode Sense: 00 32 00 10
[    3.734525] sd 0:0:0:3: [sdd] Disabling FUA
[    3.734528] sd 0:0:0:3: [sdd] Write cache: enabled, read cache: enabled, doesn't support DPO or FUA
[    3.734682] sd 0:0:0:3: [sdd] Optimal transfer size 524288 bytes
[    3.738326] scsi 0:0:0:5: Direct-Access     SKhynix  HN8T05DEHKX073   A002 PQ: 0 ANSI: 6
[    3.740187] sd 0:0:0:4: [sde] 1048576 4096-byte logical blocks: (4.29 GB/4.00 GiB)
[    3.740287] sd 0:0:0:4: [sde] Write Protect is off
[    3.740291] sd 0:0:0:4: [sde] Mode Sense: 00 32 00 10
[    3.740996] sd 0:0:0:1: [sdb] Attached SCSI disk
[    3.740998] sd 0:0:0:4: [sde] Disabling FUA
[    3.741005] sd 0:0:0:4: [sde] Write cache: enabled, read cache: enabled, doesn't support DPO or FUA
[    3.741602] sd 0:0:0:4: [sde] Optimal transfer size 524288 bytes
[    3.744009] gpio-keys soc:gpio_key: deferred probe timeout, ignoring dependency
[    3.745841]  sdd: sdd1 sdd2 sdd3
[    3.747940] sd 0:0:0:5: [sdf] 8192 4096-byte logical blocks: (33.6 MB/32.0 MiB)
[    3.748128] sd 0:0:0:5: [sdf] Write Protect is off
[    3.748135] sd 0:0:0:5: [sdf] Mode Sense: 00 32 00 10
[    3.748843] sd 0:0:0:5: [sdf] Disabling FUA
[    3.748847] sd 0:0:0:5: [sdf] Write cache: enabled, read cache: enabled, doesn't support DPO or FUA
[    3.748987] sd 0:0:0:5: [sdf] Optimal transfer size 524288 bytes
[    3.749135] sd 0:0:0:2: [sdc] Attached SCSI disk
[    3.749430] gpio-keys soc:gpio_key: deferred probe timeout, ignoring dependency
[    3.753129] sd 0:0:0:3: [sdd] Attached SCSI disk
[    3.755121] gpio-keys soc:gpio_key: deferred probe timeout, ignoring dependency
[    3.756561]  sdf: sdf1 sdf2 sdf3 sdf4 sdf5
[    3.764865]  sde: sde1 sde2 sde3 sde4 sde5 sde6 sde7 sde8 sde9 sde10 sde11 sde12 sde13 sde14 sde15 sde16 sde17 sde18 sde19 sde20 sde21 sde22 sde23 sde24 sde25 sde26 sde27 sde28 sde29 sde30 sde31 sde32 sde33 sde34 sde35 sde36 sde37 sde38 sde39 sde40 sde41 sde42 sde43 sde44 sde45 sde46 sde47 sde48 sde49 sde50 sde51 sde52 sde53 sde54 sde55 sde56 sde57 sde58 sde59 sde60 sde61 sde62 sde63 sde64 sde65 sde66 sde67 sde68 sde69 sde70
[    3.768679] sd 0:0:0:5: [sdf] Attached SCSI disk
[    3.768975] gpio-keys soc:gpio_key: deferred probe timeout, ignoring dependency
[    3.781019] sd 0:0:0:4: [sde] Attached SCSI disk
[    3.781428] gpio-keys soc:gpio_key: deferred probe timeout, ignoring dependency
[    4.083445] fsck.ext4 (288) used greatest stack depth: 10384 bytes left
[    4.109089] EXT4-fs (sda2): mounted filesystem with ordered data mode. Opts: (null). Quota mode: none.
[    4.983971] systemd-journald[138]: Received SIGTERM from PID 1 (systemd).
[    5.105483] systemd[1]: System time before build time, advancing clock.
[    5.110150] systemd[1]: Failed to find module 'autofs4'
[    5.118224] systemd[1]: systemd 249.11-0ubuntu3.12 running in system mode (+PAM +AUDIT +SELINUX +APPARMOR +IMA +SMACK +SECCOMP +GCRYPT +GNUTLS +OPENSSL +ACL +BLKID +CURL +ELFUTILS +FIDO2 +IDN2 -IDN +IPTC +KMOD +LIBCRYPTSETUP +LIBFDISK +PCRE2 -PWQUALITY -P11KIT -QRENCODE +BZIP2 +LZ4 +XZ +ZLIB +ZSTD -XKBCOMMON +UTMP +SYSVINIT default-hierarchy=unified)
[    5.118411] systemd[1]: Detected virtualization vm-other.
[    5.118416] systemd[1]: Detected architecture arm64.
[    5.137903] systemd-cryptse (324) used greatest stack depth: 10320 bytes left
[    5.204796] systemd[1]: /lib/systemd/system/rmt_storage.service:9: Special user nobody configured, this is not safe!
[    5.238754] systemd[1]: /lib/systemd/system/perf-hal.service:10: Unknown key name 'Require' in section 'Unit', ignoring.
[    5.240759] systemd[1]: Configuration file /etc/systemd/system/init_display.service is marked executable. Please remove executable permission bits. Proceeding anyway.
[    5.243924] systemd[1]: Configuration file /lib/systemd/system/eva.service is marked executable. Please remove executable permission bits. Proceeding anyway.
[    5.383448] systemd[1]: initrd-switch-root.service: Deactivated successfully.
[    5.383791] systemd[1]: Stopped Switch Root.
[    5.396377] systemd[1]: systemd-journald.service: Scheduled restart job, restart counter is at 1.
[    5.396756] systemd[1]: Created slice Slice /system/serial-getty.
[    5.408602] systemd[1]: Created slice User and Session Slice.
[    5.420221] systemd[1]: Started Dispatch Password Requests to Console Directory Watch.
[    5.432204] systemd[1]: Started Forward Password Requests to Wall Directory Watch.
[    5.444164] systemd[1]: Starting of Arbitrary Executable File Formats File System Automount Point unsupported.
[    5.456348] systemd[1]: Reached target Local Encrypted Volumes.
[    5.468122] systemd[1]: Stopped target Switch Root.
[    5.476113] systemd[1]: Stopped target Initrd File Systems.
[    5.488169] systemd[1]: Stopped target Initrd Root File System.
[    5.500143] systemd[1]: Reached target Remote Encrypted Volumes.
[    5.512130] systemd[1]: Reached target Remote File Systems.
[    5.524128] systemd[1]: Reached target Remote Verity Protected Volumes.
[    5.536173] systemd[1]: Reached target Slice Units.
[    5.544130] systemd[1]: Reached target Swaps.
[    5.552148] systemd[1]: Reached target System Time Set.
[    5.564142] systemd[1]: Reached target Local Verity Protected Volumes.
[    5.576186] systemd[1]: Listening on initctl Compatibility Named Pipe.
[    5.588164] systemd[1]: systemd-networkd.socket: Socket service systemd-networkd.service not loaded, refusing.
[    5.599186] systemd[1]: Failed to listen on Network Service Netlink Socket.
[    5.632802] systemd[1]: Listening on udev Control Socket.
[    5.644266] systemd[1]: Listening on udev Kernel Socket.
[    5.656291] systemd[1]: Condition check resulted in Huge Pages File System being skipped.
[    5.656351] systemd[1]: Condition check resulted in POSIX Message Queue File System being skipped.
[    5.656391] systemd[1]: Stopped Journal Service.
[    5.664294] systemd[1]: Listening on Syslog Socket.
[    5.675102] systemd[1]: Starting Journal Service...
[    5.681020] systemd[1]: Starting Create binderfs for binder usage...
[    5.689469] systemd[1]: Started irsc-util Service.
[    5.697738] systemd[1]: Starting Set the console keyboard layout...
[    5.708224] systemd[1]: Condition check resulted in Create List of Static Device Nodes being skipped.
[    5.708275] systemd[1]: linkmodulesload.service: Deactivated successfully.
[    5.708329] irsc_util (337) used greatest stack depth: 10256 bytes left
[    5.708402] systemd[1]: Stopped linkmodulesload.service.
[    5.721509] systemd[1]: Starting Load Kernel Module configfs...
[    5.729509] systemd[1]: Starting Load Kernel Module drm...
[    5.737205] systemd[1]: Starting Load Kernel Module efi_pstore...
[    5.749202] systemd[1]: Starting Load Kernel Module fuse...
[    5.757089] systemd[1]: Starting Create workdirs for overlayfs usage...
[    5.769336] systemd[1]: Started qrtr-ns Service.
[    5.777648] systemd[1]: Started Set SLOT_SUFFIX in systemd environment.
[    5.788346] systemd[1]: systemd-fsck-root.service: Deactivated successfully.
[    5.788496] systemd[1]: Stopped File System Check on Root Device.
[    5.802560] systemd[1]: Starting Load Kernel Modules...
[    5.809458] systemd[1]: Starting Generate network units from Kernel command line...
[    5.821600] systemd[1]: Starting Remount Root and Kernel File Systems...
[    5.833736] systemd[1]: Starting Coldplug All udev Devices...
[    5.837885] gpio-keys soc:gpio_key: deferred probe timeout, ignoring dependency
[    5.839123] gpio-keys soc:gpio_key: deferred probe timeout, ignoring dependency
[    5.842321] systemd[1]: Started Staring tftp server.
[    5.847992] usbcore: registered new interface driver ax_usb_nic
[    5.850645] systemd[1]: Started Journal Service.
[    5.852704] gpio-keys soc:gpio_key: deferred probe timeout, ignoring dependency
[    5.857522] gpio-keys soc:gpio_key: deferred probe timeout, ignoring dependency
[    5.859683] gpio-keys soc:gpio_key: deferred probe timeout, ignoring dependency
[    5.862100] mpm_hr_counter: can't find DT node
[    5.862106] KPI: Bootloader start count = 67465
[    5.862110] KPI: Bootloader end count = 90006
[    5.862113] KPI: Bootloader load kernel count = 1670
[    5.862118] KPI: Kernel MPM timestamp = 300765
[    5.862119] KPI: Kernel MPM Clock frequency = 32768
[    5.863893] cdsp-loader soc:qcom,msm-cdsp-loader: cdsp_loader_probe: rproc not found
[    5.875513] cdsprm: Init successful
[    5.898335] cfg80211: Loading compiled-in X.509 certificates for regulatory database
[    5.898683] cfg80211: Loaded X.509 cert 'sforshee: 00b28ddf47aef9cea7'
[    5.898816] cfg80211: Loaded X.509 cert 'wens: 61c038651aabdcf94bd0ac7ff06c7248db18c600'
[    5.900373] platform regulatory.0: Direct firmware load for regulatory.db failed with error -2
[    5.900381] cfg80211: failed to load regulatory.db
[    5.905221] keyboard-setup. (338) used greatest stack depth: 9232 bytes left
[    5.909520] msm_hang_detect_probe: Missing cluster-id.
[    5.915955] gpio-keys soc:gpio_key: deferred probe timeout, ignoring dependency
[    5.916416] cdsp-loader soc:qcom,msm-cdsp-loader: cdsp_loader_probe: rproc not found
[    5.925948]  cs_system_cfg: CoreSight Configuration manager initialised
[    5.929256] coresight-csr 10001000.csr: CSR initialized: coresight-csr
[    5.929366] coresight-csr 10b11000.csr: CSR initialized: coresight-swao-csr
[    5.929594] gpio-keys soc:gpio_key: deferred probe timeout, ignoring dependency
[    5.930014] cdsp-loader soc:qcom,msm-cdsp-loader: cdsp_loader_probe: rproc not found
[    5.940982] coresight coresight-cti-qc_cti: CTI initialized
[    5.941114] gpio-keys soc:gpio_key: deferred probe timeout, ignoring dependency
[    5.941524] cdsp-loader soc:qcom,msm-cdsp-loader: cdsp_loader_probe: rproc not found
[    5.942192] coresight coresight-cti-cti0: CTI initialized
[    5.950497] gpio-keys soc:gpio_key: deferred probe timeout, ignoring dependency
[    5.950867] cdsp-loader soc:qcom,msm-cdsp-loader: cdsp_loader_probe: rproc not found
[    5.950966] coresight coresight-cti-dlmm_cti0: CTI initialized
[    5.959879] gpio-keys soc:gpio_key: deferred probe timeout, ignoring dependency
[    5.960230] coresight coresight-cti-ddr_dl_0_cti_0: CTI initialized
[    5.960268] cdsp-loader soc:qcom,msm-cdsp-loader: cdsp_loader_probe: rproc not found
[    5.972913] gpio-keys soc:gpio_key: deferred probe timeout, ignoring dependency
[    5.972987] coresight coresight-cti-ddr_ch02_dl_cti_0: CTI initialized
[    5.973196] cdsp-loader soc:qcom,msm-cdsp-loader: cdsp_loader_probe: rproc not found
[    5.974203] coresight coresight-cti-ddr_ch13_dl_cti_0: CTI initialized
[    5.982990] gpio-keys soc:gpio_key: deferred probe timeout, ignoring dependency
[    5.983265] cdsp-loader soc:qcom,msm-cdsp-loader: cdsp_loader_probe: rproc not found
[    5.983467] coresight coresight-cti-lpass_dl_cti: CTI initialized
[    5.992679] coresight coresight-cti-iris_dl_cti: CTI initialized
[    5.993223] gpio-keys soc:gpio_key: deferred probe timeout, ignoring dependency
[    5.993500] cdsp-loader soc:qcom,msm-cdsp-loader: cdsp_loader_probe: rproc not found
[    5.993871] coresight coresight-cti-mdss_dl_cti: CTI initialized
[    6.005904] gpio-keys soc:gpio_key: deferred probe timeout, ignoring dependency
[    6.006178] cdsp-loader soc:qcom,msm-cdsp-loader: cdsp_loader_probe: rproc not found
[    6.006404] coresight coresight-cti-turing_dl_cti_0: CTI initialized
[    6.017084] gpio-keys soc:gpio_key: deferred probe timeout, ignoring dependency
[    6.017670] cdsp-loader soc:qcom,msm-cdsp-loader: cdsp_loader_probe: rproc not found
[    6.017721] coresight coresight-cti-turing_q6_cti: CTI initialized
[    6.026545] gpio-keys soc:gpio_key: deferred probe timeout, ignoring dependency
[    6.026820] cdsp-loader soc:qcom,msm-cdsp-loader: cdsp_loader_probe: rproc not found
[    6.026914] coresight coresight-cti-swao_cti: CTI initialized
[    6.039887] gpio-keys soc:gpio_key: deferred probe timeout, ignoring dependency
[    6.040190] cdsp-loader soc:qcom,msm-cdsp-loader: cdsp_loader_probe: rproc not found
[    6.040323] coresight coresight-cti-ddr_dl_1_cti_0: CTI initialized
[    6.049780] gpio-keys soc:gpio_key: deferred probe timeout, ignoring dependency
[    6.050054] cdsp-loader soc:qcom,msm-cdsp-loader: cdsp_loader_probe: rproc not found
[    6.050076] coresight coresight-cti-apss_cti0: CTI initialized
[    6.058937] gpio-keys soc:gpio_key: deferred probe timeout, ignoring dependency
[    6.059212] cdsp-loader soc:qcom,msm-cdsp-loader: cdsp_loader_probe: rproc not found
[    6.059340] coresight coresight-cti-apss_cti1: CTI initialized
[    6.068146] gpio-keys soc:gpio_key: deferred probe timeout, ignoring dependency
[    6.068425] cdsp-loader soc:qcom,msm-cdsp-loader: cdsp_loader_probe: rproc not found
[    6.068479] coresight coresight-cti-apss_cti2: CTI initialized
[    6.077337] gpio-keys soc:gpio_key: deferred probe timeout, ignoring dependency
[    6.077613] cdsp-loader soc:qcom,msm-cdsp-loader: cdsp_loader_probe: rproc not found
[    6.077997] coresight coresight-cti-mss_q6_cti: CTI initialized
[    6.089254] gpio-keys soc:gpio_key: deferred probe timeout, ignoring dependency
[    6.089526] cdsp-loader soc:qcom,msm-cdsp-loader: cdsp_loader_probe: rproc not found
[    6.089742] coresight coresight-cti-modem_tp_cti: CTI initialized
[    6.099040] gpio-keys soc:gpio_key: deferred probe timeout, ignoring dependency
[    6.099422] cdsp-loader soc:qcom,msm-cdsp-loader: cdsp_loader_probe: rproc not found
[    6.099681] coresight coresight-cti-apss_atb_cti: CTI initialized
[    6.108369] gpio-keys soc:gpio_key: deferred probe timeout, ignoring dependency
[    6.108726] cdsp-loader soc:qcom,msm-cdsp-loader: cdsp_loader_probe: rproc not found
[    6.111470] coresight coresight-cti-cpu0: CTI initialized
[    6.117909] gpio-keys soc:gpio_key: deferred probe timeout, ignoring dependency
[    6.118213] coresight coresight-cti-cpu1: CTI initialized
[    6.118266] cdsp-loader soc:qcom,msm-cdsp-loader: cdsp_loader_probe: rproc not found
[    6.129931] gpio-keys soc:gpio_key: deferred probe timeout, ignoring dependency
[    6.130058] coresight coresight-cti-cpu2: CTI initialized
[    6.130321] cdsp-loader soc:qcom,msm-cdsp-loader: cdsp_loader_probe: rproc not found
[    6.137242] coresight coresight-cti-cpu3: CTI initialized
[    6.137455] gpio-keys soc:gpio_key: deferred probe timeout, ignoring dependency
[    6.137822] cdsp-loader soc:qcom,msm-cdsp-loader: cdsp_loader_probe: rproc not found
[    6.139315] coresight coresight-cti-cpu4: CTI initialized
[    6.147931] gpio-keys soc:gpio_key: deferred probe timeout, ignoring dependency
[    6.148328] cdsp-loader soc:qcom,msm-cdsp-loader: cdsp_loader_probe: rproc not found
[    6.148684] coresight coresight-cti-cpu5: CTI initialized
[    6.157501] gpio-keys soc:gpio_key: deferred probe timeout, ignoring dependency
[    6.157719] coresight coresight-cti-cpu6: CTI initialized
[    6.157919] cdsp-loader soc:qcom,msm-cdsp-loader: cdsp_loader_probe: rproc not found
[    6.159193] coresight coresight-cti-cpu7: CTI initialized
[    6.168377] gpio-keys soc:gpio_key: deferred probe timeout, ignoring dependency
[    6.168770] cdsp-loader soc:qcom,msm-cdsp-loader: cdsp_loader_probe: rproc not found
[    6.172459] systemd-journald[335]: Received client request to flush runtime journal.
[    6.182393] coresight-dummy soc:tpdm_lpass_lpi: Dummy device initialized
[    6.182775] coresight-dummy soc:lpass_stm: Dummy device initialized
[    6.183433] coresight-dummy soc:tpdm_turing_llm: Dummy device initialized
[    6.183553] gpio-keys soc:gpio_key: deferred probe timeout, ignoring dependency
[    6.183967] cdsp-loader soc:qcom,msm-cdsp-loader: cdsp_loader_probe: rproc not found
[    6.184110] coresight-dummy soc:snoc: Dummy device initialized
[    6.196530] gpio-keys soc:gpio_key: deferred probe timeout, ignoring dependency
[    6.196878] cdsp-loader soc:qcom,msm-cdsp-loader: cdsp_loader_probe: rproc not found
[    6.196919] coresight-dummy soc:modem_diag: Dummy device initialized
[    6.210102] gpio-keys soc:gpio_key: deferred probe timeout, ignoring dependency
[    6.210305] coresight-dummy soc:tpdm_lpicc: Dummy device initialized
[    6.210515] cdsp-loader soc:qcom,msm-cdsp-loader: cdsp_loader_probe: rproc not found
[    6.219318] systemd-journald[335]: File /var/log/journal/4e8d05ce5ea5467c82decc0103d03533/system.journal corrupted or uncleanly shut down, renaming and replacing.
[    6.222806] coresight-dummy soc:gladiator: Dummy device initialized
[    6.223097] gpio-keys soc:gpio_key: deferred probe timeout, ignoring dependency
[    6.223173] coresight-dummy soc:dummy_sink: Dummy device initialized
[    6.223627] cdsp-loader soc:qcom,msm-cdsp-loader: cdsp_loader_probe: rproc not found
[    6.234181] gpio-keys soc:gpio_key: deferred probe timeout, ignoring dependency
[    6.235221] CSCFG registered coresight-ete0
[    6.235227] coresight coresight-ete0: CPU0: coresight-ete v1.0 initialized
[    6.236087] cdsp-loader soc:qcom,msm-cdsp-loader: cdsp_loader_probe: rproc not found
[    6.236875] CSCFG registered coresight-ete1
[    6.246072] coresight coresight-ete1: CPU1: coresight-ete v1.0 initialized
[    6.247101] gpio-keys soc:gpio_key: deferred probe timeout, ignoring dependency
[    6.247373] CSCFG registered coresight-ete2
[    6.247378] coresight coresight-ete2: CPU2: coresight-ete v1.0 initialized
[    6.247392] cdsp-loader soc:qcom,msm-cdsp-loader: cdsp_loader_probe: rproc not found
[    6.247844] CSCFG registered coresight-ete3
[    6.256108] coresight coresight-ete3: CPU3: coresight-ete v1.0 initialized
[    6.257808] CSCFG registered coresight-ete4
[    6.257812] coresight coresight-ete4: CPU4: coresight-ete v1.0 initialized
[    6.258508] CSCFG registered coresight-ete5
[    6.258512] coresight coresight-ete5: CPU5: coresight-ete v1.0 initialized
[    6.259880] gpio-keys soc:gpio_key: deferred probe timeout, ignoring dependency
[    6.260097] CSCFG registered coresight-ete6
[    6.260102] coresight coresight-ete6: CPU6: coresight-ete v1.0 initialized
[    6.260508] cdsp-loader soc:qcom,msm-cdsp-loader: cdsp_loader_probe: rproc not found
[    6.260995] CSCFG registered coresight-ete7
[    6.274799] coresight coresight-ete7: CPU7: coresight-ete v1.0 initialized
[    6.275191] gpio-keys soc:gpio_key: deferred probe timeout, ignoring dependency
[    6.275620] cdsp-loader soc:qcom,msm-cdsp-loader: cdsp_loader_probe: rproc not found
[    6.289504] gpio-keys soc:gpio_key: deferred probe timeout, ignoring dependency
[    6.289878] cdsp-loader soc:qcom,msm-cdsp-loader: cdsp_loader_probe: rproc not found
[    6.300225] gpio-keys soc:gpio_key: deferred probe timeout, ignoring dependency
[    6.300922] cdsp-loader soc:qcom,msm-cdsp-loader: cdsp_loader_probe: rproc not found
[    6.311777] gpio-keys soc:gpio_key: deferred probe timeout, ignoring dependency
[    6.312731] cdsp-loader soc:qcom,msm-cdsp-loader: cdsp_loader_probe: rproc not found
[    6.323203] gpio-keys soc:gpio_key: deferred probe timeout, ignoring dependency
[    6.323643] cdsp-loader soc:qcom,msm-cdsp-loader: cdsp_loader_probe: rproc not found
[    6.336130] gpio-keys soc:gpio_key: deferred probe timeout, ignoring dependency
[    6.336480] cdsp-loader soc:qcom,msm-cdsp-loader: cdsp_loader_probe: rproc not found
[    6.346104] gpio-keys soc:gpio_key: deferred probe timeout, ignoring dependency
[    6.346451] cdsp-loader soc:qcom,msm-cdsp-loader: cdsp_loader_probe: rproc not found
[    6.363025] gpio-keys soc:gpio_key: deferred probe timeout, ignoring dependency
[    6.363484] cdsp-loader soc:qcom,msm-cdsp-loader: cdsp_loader_probe: rproc not found
[    6.374812] gpio-keys soc:gpio_key: deferred probe timeout, ignoring dependency
[    6.377166] cdsp-loader soc:qcom,msm-cdsp-loader: cdsp_loader_probe: rproc not found
[    6.386299] gpio-keys soc:gpio_key: deferred probe timeout, ignoring dependency
[    6.386687] cdsp-loader soc:qcom,msm-cdsp-loader: cdsp_loader_probe: rproc not found
[    6.398587] gpio-keys soc:gpio_key: deferred probe timeout, ignoring dependency
[    6.399976] cdsp-loader soc:qcom,msm-cdsp-loader: cdsp_loader_probe: rproc not found
[    6.408954] gpio-keys soc:gpio_key: deferred probe timeout, ignoring dependency
[    6.409329] cdsp-loader soc:qcom,msm-cdsp-loader: cdsp_loader_probe: rproc not found
[    6.423134] coresight-remote-etm soc:audio_etm0: Remote ETM initialized
[    6.424231] gpio-keys soc:gpio_key: deferred probe timeout, ignoring dependency
[    6.424900] cdsp-loader soc:qcom,msm-cdsp-loader: cdsp_loader_probe: rproc not found
[    6.425151] coresight-remote-etm soc:turing_etm0: Remote ETM initialized
[    6.434434] gpio-keys soc:gpio_key: deferred probe timeout, ignoring dependency
[    6.434826] coresight-remote-etm soc:modem_etm0: Remote ETM initialized
[    6.435128] cdsp-loader soc:qcom,msm-cdsp-loader: cdsp_loader_probe: rproc not found
[    6.435733] coresight-remote-etm soc:modem2_etm0: Remote ETM initialized
[    6.444966] gpio-keys soc:gpio_key: deferred probe timeout, ignoring dependency
[    6.445348] cdsp-loader soc:qcom,msm-cdsp-loader: cdsp_loader_probe: rproc not found
[    6.459136] gpio-keys soc:gpio_key: deferred probe timeout, ignoring dependency
[    6.459533] cdsp-loader soc:qcom,msm-cdsp-loader: cdsp_loader_probe: rproc not found
[    6.469031] gpio-keys soc:gpio_key: deferred probe timeout, ignoring dependency
[    6.469406] cdsp-loader soc:qcom,msm-cdsp-loader: cdsp_loader_probe: rproc not found
[    6.479405] gpio-keys soc:gpio_key: deferred probe timeout, ignoring dependency
[    6.479790] cdsp-loader soc:qcom,msm-cdsp-loader: cdsp_loader_probe: rproc not found
[    6.490510] coresight coresight-stm: STM32 initialized
[    6.491412] gpio-keys soc:gpio_key: deferred probe timeout, ignoring dependency
[    6.491773] cdsp-loader soc:qcom,msm-cdsp-loader: cdsp_loader_probe: rproc not found
[    6.502303] gpio-keys soc:gpio_key: deferred probe timeout, ignoring dependency
[    6.502654] cdsp-loader soc:qcom,msm-cdsp-loader: cdsp_loader_probe: rproc not found
[    6.511600] gpio-keys soc:gpio_key: deferred probe timeout, ignoring dependency
[    6.511950] cdsp-loader soc:qcom,msm-cdsp-loader: cdsp_loader_probe: rproc not found
[    6.526950] gpio-keys soc:gpio_key: deferred probe timeout, ignoring dependency
[    6.527257] cdsp-loader soc:qcom,msm-cdsp-loader: cdsp_loader_probe: rproc not found
[    6.536868] 88e0000.qcom,msm-eud: ttyEUD0 at MMIO 0x0 (irq = 378, base_baud = 0) is a EUD UART
[    6.539095] gpio-keys soc:gpio_key: deferred probe timeout, ignoring dependency
[    6.539502] cdsp-loader soc:qcom,msm-cdsp-loader: cdsp_loader_probe: rproc not found
[    6.648925] msm-dwc3 a600000.ssusb: IRQ hs_phy_irq not found
[    6.659032] msm-dwc3 a600000.ssusb: unable to get hsphy device
[    6.683798] IPA framework init
[    6.697163] msm_sps_probe: sps:sps is ready
[    6.697635] gpio-keys soc:gpio_key: deferred probe timeout, ignoring dependency
[    6.698031] cdsp-loader soc:qcom,msm-cdsp-loader: cdsp_loader_probe: rproc not found
[    6.709649] msm-dwc3 a600000.ssusb: IRQ hs_phy_irq not found
[    6.717921] msm-dwc3 a600000.ssusb: unable to get hsphy device
[    6.810797] msm_sharedmem: msm_sharedmem_probe: Device created for client 'rmtfs'
[    6.811825] gpio-keys soc:gpio_key: deferred probe timeout, ignoring dependency
[    6.816438] cdsp-loader soc:qcom,msm-cdsp-loader: cdsp_loader_probe: rproc not found
[    6.828613] msm-dwc3 a600000.ssusb: IRQ hs_phy_irq not found
[    6.836295] msm-dwc3 a600000.ssusb: unable to get hsphy device
[    6.839853] coresight-tmc 10048000.tmc: Adding to iommu group 4
[    6.844085] coresight-tmc 10048000.tmc: setting tmc etr sw usb buf size 0x4000000
[    6.848382] coresight-tmc 1004f000.tmc: Adding to iommu group 5
[    6.848669] gpio-keys soc:gpio_key: deferred probe timeout, ignoring dependency
[    6.849189] cdsp-loader soc:qcom,msm-cdsp-loader: cdsp_loader_probe: rproc not found
[    6.849223] tmc_etr_usb_init: ETR usb property is not configured!
[    6.854942] spmi spmi-2: pmic_arb_debug_wait_for_done: transaction failed (0x3)
[    6.855176] spmi spmi-2: pmic_arb_debug_wait_for_done: transaction failed (0x3)
[    6.855326] spmi spmi-2: SPMI PMIC arbiter debug bus controller added
[    6.866249] msm-dwc3 a600000.ssusb: IRQ hs_phy_irq not found
[    6.888583] msm-dwc3 a600000.ssusb: unable to get hsphy device
[    6.897555] gpio-keys soc:gpio_key: deferred probe timeout, ignoring dependency
[    6.898083] cdsp-loader soc:qcom,msm-cdsp-loader: cdsp_loader_probe: rproc not found
[    6.907339] msm-dwc3 a600000.ssusb: IRQ hs_phy_irq not found
[    6.908530] cpu_voltage_cooling:build_unified_table CPU1:7 CPU2:3
[    6.917682] cpu_voltage_cooling:build_unified_table freq1:3187200 freq2:2803200
[    6.917911] cpu_voltage_cooling:build_unified_table freq1:2956800 freq2:2457600
[    6.917916] cpu_voltage_cooling:build_unified_table freq1:2841600 freq2:2323200
[    6.917919] cpu_voltage_cooling:build_unified_table freq1:2726400 freq2:2188800
[    6.917921] cpu_voltage_cooling:build_unified_table freq1:2592000 freq2:2054400
[    6.917923] cpu_voltage_cooling:build_unified_table freq1:2476800 freq2:1920000
[    6.917926] cpu_voltage_cooling:build_unified_table freq1:2342400 freq2:1785600
[    6.917928] cpu_voltage_cooling:build_unified_table freq1:2227200 freq2:1651200
[    6.917930] cpu_voltage_cooling:build_unified_table freq1:2092800 freq2:1536000
[    6.917932] cpu_voltage_cooling:build_unified_table freq1:1977600 freq2:1401600
[    6.917934] cpu_voltage_cooling:build_unified_table freq1:1843200 freq2:1401600
[    6.917936] cpu_voltage_cooling:build_unified_table freq1:1708800 freq2:1286400
[    6.917938] cpu_voltage_cooling:build_unified_table freq1:1593600 freq2:1171200
[    6.917941] cpu_voltage_cooling:build_unified_table freq1:1478400 freq2:1056000
[    6.917943] cpu_voltage_cooling:build_unified_table freq1:1363200 freq2:940800
[    6.917945] cpu_voltage_cooling:build_unified_table freq1:1248000 freq2:940800
[    6.917947] cpu_voltage_cooling:build_unified_table freq1:1132800 freq2:729600
[    6.917949] cpu_voltage_cooling:build_unified_table freq1:998400 freq2:729600
[    6.917951] cpu_voltage_cooling:build_unified_table freq1:864000 freq2:614400
[    6.917953] cpu_voltage_cooling:build_unified_table freq1:729600 freq2:499200
[    6.917956] cpu_voltage_cooling:build_unified_table freq1:595200 freq2:499200
[    6.918755] msm-dwc3 a600000.ssusb: unable to get hsphy device
[    6.938594] gpio-keys soc:gpio_key: deferred probe timeout, ignoring dependency
[    6.940416] cdsp-loader soc:qcom,msm-cdsp-loader: cdsp_loader_probe: rproc not found
[    6.956872] msm-dwc3 a600000.ssusb: IRQ hs_phy_irq not found
[    6.964969] msm-dwc3 a600000.ssusb: unable to get hsphy device
[    6.993556] gpio-keys soc:gpio_key: deferred probe timeout, ignoring dependency
[    6.995962] cdsp-loader soc:qcom,msm-cdsp-loader: cdsp_loader_probe: rproc not found
