[    0.000000] OF: reserved mem: 0x000000009b090000..0x000000009b099fff (40 KiB) nomap non-reusable ipa_gsi_region@9b090000
[    0.000000] OF: reserved mem: 0x000000009b09a000..0x000000009b09bfff (8 KiB) nomap non-reusable gpu_micro_code_region@9b09a000
[    0.000000] OF: reserved mem: 0x000000009b100000..0x000000009b27ffff (1536 KiB) nomap non-reusable spss_region_region@9b100000
[    0.000000] OF: reserved mem: 0x000000009b280000..0x000000009b2dffff (384 KiB) nomap non-reusable spu_tz_shared_mem@9b280000
[    0.000000] OF: reserved mem: 0x000000009b2e0000..0x000000009b2fffff (128 KiB) nomap non-reusable spu_modem_shared_mem@9b2e0000
[    0.000000] OF: reserved mem: 0x000000009b300000..0x000000009bafffff (8192 KiB) nomap non-reusable camera_region@9b300000
[    0.000000] OF: reserved mem: 0x000000009bb00000..0x000000009cafffff (16384 KiB) nomap non-reusable video_region@9bb00000
[    0.000000] OF: reserved mem: 0x000000009cb00000..0x000000009d1fffff (7168 KiB) nomap non-reusable cvp_region@9c200000
[    0.000000] OF: reserved mem: 0x000000009d200000..0x000000009f1fffff (32768 KiB) nomap non-reusable cdsp_region@9c900000
[    0.000000] OF: reserved mem: 0x000000009f200000..0x000000009f27ffff (512 KiB) nomap non-reusable q6_cdsp_dtb_region@9e900000
[    0.000000] OF: reserved mem: 0x000000009f280000..0x000000009f2fffff (512 KiB) nomap non-reusable q6_adsp_dtb_region@9e980000
[    0.000000] OF: reserved mem: 0x000000009f300000..0x00000000a337ffff (66048 KiB) nomap non-reusable adspslpi_region@9ea00000
[    0.000000] OF: reserved mem: 0x00000000b8000000..0x00000000baafffff (44032 KiB) map non-reusable splash_region
[    0.000000] OF: reserved mem: 0x00000000d4d00000..0x00000000d7ffffff (52224 KiB) nomap non-reusable mpss_dsm_region@d4d00000
[    0.000000] OF: reserved mem: 0x00000000d8100000..0x00000000d813ffff (256 KiB) nomap non-reusable xbl_sc_region@d8100000
[    0.000000] OF: reserved mem: 0x00000000d8140000..0x00000000d82fffff (1792 KiB) nomap non-reusable cpucp_fw_region@d8140000
[    0.000000] OF: reserved mem: 0x00000000d8300000..0x00000000d87fffff (5120 KiB) nomap non-reusable qtee_region@d8300000
[    0.000000] OF: reserved mem: 0x00000000e6440000..0x00000000e671cfff (2932 KiB) nomap non-reusable hwfence-shmem
[    0.000000] OF: reserved mem: 0x00000000f3800000..0x00000000f78edfff (66488 KiB) nomap non-reusable trust_ui_vm_region@f3800000
[    0.000000] OF: reserved mem: 0x00000000f78ee000..0x00000000f78eefff (4 KiB) nomap non-reusable trust_ui_vm_dump@0xf78ee000
[    0.000000] OF: reserved mem: 0x00000000f78ef000..0x00000000f78f7fff (36 KiB) nomap non-reusable trust_ui_vm_qrtr@0xf78ef000
[    0.000000] OF: reserved mem: 0x00000000f78f8000..0x00000000f78fbfff (16 KiB) nomap non-reusable trust_ui_vm_vblk0_ring@0xf78f8000
[    0.000000] OF: reserved mem: 0x00000000f78fc000..0x00000000f78fffff (16 KiB) nomap non-reusable trust_ui_vm_vblk1_ring@0xf78fc000
[    0.000000] OF: reserved mem: 0x00000000f7900000..0x00000000f79fffff (1024 KiB) nomap non-reusable trust_ui_vm_swiotlb@0xf7900000
[    0.000000] OF: reserved mem: 0x00000000f7afc000..0x00000000f7afffff (16 KiB) nomap non-reusable oem_vm_vblk0_ring@f7afc000
[    0.000000] OF: reserved mem: 0x00000000f7b00000..0x00000000f7bfffff (1024 KiB) nomap non-reusable oem_vm_swiotlb@f7b00000
[    0.000000] Reserved memory: created CMA memory pool at 0x00000000f7c00000, size 72 MiB
[    0.000000] OF: reserved mem: initialized node oem_vm_region@f7c00000, compatible id shared-dma-pool
[    0.000000] OF: reserved mem: 0x00000000f7c00000..0x00000000fc3fffff (73728 KiB) map reusable oem_vm_region@f7c00000
[    0.000000] OF: reserved mem: 0x00000000ff800000..0x00000000ffdfffff (6144 KiB) nomap non-reusable llcc_lpi_region@ff800000
[    0.000000] Zone ranges:
[    0.000000]   DMA32    empty
[    0.000000]   Normal   [mem 0x0000000080000000-0x0000000affffffff]
[    0.000000] Movable zone start for each node
[    0.000000] Early memory node ranges
[    0.000000]   node   0: [mem 0x0000000080000000-0x0000000080dfffff]
[    0.000000]   node   0: [mem 0x00000000811d0000-0x00000000811fffff]
[    0.000000]   node   0: [mem 0x0000000081200000-0x00000000819fffff]
[    0.000000]   node   0: [mem 0x0000000081a00000-0x0000000081cf4fff]
[    0.000000]   node   0: [mem 0x0000000081cf5000-0x0000000081cfffff]
[    0.000000]   node   0: [mem 0x0000000081d00000-0x0000000081f1ffff]
[    0.000000]   node   0: [mem 0x0000000081f20000-0x00000000825fffff]
[    0.000000]   node   0: [mem 0x0000000082600000-0x00000000827fffff]
[    0.000000]   node   0: [mem 0x0000000082800000-0x000000008a7fffff]
[    0.000000]   node   0: [mem 0x000000008a800000-0x000000009b09bfff]
[    0.000000]   node   0: [mem 0x000000009b09c000-0x000000009b0fffff]
[    0.000000]   node   0: [mem 0x000000009b100000-0x00000000a337ffff]
[    0.000000]   node   0: [mem 0x00000000a3380000-0x00000000d4cfffff]
[    0.000000]   node   0: [mem 0x00000000d4d00000-0x00000000d7ffffff]
[    0.000000]   node   0: [mem 0x00000000d8140000-0x00000000d815ffff]
[    0.000000]   node   0: [mem 0x00000000e1bb0000-0x00000000e643ffff]
[    0.000000]   node   0: [mem 0x00000000e6440000-0x00000000e671cfff]
[    0.000000]   node   0: [mem 0x00000000e671d000-0x00000000f37fffff]
[    0.000000]   node   0: [mem 0x00000000f3800000-0x00000000f79fffff]
[    0.000000]   node   0: [mem 0x00000000f7a00000-0x00000000f7afbfff]
[    0.000000]   node   0: [mem 0x00000000f7afc000-0x00000000f7bfffff]
[    0.000000]   node   0: [mem 0x00000000f7c00000-0x00000000ff7fffff]
[    0.000000]   node   0: [mem 0x00000000ff800000-0x00000000ffdfffff]
[    0.000000]   node   0: [mem 0x00000000ffe00000-0x00000000ffffffff]
[    0.000000]   node   0: [mem 0x0000000880000000-0x00000008b99fffff]
[    0.000000]   node   0: [mem 0x00000008c0000000-0x0000000affffefff]
[    0.000000]   node   0: [mem 0x0000000afffff000-0x0000000affffffff]
[    0.000000] Initmem setup node 0 [mem 0x0000000080000000-0x0000000affffffff]
[    0.000000] On node 0, zone Normal: 976 pages in unavailable ranges
[    0.000000] On node 0, zone Normal: 320 pages in unavailable ranges
[    0.000000] On node 0, zone Normal: 39504 pages in unavailable ranges
[    0.000000] On node 0, zone Normal: 26112 pages in unavailable ranges
[    0.000000] psci: probing for conduit method from DT.
[    0.000000] psci: PSCIv1.1 detected in firmware.
[    0.000000] psci: Using standard PSCI v0.2 function IDs
[    0.000000] psci: MIGRATE_INFO_TYPE not supported.
[    0.000000] psci: SMC Calling Convention v1.3
[    0.000000] psci: OSI mode supported.
[    0.000000] percpu: Embedded 30 pages/cpu s82600 r8192 d32088 u122880
[    0.000000] pcpu-alloc: s82600 r8192 d32088 u122880 alloc=30*4096
[    0.000000] pcpu-alloc: [0] 0 [0] 1 [0] 2 [0] 3 [0] 4 [0] 5 [0] 6 [0] 7 
[    0.000000] Detected PIPT I-cache on CPU0
[    0.000000] CPU features: detected: Branch Target Identification
[    0.000000] CPU features: detected: Address authentication (architected algorithm)
[    0.000000] CPU features: detected: ARM erratum 2457168
[    0.000000] CPU features: detected: GIC system register CPU interface
[    0.000000] CPU features: detected: Hardware dirty bit management
[    0.000000] CPU features: detected: Spectre-v4
[    0.000000] CPU features: kernel page table isolation forced OFF by kpti command line option
[    0.000000] CPU features: detected: Qualcomm erratum 1009, or ARM erratum 1286807, 2441009
[    0.000000] alternatives: patching kernel code
[    0.000000] Built 1 zonelists, mobility grouping on.  Total pages: 3030709
[    0.000000] Kernel command line: kasan.stacktrace=off stack_depot_disable=off page_owner=on no_hash_pointers panic_on_taint=0x20 cgroup_disable=pressure slub_debug=FZP,zs_handle,zspage;FZPU console=ttyMSM0,115200n8 loglevel=6 kpti=0 log_buf_len=256K kernel.panic_on_rcu_stall=1 service_locator.enable=1 msm_rtb.filter=0x237 rcupdate.rcu_expedited=1 rcu_nocbs=0-7 ftrace_dump_on_oops swiotlb=noforce loop.max_part=7 fw_devlink.strict=1 allow_mismatched_32bit_el0 cpufreq.default_governor=performance printk.console_no_auto_verbose=1 kasan=off sysctl.kernel.sched_pelt_multiplier=4 can.stats_timer=0 pcie_ports=compat irqaffinity=0-2 disable_dma32=on no-steal-acc cgroup.memory=nokmem,nosocket slub_debug=- printk.devkmsg=on console=ttyMSM0,115200n8 earlycon=qcom_geni,0x00a9C000 qcom_geni_serial.con_enabled=1 hibernate=nocompress apparmor=1 security=apparmor root=/dev/sda1 androidboot.bootdevice=1d84000.ufshc androidboot.fstab_suffix=default androidboot.serialno=1b026343 androidboot
[    0.000000] cgroup: Disabling pressure control group feature
[    0.000000] mem auto-init: SLAB_POISON will take precedence over init_on_alloc/init_on_free
[    0.000000] Unknown kernel command line parameters "apparmor=1", will be passed to user space.
[    0.000000] printk: log_buf_len: 262144 bytes
[    0.000000] printk: early log buf free: 114040(87%)
[    0.000000] Dentry cache hash table entries: 2097152 (order: 12, 16777216 bytes, linear)
[    0.000000] Inode-cache hash table entries: 1048576 (order: 11, 8388608 bytes, linear)
[    0.000000] mem auto-init: stack:all(zero), heap alloc:on, heap free:off
[    0.000000] Memory: 10707736K/12315264K available (19200K kernel code, 2590K rwdata, 19592K rodata, 1600K init, 6313K bss, 943976K reserved, 663552K cma-reserved)
[    0.000000] SLUB: HWalign=64, Order=0-3, MinObjects=0, CPUs=8, Nodes=1
[    0.000000] kmemleak: Kernel memory leak detector disabled
[    0.000000] trace event string verifier disabled
[    0.000000] rcu: Preemptible hierarchical RCU implementation.
[    0.000000] rcu: 	RCU event tracing is enabled.
[    0.000000] rcu: 	RCU dyntick-idle grace-period acceleration is enabled.
[    0.000000] rcu: 	RCU restricting CPUs from NR_CPUS=32 to nr_cpu_ids=8.
[    0.000000] rcu: 	RCU priority boosting: priority 1 delay 500 ms.
[    0.000000] 	All grace periods are expedited (rcu_expedited).
[    0.000000] 	Trampoline variant of Tasks RCU enabled.
[    0.000000] 	Rude variant of Tasks RCU enabled.
[    0.000000] 	Tracing variant of Tasks RCU enabled.
[    0.000000] rcu: RCU calculated value of scheduler-enlistment delay is 25 jiffies.
[    0.000000] rcu: Adjusting geometry for rcu_fanout_leaf=16, nr_cpu_ids=8
[    0.000000] NR_IRQS: 64, nr_irqs: 64, preallocated irqs: 0
[    0.000000] GICv3: 988 SPIs implemented
[    0.000000] GICv3: 0 Extended SPIs implemented
[    0.000000] GICv3: Distributor has no Range Selector support
[    0.000000] Root IRQ handler: gic_handle_irq.10d7cf410c142aff6d31b6303c3f9f87.cfi_jt
[    0.000000] GICv3: 16 PPIs implemented
[    0.000000] GICv3: Enabling SGIs without active state
[    0.000000] GICv3: CPU0: found redistributor 0 region 0:0x0000000017180000
[    0.000000] ITS [mem 0x17140000-0x1715ffff]
[    0.000000] ITS@0x0000000017140000: Devices Table too large, reduce ids 32->19
[    0.000000] ITS@0x0000000017140000: Devices too large, reduce ITS pages 1024->256
[    0.000000] ITS@0x0000000017140000: allocated 131072 Devices @81300000 (indirect, esz 8, psz 4K, shr 1)
[    0.000000] ITS@0x0000000017140000: allocated 4096 Interrupt Collections @812a0000 (flat, esz 1, psz 4K, shr 1)
[    0.000000] GICv3: using LPI property table @0x00000000812b0000
[    0.000000] GICv3: CPU0: using allocated LPI pending table @0x00000000812c0000
[    0.000000] rcu: 	Offload RCU callbacks from CPUs: 0-7.
[    0.000000] kfence: initialized - using 524288 bytes for 63 objects at 0xffffff8a6acd0000-0xffffff8a6ad50000
[    0.000000] arch_timer: cp15 and mmio timer(s) running at 19.20MHz (virt/virt).
[    0.000000] clocksource: arch_sys_counter: mask: 0xffffffffffffff max_cycles: 0x46d987e47, max_idle_ns: 440795202767 ns
[    0.000000] sched_clock: 56 bits at 19MHz, resolution 52ns, wraps every 4398046511078ns
[    0.003882] arm-pv: using stolen time PV
[    0.003962] random: crng init done
[    0.008396] Calibrating delay loop (skipped), value calculated using timer frequency.. 38.40 BogoMIPS (lpj=76800)
[    0.008412] pid_max: default: 32768 minimum: 301
[    0.008535] LSM: Security Framework initializing
[    0.008662] Mount-cache hash table entries: 32768 (order: 6, 262144 bytes, linear)
[    0.008685] Mountpoint-cache hash table entries: 32768 (order: 6, 262144 bytes, linear)
[    0.012100] rcu: Hierarchical SRCU implementation.
[    0.013855] Platform MSI: msi-controller@17140000 domain created
[    0.014583] PCI/MSI: /soc/interrupt-controller@17100000/msi-controller@17140000 domain created
[    0.015301] EFI services will not be available.
[    0.016258] smp: Bringing up secondary CPUs ...
[    0.017829] Detected PIPT I-cache on CPU1
[    0.017860] GICv3: CPU1: found redistributor 100 region 0:0x00000000171c0000
[    0.017974] GICv3: CPU1: using allocated LPI pending table @0x00000000812d0000
[    0.018060] CPU1: Booted secondary processor 0x0000000100 [0x411fd461]
[    0.019898] Detected PIPT I-cache on CPU2
[    0.019915] GICv3: CPU2: found redistributor 200 region 0:0x0000000017200000
[    0.020002] GICv3: CPU2: using allocated LPI pending table @0x00000000812e0000
[    0.020081] CPU2: Booted secondary processor 0x0000000200 [0x411fd461]
[    0.022056] Detected PIPT I-cache on CPU3
[    0.022069] CPU features: SANITY CHECK: Unexpected variation in SYS_ID_AA64MMFR1_EL1. Boot CPU: 0x00000011212122, CPU3: 0x00000010212122
[    0.022079] CPU features: Unsupported CPU feature variation detected.
[    0.022275] GICv3: CPU3: found redistributor 300 region 0:0x0000000017240000
[    0.022407] GICv3: CPU3: using allocated LPI pending table @0x00000000812f0000
[    0.022516] CPU3: Booted secondary processor 0x0000000300 [0x411fd4d0]
[    0.024526] Detected PIPT I-cache on CPU4
[    0.024540] CPU features: SANITY CHECK: Unexpected variation in SYS_ID_AA64MMFR1_EL1. Boot CPU: 0x00000011212122, CPU4: 0x00000010212122
[    0.024568] GICv3: CPU4: found redistributor 400 region 0:0x0000000017280000
[    0.024704] GICv3: CPU4: using allocated LPI pending table @0x0000000082000000
[    0.024823] CPU4: Booted secondary processor 0x0000000400 [0x411fd4d0]
[    0.026548] CPU features: detected: Spectre-BHB
[    0.026553] CPU features: detected: ARM erratum 2067961 or 2054223
[    0.026561] Detected PIPT I-cache on CPU5
[    0.026564] CPU features: SANITY CHECK: Unexpected variation in SYS_ID_AA64MMFR1_EL1. Boot CPU: 0x00000011212122, CPU5: 0x00000010212122
[    0.026568] CPU features: SANITY CHECK: Unexpected variation in SYS_ID_MMFR4_EL1. Boot CPU: 0x00000001021111, CPU5: 0x00000001021110
[    0.026577] GICv3: CPU5: found redistributor 500 region 0:0x00000000172c0000
[    0.026648] GICv3: CPU5: using allocated LPI pending table @0x0000000082010000
[    0.026717] CPU5: Booted secondary processor 0x0000000500 [0x412fd470]
[    0.028475] Detected PIPT I-cache on CPU6
[    0.028480] CPU features: SANITY CHECK: Unexpected variation in SYS_ID_AA64MMFR1_EL1. Boot CPU: 0x00000011212122, CPU6: 0x00000010212122
[    0.028485] CPU features: SANITY CHECK: Unexpected variation in SYS_ID_MMFR4_EL1. Boot CPU: 0x00000001021111, CPU6: 0x00000001021110
[    0.028494] GICv3: CPU6: found redistributor 600 region 0:0x0000000017300000
[    0.028564] GICv3: CPU6: using allocated LPI pending table @0x0000000082020000
[    0.028634] CPU6: Booted secondary processor 0x0000000600 [0x412fd470]
[    0.030530] Detected PIPT I-cache on CPU7
[    0.030541] CPU features: SANITY CHECK: Unexpected variation in SYS_ID_AA64MMFR1_EL1. Boot CPU: 0x00000011212122, CPU7: 0x00000010212122
[    0.030752] GICv3: CPU7: found redistributor 700 region 0:0x0000000017340000
[    0.030866] GICv3: CPU7: using allocated LPI pending table @0x0000000082030000
[    0.030966] CPU7: Booted secondary processor 0x0000000700 [0x411fd4e0]
[    0.031193] smp: Brought up 1 node, 8 CPUs
[    0.130962] SMP: Total of 8 processors activated.
[    0.130973] CPU features: detected: ARMv8.4 Translation Table Level
[    0.130979] CPU features: detected: Data cache clean to the PoU not required for I/D coherence
[    0.130986] CPU features: detected: Common not Private translations
[    0.130991] CPU features: detected: CRC32 instructions
[    0.130997] CPU features: detected: E0PD
[    0.131004] CPU features: detected: Generic authentication (architected algorithm)
[    0.131010] CPU features: detected: RCpc load-acquire (LDAPR)
[    0.131016] CPU features: detected: LSE atomic instructions
[    0.131023] CPU features: detected: Privileged Access Never
[    0.131028] CPU features: detected: Speculation barrier (SB)
[    0.131033] CPU features: detected: Stage-2 Force Write-Back
[    0.131040] CPU features: detected: TLB range maintenance instructions
[    0.131046] CPU features: detected: Speculative Store Bypassing Safe (SSBS)
[    0.169030] CPU features: detected CPU7: Activity Monitors Unit (AMU)
[    0.169030] CPU features: detected CPU5: Activity Monitors Unit (AMU)
[    0.169030] CPU features: detected CPU6: Activity Monitors Unit (AMU)
[    0.169030] CPU features: detected CPU4: Activity Monitors Unit (AMU)
[    0.169030] CPU features: detected CPU3: Activity Monitors Unit (AMU)
[    0.169031] CPU features: detected CPU1: Activity Monitors Unit (AMU)
[    0.169031] CPU features: detected CPU2: Activity Monitors Unit (AMU)
[    0.169031] CPU features: detected CPU0: Activity Monitors Unit (AMU)
[    0.205666] CPU: All CPU(s) started at EL1
[    0.238841] allocated 150994944 bytes of page_ext
[    0.242385] Node 0, zone   Normal: page owner found early allocated 39100 pages
[    0.242782] devtmpfs: initialized
[    0.261865] KASLR enabled
[    0.261939] clocksource: jiffies: mask: 0xffffffff max_cycles: 0xffffffff, max_idle_ns: 7645041785100000 ns
[    0.261956] futex hash table entries: 2048 (order: 5, 131072 bytes, linear)
[    0.264384] pinctrl core: initialized pinctrl subsystem
[    0.264664] NET: Registered PF_NETLINK/PF_ROUTE protocol family
[    0.266423] DMA: preallocated 2048 KiB GFP_KERNEL pool for atomic allocations
[    0.266453] audit: initializing netlink subsys (disabled)
[    0.266623] audit: type=2000 audit(0.180:1): state=initialized audit_enabled=0 res=1
[    0.266742] thermal_sys: Registered thermal governor 'step_wise'
[    0.275301] thermal_sys: Registered thermal governor 'user_space'
[    0.275302] thermal_sys: Registered thermal governor 'power_allocator'
[    0.279621] cpuidle: using governor menu
[    0.279701] hw-breakpoint: found 6 breakpoint and 4 watchpoint registers.
[    0.279854] ASID allocator initialised with 65536 entries
[    0.279903] Serial: AMBA PL011 UART driver
[    0.280156] pstore: Registered ramoops as persistent store backend
[    0.280158] ramoops: using 0x200000@0xaffdff000, ecc: 0
[    0.302793] OF: /soc/spf_core_platform/lpass-cdc/va-macro@6D44000: could not get #gpio-cells for /soc/interrupt-controller@17100000
[    0.332411] platform 1d84000.ufshc: Fixing up cyclic dependency with 1d80000.ufsphy_mem
[    0.340273] amba 10d09000.tpda: Fixing up cyclic dependency with 10d43000.tpdm
[    0.340288] amba 10d09000.tpda: Fixing up cyclic dependency with 10d42000.tpdm
[    0.340297] amba 10d09000.tpda: Fixing up cyclic dependency with 10d41000.tpdm
[    0.340305] amba 10d09000.tpda: Fixing up cyclic dependency with 10d40000.tpdm
[    0.340363] platform soc:funnel@10b23000: Fixing up cyclic dependency with soc:tpdm_lpicc
[    0.340423] platform soc:funnel@10b50000: Fixing up cyclic dependency with soc:tpdm_lpass_lpi
[    0.340433] platform soc:funnel@10b50000: Fixing up cyclic dependency with soc:lpass_stm
[    0.340497] platform soc:funnel@10b44000: Fixing up cyclic dependency with soc:funnel@10b50000
[    0.340512] platform soc:funnel@10b44000: Fixing up cyclic dependency with soc:audio_etm0
[    0.340592] amba 10902000.funnel: Fixing up cyclic dependency with 10900000.tpdm
[    0.340673] amba 10832000.funnel: Fixing up cyclic dependency with 10830000.tpdm
[    0.340768] amba 10c0a000.funnel: Fixing up cyclic dependency with 10c08000.tpdm
[    0.340777] amba 10c0a000.funnel: Fixing up cyclic dependency with 10c60000.tpdm
[    0.340789] amba 10c0a000.funnel: Fixing up cyclic dependency with 10832000.funnel
[    0.340872] amba 10846000.funnel: Fixing up cyclic dependency with 10844000.tpdm
[    0.340949] amba 10d22000.funnel: Fixing up cyclic dependency with 10d20000.tpdm
[    0.341025] amba 10d32000.funnel: Fixing up cyclic dependency with 10d30000.tpdm
[    0.341156] amba 10d0a000.funnel: Fixing up cyclic dependency with soc:gladiator
[    0.341165] amba 10d0a000.funnel: Fixing up cyclic dependency with 10d09000.tpda
[    0.341269] amba 10d03000.funnel: Fixing up cyclic dependency with 10d0a000.funnel
[    0.341282] amba 10d03000.funnel: Fixing up cyclic dependency with 10d22000.funnel
[    0.341293] amba 10d03000.funnel: Fixing up cyclic dependency with 10d32000.funnel
[    0.341379] amba 10984000.funnel: Fixing up cyclic dependency with soc:turing_etm0
[    0.341483] amba 10983000.funnel: Fixing up cyclic dependency with 10984000.funnel
[    0.341491] amba 10983000.funnel: Fixing up cyclic dependency with soc:tpdm_turing_llm
[    0.341499] amba 10983000.funnel: Fixing up cyclic dependency with 10980000.tpdm
[    0.341610] amba 10c3a000.funnel: Fixing up cyclic dependency with 10c39000.tpdm
[    0.341618] amba 10c3a000.funnel: Fixing up cyclic dependency with 10c38000.tpdm
[    0.341628] amba 10c3a000.funnel: Fixing up cyclic dependency with 10c0a000.funnel
[    0.341722] amba 109c1000.tpda: Fixing up cyclic dependency with 109c0000.tpdm
[    0.341798] amba 109c2000.funnel: Fixing up cyclic dependency with 109c1000.tpda
[    0.341879] amba 10cc4000.tpda: Fixing up cyclic dependency with 10cc1000.tpdm
[    0.341958] amba 10cc5000.funnel: Fixing up cyclic dependency with 10cc4000.tpda
[    0.342041] amba 10ac1000.tpda: Fixing up cyclic dependency with 10ac0000.tpdm
[    0.342135] amba 10ac2000.funnel: Fixing up cyclic dependency with 10cc5000.funnel
[    0.342144] amba 10ac2000.funnel: Fixing up cyclic dependency with 10ac1000.tpda
[    0.342225] amba 10803000.tpda: Fixing up cyclic dependency with 10800000.tpdm
[    0.342305] amba 1080d000.funnel: Fixing up cyclic dependency with soc:modem_etm0
[    0.342395] amba 1080c000.funnel: Fixing up cyclic dependency with soc:modem_diag
[    0.342404] amba 1080c000.funnel: Fixing up cyclic dependency with 1080d000.funnel
[    0.342501] amba 10804000.funnel: Fixing up cyclic dependency with 1080c000.funnel
[    0.342513] amba 10804000.funnel: Fixing up cyclic dependency with 10803000.tpda
[    0.342521] amba 10804000.funnel: Fixing up cyclic dependency with soc:modem2_etm0
[    0.342644] amba 13863000.tpda: Fixing up cyclic dependency with 13861000.tpdm
[    0.342655] amba 13863000.tpda: Fixing up cyclic dependency with 138c0000.tpdm
[    0.342663] amba 13863000.tpda: Fixing up cyclic dependency with 13860000.tpdm
[    0.342671] amba 13863000.tpda: Fixing up cyclic dependency with 138b0000.tpdm
[    0.342681] amba 13863000.tpda: Fixing up cyclic dependency with 138a0000.tpdm
[    0.342769] amba 13810000.funnel: Fixing up cyclic dependency with 13863000.tpda
[    0.342950] amba 10c2b000.tpda: Fixing up cyclic dependency with 1082c000.tpdm
[    0.342962] amba 10c2b000.tpda: Fixing up cyclic dependency with 10846000.funnel
[    0.342977] amba 10c2b000.tpda: Fixing up cyclic dependency with 10d03000.funnel
[    0.342987] amba 10c2b000.tpda: Fixing up cyclic dependency with 10c29000.tpdm
[    0.342997] amba 10c2b000.tpda: Fixing up cyclic dependency with 109d0000.tpdm
[    0.343013] amba 10c2b000.tpda: Fixing up cyclic dependency with 10c28000.tpdm
[    0.343022] amba 10c2b000.tpda: Fixing up cyclic dependency with 10841000.tpdm
[    0.343033] amba 10c2b000.tpda: Fixing up cyclic dependency with 10902000.funnel
[    0.343042] amba 10c2b000.tpda: Fixing up cyclic dependency with 10983000.funnel
[    0.343052] amba 10c2b000.tpda: Fixing up cyclic dependency with 10c3a000.funnel
[    0.343181] amba 10c2c000.funnel: Fixing up cyclic dependency with 10902000.funnel
[    0.343193] amba 10c2c000.funnel: Fixing up cyclic dependency with 10983000.funnel
[    0.343204] amba 10c2c000.funnel: Fixing up cyclic dependency with 10d03000.funnel
[    0.343215] amba 10c2c000.funnel: Fixing up cyclic dependency with 10c2b000.tpda
[    0.343307] amba 10004000.tpda: Fixing up cyclic dependency with 10003000.tpdm
[    0.343315] amba 10004000.tpda: Fixing up cyclic dependency with 1000f000.tpdm
[    0.343416] amba 10041000.funnel: Fixing up cyclic dependency with 10004000.tpda
[    0.343425] amba 10041000.funnel: Fixing up cyclic dependency with 10002000.stm
[    0.343433] amba 10041000.funnel: Fixing up cyclic dependency with soc:snoc
[    0.343558] amba 10042000.funnel: Fixing up cyclic dependency with 10c2c000.funnel
[    0.343569] amba 10042000.funnel: Fixing up cyclic dependency with 10804000.funnel
[    0.343580] amba 10042000.funnel: Fixing up cyclic dependency with 13810000.funnel
[    0.343591] amba 10042000.funnel: Fixing up cyclic dependency with 10ac2000.funnel
[    0.343598] amba 10042000.funnel: Fixing up cyclic dependency with 109c2000.funnel
[    0.343689] amba 10045000.funnel: Fixing up cyclic dependency with 10041000.funnel
[    0.343707] amba 10045000.funnel: Fixing up cyclic dependency with 10042000.funnel
[    0.343825] amba 10b08000.tpda: Fixing up cyclic dependency with 10b0d000.tpdm
[    0.343836] amba 10b08000.tpda: Fixing up cyclic dependency with 10b0c000.tpdm
[    0.343847] amba 10b08000.tpda: Fixing up cyclic dependency with 10b0b000.tpdm
[    0.343854] amba 10b08000.tpda: Fixing up cyclic dependency with 10b0a000.tpdm
[    0.343867] amba 10b08000.tpda: Fixing up cyclic dependency with 10b09000.tpdm
[    0.343980] amba 10b04000.funnel: Fixing up cyclic dependency with 10b08000.tpda
[    0.343989] amba 10b04000.funnel: Fixing up cyclic dependency with 10045000.funnel
[    0.344000] amba 10b04000.funnel: Fixing up cyclic dependency with soc:funnel@10b44000
[    0.344010] amba 10b04000.funnel: Fixing up cyclic dependency with soc:funnel@10b23000
[    0.344122] amba 10b05000.tmc: Fixing up cyclic dependency with 10b04000.funnel
[    0.344208] amba 10b06000.replicator: Fixing up cyclic dependency with soc:dummy_sink
[    0.344217] amba 10b06000.replicator: Fixing up cyclic dependency with 10b05000.tmc
[    0.344301] amba 10046000.replicator: Fixing up cyclic dependency with 10b06000.replicator
[    0.344384] amba 1004e000.replicator: Fixing up cyclic dependency with 10046000.replicator
[    0.344474] amba 10048000.tmc: Fixing up cyclic dependency with 1004e000.replicator
[    0.344574] amba 1004f000.tmc: Fixing up cyclic dependency with 1004e000.replicator
[    0.347258] platform soc:funnel_ete: Fixing up cyclic dependency with soc:ete7
[    0.347271] platform soc:funnel_ete: Fixing up cyclic dependency with soc:ete6
[    0.347282] platform soc:funnel_ete: Fixing up cyclic dependency with soc:ete5
[    0.347291] platform soc:funnel_ete: Fixing up cyclic dependency with soc:ete4
[    0.347302] platform soc:funnel_ete: Fixing up cyclic dependency with soc:ete3
[    0.347311] platform soc:funnel_ete: Fixing up cyclic dependency with soc:ete2
[    0.347322] platform soc:funnel_ete: Fixing up cyclic dependency with soc:ete1
[    0.347331] platform soc:funnel_ete: Fixing up cyclic dependency with soc:ete0
[    0.347345] platform soc:funnel_ete: Fixing up cyclic dependency with 13810000.funnel
[    0.387890] iommu: Default domain type: Translated 
[    0.387893] iommu: DMA domain TLB invalidation policy: strict mode 
[    0.388020] SCSI subsystem initialized
[    0.392652] usbcore: registered new interface driver usbfs
[    0.392659] usbcore: registered new interface driver hub
[    0.392683] usbcore: registered new device driver usb
[    0.392710] mc: Linux media interface: v0.10
[    0.392714] videodev: Linux video capture interface: v2.00
[    0.392730] pps_core: LinuxPPS API ver. 1 registered
[    0.392731] pps_core: Software ver. 5.3.6 - Copyright 2005-2007 Rodolfo Giometti <giometti@linux.it>
[    0.392734] PTP clock support registered
[    0.392741] EDAC MC: Ver: 3.0.0
[    0.393035] CPUidle PSCI: Initialized CPU PM domain topology
[    0.393639] Advanced Linux Sound Architecture Driver Initialized.
[    0.393785] Bluetooth: Core ver 2.22
[    0.393792] NET: Registered PF_BLUETOOTH protocol family
[    0.393794] Bluetooth: HCI device and connection manager initialized
[    0.393798] Bluetooth: HCI socket layer initialized
[    0.393801] Bluetooth: L2CAP socket layer initialized
[    0.393806] Bluetooth: SCO socket layer initialized
[    0.393875] nfc: nfc_init: NFC Core ver 0.1
[    0.393885] NET: Registered PF_NFC protocol family
[    0.394068] CPU features: Asymmetric 32-bit EL0 support detected on CPU 3; CPU hot-unplug disabled on CPU 0
[    0.394325] clocksource: Switched to clocksource arch_sys_counter
[    0.408082] VFS: Disk quotas dquot_6.6.0
[    0.412857] VFS: Dquot-cache hash table entries: 512 (order 0, 4096 bytes)
[    0.413222] NET: Registered PF_INET protocol family
[    0.413388] IP idents hash table entries: 262144 (order: 9, 2097152 bytes, linear)
[    0.414965] tcp_listen_portaddr_hash hash table entries: 8192 (order: 6, 327680 bytes, linear)
[    0.415004] Table-perturb hash table entries: 65536 (order: 6, 262144 bytes, linear)
[    0.415087] TCP established hash table entries: 131072 (order: 8, 1048576 bytes, linear)
[    0.415314] TCP bind hash table entries: 65536 (order: 9, 2097152 bytes, linear)
[    0.415394] TCP: Hash tables configured (established 131072 bind 65536)
[    0.415542] UDP hash table entries: 8192 (order: 7, 786432 bytes, linear)
[    0.415683] UDP-Lite hash table entries: 8192 (order: 7, 786432 bytes, linear)
[    0.415762] NET: Registered PF_UNIX/PF_LOCAL protocol family
[    0.415774] NET: Registered PF_XDP protocol family
[    0.415779] PCI: CLS 0 bytes, default 64
[    0.416328] Trying to unpack rootfs image as initramfs...
[    0.430561] hw perfevents: enabled with armv8_pmuv3 PMU driver, 7 counters available
[    0.431144] kvm [1]: HYP mode not available
[    0.431719] Initialise system trusted keyrings
[    0.437232] workingset: timestamp_bits=46 max_order=22 bucket_order=0
[    0.438711] fuse: init (API version 7.36)
[    0.449991] Key type asymmetric registered
[    0.454957] Asymmetric key parser 'x509' registered
[    0.460737] Block layer SCSI generic (bsg) driver version 0.4 loaded (major 238)
[    0.460751] io scheduler mq-deadline registered
[    0.460753] io scheduler kyber registered
[    0.460781] io scheduler bfq registered
[    0.471212] brd: module loaded
[    0.475149] loop: module loaded
[    0.476503] wireguard: WireGuard 1.0.0 loaded. See www.wireguard.com for information.
[    0.476506] wireguard: Copyright (C) 2015-2019 Jason A. Donenfeld <Jason@zx2c4.com>. All Rights Reserved.
[    0.476626] MACsec IEEE 802.1AE
[    0.476756] tun: Universal TUN/TAP device driver, 1.6
[    0.476816] CAN device driver interface
[    0.476817] PPP generic driver version 2.4.2
[    0.476850] PPP BSD Compression module registered
[    0.476852] PPP Deflate Compression module registered
[    0.476865] PPP MPPE Compression module registered
[    0.476867] NET: Registered PF_PPPOX protocol family
[    0.476869] PPTP driver version 0.8.5
[    0.476995] usbcore: registered new interface driver rtl8150
[    0.477003] usbcore: registered new interface driver r8152
[    0.477009] usbcore: registered new interface driver asix
[    0.477014] usbcore: registered new interface driver ax88179_178a
[    0.477021] usbcore: registered new interface driver cdc_ether
[    0.477026] usbcore: registered new interface driver cdc_eem
[    0.477036] usbcore: registered new interface driver cdc_ncm
[    0.477041] usbcore: registered new interface driver aqc111
[    0.477045] usbcore: registered new interface driver r8153_ecm
[    0.477761] ehci_hcd: USB 2.0 'Enhanced' Host Controller (EHCI) Driver
[    0.477775] ehci-pci: EHCI PCI platform driver
[    0.477785] ehci-platform: EHCI generic platform driver
[    0.478301] usbcore: registered new interface driver cdc_acm
[    0.478302] cdc_acm: USB Abstract Control Model driver for USB modems and ISDN adapters
[    0.478530] usbcore: registered new interface driver uas
[    0.478539] usbcore: registered new interface driver usb-storage
[    0.478563] usbcore: registered new interface driver ch341
[    0.478568] usbserial: USB Serial support registered for ch341-uart
[    0.478574] usbcore: registered new interface driver cp210x
[    0.478578] usbserial: USB Serial support registered for cp210x
[    0.478660] usbcore: registered new interface driver xpad
[    0.478788] usbcore: registered new interface driver uvcvideo
[    0.478790] gspca_main: v2.14.0 registered
[    0.479406] device-mapper: uevent: version 1.0.3
[    0.479483] device-mapper: ioctl: 4.45.0-ioctl (2021-03-22) initialised: dm-devel@redhat.com
[    0.479686] Bluetooth: HCI UART driver ver 2.3
[    0.479690] Bluetooth: HCI UART protocol H4 registered
[    0.479699] Bluetooth: HCI UART protocol LL registered
[    0.479800] Bluetooth: HCI UART protocol Broadcom registered
[    0.479804] Bluetooth: HCI UART protocol QCA registered
[    0.480541] sdhci: Secure Digital Host Controller Interface driver
[    0.480544] sdhci: Copyright(c) Pierre Ossman
[    0.480545] sdhci-pltfm: SDHCI platform and OF driver helper
[    0.480856] SMCCC: SOC_ID: ARCH_SOC_ID not implemented, skipping ....
[    0.480865] hid: raw HID events driver (C) Jiri Kosina
[    0.481177] usbcore: registered new interface driver usbhid
[    0.481179] usbhid: USB HID core driver
[    0.481267] ashmem: initialized
[    0.481744] gnss: GNSS driver registered with major 507
[    0.485388] usbcore: registered new interface driver snd-usb-audio
[    0.485834] GACT probability NOT on
[    0.485843] Mirror/redirect action on
[    0.485854] netem: version 1.3
[    0.485878] u32 classifier
[    0.485879]     input device check on
[    0.485880]     Actions configured
[    0.486511] xt_time: kernel timezone is -0000
[    0.486546] ipip: IPv4 and MPLS over IPv4 tunneling driver
[    0.486661] gre: GRE over IPv4 demultiplexor driver
[    0.486663] ip_gre: GRE over IPv4 tunneling driver
[    0.486841] IPv4 over IPsec tunneling driver
[    0.486927] Initializing XFRM netlink socket
[    0.486933] IPsec XFRM device driver
[    0.487018] NET: Registered PF_INET6 protocol family
[    0.487899] Segment Routing with IPv6
[    0.487906] In-situ OAM (IOAM) with IPv6
[    0.487939] mip6: Mobile IPv6
[    0.488054] sit: IPv6, IPv4 and MPLS over IPv4 tunneling driver
[    0.488204] ip6_gre: GRE over IPv6 tunneling driver
[    0.488279] NET: Registered PF_PACKET protocol family
[    0.488285] NET: Registered PF_KEY protocol family
[    0.488303] can: controller area network core
[    0.488325] NET: Registered PF_CAN protocol family
[    0.488327] can: raw protocol
[    0.488329] can: broadcast manager protocol
[    0.488332] can: netlink gateway - max_hops=1
[    0.489000] Bluetooth: RFCOMM TTY layer initialized
[    0.489004] Bluetooth: RFCOMM socket layer initialized
[    0.489011] Bluetooth: RFCOMM ver 1.11
[    0.489015] Bluetooth: HIDP (Human Interface Emulation) ver 1.2
[    0.489017] Bluetooth: HIDP socket layer initialized
[    0.489028] l2tp_core: L2TP core driver, V2.0
[    0.489031] l2tp_ppp: PPPoL2TP kernel driver, V2.0
[    0.489033] 8021q: 802.1Q VLAN Support v1.8
[    0.489039] tipc: Activated (version 2.0.0)
[    0.489079] NET: Registered PF_TIPC protocol family
[    0.489103] tipc: Started in single node mode
[    0.489145] NET: Registered PF_IEEE802154 protocol family
[    0.489244] NET: Registered PF_VSOCK protocol family
[    0.489657] registered taskstats version 1
[    0.489663] Loading compiled-in X.509 certificates
[    0.496728] cryptomgr_probe (121) used greatest stack depth: 14384 bytes left
[    0.496979] Loaded X.509 cert 'Build time autogenerated kernel key: 5ca13d170ae53fcf62beff48f3cbfafe2a825bbd'
[    0.514478] Key type .fscrypt registered
[    0.519235] Key type fscrypt-provisioning registered
[    0.525130] pstore: Invalid compression size for deflate: 0
[    0.537609] ALSA device list:
[    0.537614]   No soundcards found.
[    0.569537] Freeing initrd memory: 40468K
[    0.569599] Warning: unable to open an initial console.
[    0.576034] Freeing unused kernel memory: 1600K
[    0.600373] Run /init as init process
[    0.600379]   with arguments:
[    0.600380]     /init
[    0.600382]   with environment:
[    0.600384]     HOME=/
[    0.600385]     TERM=linux
[    0.600387]     apparmor=1
[    0.608221] systemd[1]: System time before build time, advancing clock.
[    0.608871] systemd[1]: Failed to find module 'autofs4'
[    0.616489] systemd[1]: systemd 249.11-0ubuntu3.12 running in system mode (+PAM +AUDIT +SELINUX +APPARMOR +IMA +SMACK +SECCOMP +GCRYPT +GNUTLS +OPENSSL +ACL +BLKID +CURL +ELFUTILS +FIDO2 +IDN2 -IDN +IPTC +KMOD +LIBCRYPTSETUP +LIBFDISK +PCRE2 -PWQUALITY -P11KIT -QRENCODE +BZIP2 +LZ4 +XZ +ZLIB +ZSTD -XKBCOMMON +UTMP +SYSVINIT default-hierarchy=unified)
[    0.616707] systemd[1]: Detected virtualization vm-other.
[    0.616712] systemd[1]: Detected architecture arm64.
[    0.616715] systemd[1]: Running in initial RAM disk.
[    0.616887] systemd[1]: Hostname set to <kalama>.
[    0.642114] systemd-hiberna (129) used greatest stack depth: 12848 bytes left
[    0.642355] systemd-debug-g (125) used greatest stack depth: 12560 bytes left
[    0.644886] systemd-bless-b (123) used greatest stack depth: 12496 bytes left
[    0.683030] systemd[1]: Queued start job for default target Initrd Default Target.
[    0.683691] systemd[1]: Created slice Slice /system/modprobe.
[    0.683808] systemd[1]: Started Dispatch Password Requests to Console Directory Watch.
[    0.683841] systemd[1]: Starting of Arbitrary Executable File Formats File System Automount Point unsupported.
[    0.694887] systemd[1]: Reached target Local Encrypted Volumes.
[    0.694903] systemd[1]: Reached target Initrd /usr File System.
[    0.694916] systemd[1]: Reached target Path Units.
[    0.694929] systemd[1]: Reached target Remote Encrypted Volumes.
[    0.694940] systemd[1]: Reached target Remote Verity Protected Volumes.
[    0.694950] systemd[1]: Reached target Slice Units.
[    0.694965] systemd[1]: Reached target Swaps.
[    0.694977] systemd[1]: Reached target Local Verity Protected Volumes.
[    0.695036] systemd[1]: Listening on initctl Compatibility Named Pipe.
[    0.695191] systemd[1]: Listening on Journal Audit Socket.
[    0.695292] systemd[1]: Listening on Journal Socket (/dev/log).
[    0.695404] systemd[1]: Listening on Journal Socket.
[    0.695505] systemd[1]: Listening on Network Service Netlink Socket.
[    0.695614] systemd[1]: Listening on udev Control Socket.
[    0.695702] systemd[1]: Listening on udev Kernel Socket.
[    0.695714] systemd[1]: Reached target Socket Units.
[    0.695790] systemd[1]: Condition check resulted in Huge Pages File System being skipped.
[    0.695844] systemd[1]: Condition check resulted in POSIX Message Queue File System being skipped.
[    0.696488] systemd[1]: Mounting Kernel Debug File System...
[    0.697103] systemd[1]: Mounting Kernel Trace File System...
[    0.699144] systemd[1]: Starting Journal Service...
[    0.699190] systemd[1]: Condition check resulted in Create List of Static Device Nodes being skipped.
[    0.699841] systemd[1]: Starting Create symlink to load modules listed in 'lib/modules/(uname -r)/modules.load'...
[    0.700587] systemd[1]: Starting Load Kernel Module configfs...
[    0.701280] systemd[1]: Starting Load Kernel Module efi_pstore...
[    0.701941] systemd[1]: Starting Load Kernel Module fuse...
[    0.702655] systemd[1]: Starting Generate network units from Kernel command line...
[    0.702700] systemd[1]: Condition check resulted in Load/Save Random Seed being skipped.
[    0.702761] systemd[1]: Condition check resulted in First Boot Complete being skipped.
[    0.702835] systemd[1]: Condition check resulted in Create System Users being skipped.
[    0.703404] systemd[1]: Starting Create Static Device Nodes in /dev...
[    0.704048] systemd[1]: Starting Coldplug All udev Devices...
[    0.704966] systemd[1]: Mounted Kernel Debug File System.
[    0.705072] systemd[1]: Mounted Kernel Trace File System.
[    0.705308] systemd[1]: modprobe@configfs.service: Deactivated successfully.
[    0.705561] systemd[1]: Finished Load Kernel Module configfs.
[    0.706354] systemd[1]: Mounting Kernel Configuration File System...
[    0.706662] systemd[1]: modprobe@fuse.service: Deactivated successfully.
[    0.706898] systemd[1]: Finished Load Kernel Module fuse.
[    0.707631] systemd[1]: Mounting FUSE Control File System...
[    0.708200] mount (146) used greatest stack depth: 12416 bytes left
[    0.709390] systemd[1]: Mounted Kernel Configuration File System.
[    0.709906] systemd[1]: Finished Create symlink to load modules listed in 'lib/modules/(uname -r)/modules.load'.
[    0.710284] systemd[1]: Mounted FUSE Control File System.
[    0.710733] systemd[1]: modprobe@efi_pstore.service: Deactivated successfully.
[    0.711071] systemd[1]: Finished Load Kernel Module efi_pstore.
[    0.711565] systemd[1]: Finished Generate network units from Kernel command line.
[    0.712030] systemd[1]: Finished Create Static Device Nodes in /dev.
[    0.712168] systemd[1]: Reached target Local File Systems.
[    0.712194] systemd[1]: Reached target Preparation for Network.
[    0.712321] systemd[1]: Condition check resulted in Set Up Additional Binary Formats being skipped.
[    0.712352] systemd[1]: Condition check resulted in Store a System Token in an EFI Variable being skipped.
[    0.712380] systemd[1]: Condition check resulted in Commit a transient machine-id on disk being skipped.
[    0.713487] systemd[1]: Starting Load Kernel Modules...
[    0.713554] systemd[1]: Condition check resulted in Platform Persistent Storage Archival being skipped.
[    0.713692] systemd[1]: Condition check resulted in Merge System Extension Images into /usr/ and /opt/ being skipped.
[    0.715840] systemd[1]: Starting Rule-based Manager for Device Events and Files...
[    0.720628] qcom_scm: module verification failed: signature and/or required key missing - tainting kernel
[    0.732915] qcom-scm: __get_convention: qcom_scm: convention: smc arm 64
[    0.733844] qtee shmbridge registered default bridge with size 4194304 bytes
[    0.742923] shmbridge is enabled
[    0.748408] qcom-scm: scm_mem_protection_init_do: SCM call failed 0, resp 7
[    0.750147] systemd[1]: Started Journal Service.
[    0.756293] MEM protection Not enabled, 7
[    0.763194] qcom_dma_iommu soc:dma_dev: assigned reserved memory node linux,cma
[    0.767076] DMA preallocated 2048 KiB GFP_KERNEL pool for atomic allocations
[    0.782251] platform 16f0000.anoc_1_qtb: TBU failed probe, QSMMUV500 cannot continue!
[    0.798269] platform 16f0000.anoc_1_qtb: TBU failed probe, QSMMUV500 cannot continue!
[    0.816489] Minidump: Enabled with max number of regions 200
[    0.817382] platform 16f0000.anoc_1_qtb: TBU failed probe, QSMMUV500 cannot continue!
[    0.832558] platform 16f0000.anoc_1_qtb: TBU failed probe, QSMMUV500 cannot continue!
[    0.856604] v0.16, id=603, ver=2.0, raw_id=594, raw_ver=2, hw_plat=31, hw_plat_ver=131073
                accessory_chip=0, hw_plat_subtype=2, pmic_model=65610, pmic_die_revision=131073 foundry_id=1 serial_number=3887965799 num_pmics=8 chip_family=0x7f raw_device_family=0xa raw_device_number=0x3 nproduct_id=0x437 num_clusters=0x1 ncluster_array_offset=0xc0 num_subset_parts=0x11 nsubset_parts_array_offset=0xc4 nmodem_supported=0x0 feature_code=0x3 pcode=0x2 sku=QCS_KALAMAP-2-AC
[    0.865845] platform 16f0000.anoc_1_qtb: TBU failed probe, QSMMUV500 cannot continue!
[    0.929484] platform 16f0000.anoc_1_qtb: TBU failed probe, QSMMUV500 cannot continue!
[    0.943086] platform 16f0000.anoc_1_qtb: TBU failed probe, QSMMUV500 cannot continue!
[    0.953956] platform 16f0000.anoc_1_qtb: TBU failed probe, QSMMUV500 cannot continue!
[    0.964783] platform 16f0000.anoc_1_qtb: TBU failed probe, QSMMUV500 cannot continue!
[    0.987354] platform 16f0000.anoc_1_qtb: TBU failed probe, QSMMUV500 cannot continue!
[    1.023115] msm-dcc 100ff000.dcc_v2: DCC list passed 4
[    1.023498] msm-dcc 100ff000.dcc_v2: All values written to enable.
[    1.023744] msm-dcc 100ff000.dcc_v2: DCC list passed 6
[    1.025101] msm-dcc 100ff000.dcc_v2: All values written to enable.
[    1.029664] platform 16f0000.anoc_1_qtb: TBU failed probe, QSMMUV500 cannot continue!
[    1.046564] gh_msgq: Registered client for label: 0
[    1.048805] platform 16f0000.anoc_1_qtb: TBU failed probe, QSMMUV500 cannot continue!
[    1.058357] gh-watchdog hypervisor:qcom,gh-watchdog: QCOM Apps Watchdog Initialized
[    1.060667] gh_virtio_backend: Recognized VM 'trustedvm' shmem_addr 00000000f78f8000 shmem_size 108000
[    1.060673] gh_virtio_backend: trustedvm: Recognized virtio backend device with label 11
[    1.060691] gh_virtio_backend: trustedvm: Recognized virtio backend device with label 10
[    1.060756] gh_secure_vm_loader soc:gh-secure-vm-loader@1: assigned reserved memory node oem_vm_region@f7c00000
[    1.060820] gh_virtio_backend: Recognized VM 'oemvm' shmem_addr 00000000f7afc000 shmem_size 104000
[    1.060824] gh_virtio_backend: oemvm: Recognized virtio backend device with label 13
[    1.061107] platform 16f0000.anoc_1_qtb: TBU failed probe, QSMMUV500 cannot continue!
[    1.073615] platform 16f0000.anoc_1_qtb: TBU failed probe, QSMMUV500 cannot continue!
[    1.086583] platform 16f0000.anoc_1_qtb: TBU failed probe, QSMMUV500 cannot continue!
[    1.098686] qcom_system_heap_create: DMA-BUF Heap: Created 'qcom,system'
[    1.098776] qcom_system_heap_create: DMA-BUF Heap: Created 'system'
[    1.098847] qcom_secure_system_heap_create: DMA-BUF Heap: Created 'qcom,secure-pixel'
[    1.098912] qcom_secure_system_heap_create: DMA-BUF Heap: Created 'qcom,secure-non-pixel'
[    1.099069] platform soc:qcom,dma-heaps:qcom,qseecom: assigned reserved memory node qseecom_region
[    1.099198] platform soc:qcom,dma-heaps:qcom,qseecom_ta: assigned reserved memory node qseecom_ta_region
[    1.099328] platform soc:qcom,dma-heaps:qcom,display: assigned reserved memory node non_secure_display_region
[    1.099455] platform soc:qcom,dma-heaps:qcom,demura: assigned reserved memory node demura_heap_region
[    1.099570] platform soc:qcom,dma-heaps:qcom,secure_cdsp: assigned reserved memory node secure_cdsp_region
[    1.099712] platform soc:qcom,dma-heaps:qcom,user_contig: assigned reserved memory node user_contig_region
[    1.099837] platform soc:qcom,dma-heaps:qcom,sp_hlos: assigned reserved memory node sp_region
[    1.100209] platform soc:qcom,dma-heaps:qcom,audio_ml: assigned reserved memory node audio_cma_region
[    1.100375] platform soc:qcom,dma-heaps:qcom,adsp: assigned reserved memory node sdsp_region
[    1.100559] qcom_dma_heap_probe: DMA-BUF Heap: Created qcom,qseecom
[    1.100640] qcom_dma_heap_probe: DMA-BUF Heap: Created qcom,qseecom-ta
[    1.100705] qcom_dma_heap_probe: DMA-BUF Heap: Created qcom,display
[    1.100807] qcom_dma_heap_probe: DMA-BUF Heap: Created qcom,demura
[    1.100862] qcom_dma_heap_probe: DMA-BUF Heap: Created qcom,cma-secure-cdsp
[    1.100912] qcom_dma_heap_probe: DMA-BUF Heap: Created qcom,user-contig
[    1.100973] qcom_dma_heap_probe: DMA-BUF Heap: Created qcom,sp-hlos
[    1.101600] qcom_dma_heap_probe: DMA-BUF Heap: Created qcom,secure-sp-modem
[    1.105534] qcom_dma_heap_probe: DMA-BUF Heap: Created qcom,secure-sp-tz
[    1.105791] qcom_dma_heap_probe: DMA-BUF Heap: Created qcom,audio-ml
[    1.105880] qcom_dma_heap_probe: DMA-BUF Heap: Created qcom,adsp
[    1.107032] platform 16f0000.anoc_1_qtb: TBU failed probe, QSMMUV500 cannot continue!
[    1.128195] gh_msgq: Registered client for label: 1
[    1.129716] platform 16f0000.anoc_1_qtb: TBU failed probe, QSMMUV500 cannot continue!
[    1.171656] msm_mem_dump soc:mem_dump: assigned reserved memory node mem_dump_region
[    1.180382] MSM Memory Dump apps data table set up
[    1.185976] platform 16f0000.anoc_1_qtb: TBU failed probe, QSMMUV500 cannot continue!
[    1.215045] platform 16f0000.anoc_1_qtb: TBU failed probe, QSMMUV500 cannot continue!
[    1.232827] qnoc-kalama soc:interconnect@0: Registered ICC provider
[    1.233568] qnoc-kalama soc:interconnect@1: failed to register ICC provider
[    1.242387] qnoc-kalama 1600000.interconnect: Registered ICC provider
[    1.242435] arm-scmi soc:qcom,scmi: SCMI Notifications - Core Enabled.
[    1.242475] qnoc-kalama 1500000.interconnect: Registered ICC provider
[    1.242656] arm-scmi soc:qcom,scmi: SCMI Protocol v2.0 'Qualcomm:' Firmware version 0x10000
[    1.242715] arm-scmi soc:qcom,scmi: SCMI protocol 129 not implemented
[    1.245033] qnoc-kalama 1680000.interconnect: Registered ICC provider
[    1.251870] qnoc-kalama 1700000.interconnect: Registered ICC provider
[    1.253510] qnoc-kalama 1780000.interconnect: failed to register ICC provider
[    1.261961] qnoc-kalama 24100000.interconnect: failed to register ICC provider
[    1.263272] platform 16f0000.anoc_1_qtb: TBU failed probe, QSMMUV500 cannot continue!
[    1.273202] qnoc-kalama 320c0000.interconnect: Registered ICC provider
[    1.279623] qnoc-kalama 7e40000.interconnect: Registered ICC provider
[    1.280293] qnoc-kalama 7400000.interconnect: Registered ICC provider
[    1.280826] qnoc-kalama 7430000.interconnect: Registered ICC provider
[    1.282196] qnoc-kalama soc:interconnect@1: failed to register ICC provider
[    1.290744] tcsr_cc-kalama 1fc0000.clock-controller: Registered TCSR CC clocks
[    1.291498] arm-scmi soc:qcom,scmi: version 1.0
[    1.301124] qnoc-kalama 1780000.interconnect: failed to register ICC provider
[    1.315931] qnoc-kalama 24100000.interconnect: failed to register ICC provider
[    1.327506] platform 16f0000.anoc_1_qtb: TBU failed probe, QSMMUV500 cannot continue!
[    1.343594] [209]: __qmp_rx_worker: RX int without negotiation ack
[    1.355048] qnoc-kalama soc:interconnect@1: failed to register ICC provider
[    1.369497] qnoc-kalama 1780000.interconnect: failed to register ICC provider
[    1.387212] qcom-llcc-pmu 24095000.llcc-pmu: Registered llcc_pmu, type: 9
[    1.387883] tmecom-qmp-client soc:qcom,tmecom-qmp-client: tmecom probe success
[    1.388845] qnoc-kalama 24100000.interconnect: failed to register ICC provider
[    1.397579] platform 16f0000.anoc_1_qtb: TBU failed probe, QSMMUV500 cannot continue!
[    1.414714] spmi spmi-0: PMIC arbiter version v7 (0x70000001)
[    1.421730] qcom_dload_probe: Current dump mode: 0x10
[    1.421935] qps615_resx0_0p9_vreg: supplied by qps615_bridge0_0p9_vreg
[    1.422186] qps615_resx1_0p9_vreg: supplied by qps615_bridge1_0p9_vreg
[    1.422856] pcie_upd_1p05_vreg: supplied by qps615_resx0_0p9_vreg
[    1.434957] pcie_upd_3p3_vreg: supplied by pcie_upd_1p05_vreg
[    1.457973] upd_rest_vreg: supplied by pcie_upd_3p3_vreg
[    1.468846] usbhub_rest_vreg GPIO handle specifies active low - ignored
[    1.476678] qnoc-kalama soc:interconnect@1: failed to register ICC provider
[    1.490091] qnoc-kalama 1780000.interconnect: failed to register ICC provider
[    1.500391] gpio-keys soc:gpio_key: deferred probe timeout, ignoring dependency
[    1.512649] mem-offline: System booted with no zone movable memory blocks. Cannot perform memory offlining
[    1.513496] qnoc-kalama 24100000.interconnect: failed to register ICC provider
[    1.523901] platform 16f0000.anoc_1_qtb: TBU failed probe, QSMMUV500 cannot continue!
[    1.536093] spmi spmi-1: PMIC arbiter version v7 (0x70000001)
[    1.536381] qnoc-kalama soc:interconnect@1: failed to register ICC provider
[    1.547686] qnoc-kalama 1780000.interconnect: failed to register ICC provider
[    1.557027] gpio-keys soc:gpio_key: deferred probe timeout, ignoring dependency
[    1.566052] qnoc-kalama 24100000.interconnect: failed to register ICC provider
[    1.568338] spmi spmi-0: pmic_arb_wait_for_done: 0xa 0x104: transaction failed (0x3)
[    1.574404] platform 16f0000.anoc_1_qtb: TBU failed probe, QSMMUV500 cannot continue!
[    1.594475] qnoc-kalama soc:interconnect@1: failed to register ICC provider
[    1.595041] spmi spmi-0: pmic_arb_wait_for_done: 0xc 0x104: transaction failed (0x3)
[    1.605160] qnoc-kalama 1780000.interconnect: failed to register ICC provider
[    1.619321] gpio-keys soc:gpio_key: deferred probe timeout, ignoring dependency
[    1.629082] qnoc-kalama 24100000.interconnect: failed to register ICC provider
[    1.639319] platform 16f0000.anoc_1_qtb: TBU failed probe, QSMMUV500 cannot continue!
[    1.641784] NET: Registered PF_QIPCRTR protocol family
[    1.649926] qnoc-kalama soc:interconnect@1: failed to register ICC provider
[    1.661904] qnoc-kalama 1780000.interconnect: failed to register ICC provider
[    1.671716] gpio-keys soc:gpio_key: deferred probe timeout, ignoring dependency
[    1.681298] qnoc-kalama 24100000.interconnect: failed to register ICC provider
[    1.685504] pm_v6e_s1_level: supplied by pm_v6e_s6_mmcx_sup_level
[    1.689748] platform 16f0000.anoc_1_qtb: TBU failed probe, QSMMUV500 cannot continue!
[    1.702826] gpu_cc_cx_gdsc: supplied by pm_v6e_s6_level
[    1.705854] pm_v8_s5_mmcx_voter_level: supplied by pm_v6e_s1_level
[    1.712033] pm_v8_s5_gfx_voter_level: supplied by pm_v6d_s5_level
[    1.712348] gcc-kalama 100000.clock-controller: Registered GCC clocks
[    1.723024] video_cc_mvs1c_gdsc: supplied by pm_v8_s5_mmcx_voter_level
[    1.727242] qcom,rpmh-regulator 17a00000.apps_rsc:drv@2:rpmh-regulator-ldob11: supply proxy not found, using dummy regulator
[    1.731173] cam_cc-kalama ade0000.clock-controller: Registered CAM CC clocks
[    1.741473] qnoc-kalama soc:interconnect@1: failed to register ICC provider
[    1.752858] qnoc-kalama 16c0000.interconnect: Registered ICC provider
[    1.753627] qnoc-kalama 16e0000.interconnect: Registered ICC provider
[    1.754303] qcom,rpmh-regulator 17a00000.apps_rsc:drv@2:rpmh-regulator-ldob12: supply proxy not found, using dummy regulator
[    1.868199] qnoc-kalama 1780000.interconnect: failed to register ICC provider
[    1.887544] gpio-keys soc:gpio_key: deferred probe timeout, ignoring dependency
[    1.904592] rtc-pm8xxx c42d000.qcom,spmi:qcom,pmk8550@0:rtc@6100: registered as rtc0
[    1.904647] rtc-pm8xxx c42d000.qcom,spmi:qcom,pmk8550@0:rtc@6100: setting system clock to 1970-01-01T00:00:05 UTC (5)
[    1.907932] disp_cc-kalama af00000.clock-controller: Registered DISP CC clocks
[    1.920329] cpu cpu0: EM: created perf domain
[    1.923544] cpu cpu3: EM: created perf domain
[    1.927627] cpu cpu7: EM: created perf domain
[    1.929614] qnoc-kalama 24100000.interconnect: failed to register ICC provider
[    1.946713] video_cc-kalama aaf0000.clock-controller: Registered VIDEO CC clocks
[    1.946991] platform 16f0000.anoc_1_qtb: TBU failed probe, QSMMUV500 cannot continue!
[    1.956150] cam_cc_bps_gdsc: supplied by pm_v8_s5_mmcx_voter_level
[    1.956440] cam_cc_ife_0_gdsc: supplied by pm_v8_s5_mmcx_voter_level
[    1.957121] cam_cc_ife_1_gdsc: supplied by pm_v8_s5_mmcx_voter_level
[    1.957574] cam_cc_ife_2_gdsc: supplied by pm_v8_s5_mmcx_voter_level
[    1.958815] cam_cc_ipe_0_gdsc: supplied by pm_v8_s5_mmcx_voter_level
[    1.959178] cam_cc_sbi_gdsc: supplied by pm_v8_s5_mmcx_voter_level
[    1.959380] cam_cc_sfe_0_gdsc: supplied by pm_v8_s5_mmcx_voter_level
[    1.959564] cam_cc_sfe_1_gdsc: supplied by pm_v8_s5_mmcx_voter_level
[    1.959858] disp_cc_mdss_core_gdsc: supplied by pm_v6e_s1_level
[    1.960266] disp_cc_mdss_core_int2_gdsc: supplied by pm_v6e_s1_level
[    1.960561] gcc_pcie_0_gdsc: supplied by pm_v6e_s6_level
[    1.960767] gcc_pcie_0_phy_gdsc: supplied by pm_v6e_s3_level
[    1.961545] gcc_pcie_1_gdsc: supplied by pm_v6e_s6_level
[    1.961991] gcc_pcie_1_phy_gdsc: supplied by pm_v6e_s3_level
[    1.962360] gcc_ufs_mem_phy_gdsc: supplied by pm_v6e_s3_level
[    1.962542] gcc_ufs_phy_gdsc: supplied by pm_v6e_s6_level
[    1.963090] gcc_usb3_phy_gdsc: supplied by pm_v6e_s3_level
[    1.964125] gpu_cc_gx_gdsc: supplied by pm_v8_s5_gfx_voter_level
[    1.964815] video_cc_mvs0c_gdsc: supplied by pm_v8_s5_mmcx_voter_level
[    1.965334] video_cc_mvs1_gdsc: supplied by video_cc_mvs1c_gdsc
[    1.972203] qnoc-kalama soc:interconnect@1: failed to register ICC provider
[    1.983577] qnoc-kalama 1780000.interconnect: failed to register ICC provider
[    1.995782] gpio-keys soc:gpio_key: deferred probe timeout, ignoring dependency
[    1.997080] rpmh_regulator_probe: ldok1: could not find RPMh address for resource
[    2.005316] qnoc-kalama 24100000.interconnect: Registered ICC provider
[    2.012512] rpmh_regulator_probe: ldok2: could not find RPMh address for resource
[    2.012727] platform 16f0000.anoc_1_qtb: TBU failed probe, QSMMUV500 cannot continue!
[    2.020958] rpmh_regulator_probe: ldok3: could not find RPMh address for resource
[    2.030056] video_cc_mvs0_gdsc: supplied by video_cc_mvs0c_gdsc
[    2.038103] rpmh_regulator_probe: ldok4: could not find RPMh address for resource
[    2.038518] qnoc-kalama soc:interconnect@1: Registered ICC provider
[    2.046551] rpmh_regulator_probe: ldok5: could not find RPMh address for resource
[    2.047590] qnoc-kalama 1780000.interconnect: Registered ICC provider
[    2.054970] rpmh_regulator_probe: ldok6: could not find RPMh address for resource
[    2.055101] gpio-keys soc:gpio_key: deferred probe timeout, ignoring dependency
[    2.063393] rpmh_regulator_probe: ldok7: could not find RPMh address for resource
[    2.071698] qsmmuv500-tbu 16f0000.anoc_1_qtb: Unable to get the transactiontracker-base
[    2.080003] rpmh_regulator_probe: ldol3: could not find RPMh address for resource
[    2.080060] qsmmuv500-tbu 171a000.anoc_2_qtb: Unable to get the transactiontracker-base
[    2.088423] rpmh_regulator_probe: ldol4: could not find RPMh address for resource
[    2.088479] qsmmuv500-tbu 17d2000.cam_hf_qtb: Unable to get the transactiontracker-base
[    2.096845] rpmh_regulator_probe: ldol5: could not find RPMh address for resource
[    2.096896] qsmmuv500-tbu 523000.nsp_qtb: Unable to get the transactiontracker-base
[    2.105264] rpmh_regulator_probe: ldol6: could not find RPMh address for resource
[    2.105320] qsmmuv500-tbu 503000.lpass_qtb: Unable to get the transactiontracker-base
[    2.113686] rpmh_regulator_probe: ldol7: could not find RPMh address for resource
[    2.113737] qsmmuv500-tbu 16cd000.pcie_qtb: Unable to get the transactiontracker-base
[    2.122107] rpmh_regulator_probe: ldom1: could not find RPMh address for resource
[    2.122159] qsmmuv500-tbu 17d1000.sf_qtb: Unable to get the transactiontracker-base
[    2.130527] rpmh_regulator_probe: ldom2: could not find RPMh address for resource
[    2.130922] qsmmuv500-tbu 17d0000.mdp_hf_qtb: Unable to get the transactiontracker-base
[    2.138949] rpmh_regulator_probe: ldom3: could not find RPMh address for resource
[    2.140874] arm-smmu 15000000.apps-smmu: probing hardware configuration...
[    2.147364] rpmh_regulator_probe: ldom4: could not find RPMh address for resource
[    2.155119] arm-smmu 15000000.apps-smmu: SMMUv2 with:
[    2.163530] rpmh_regulator_probe: ldom5: could not find RPMh address for resource
[    2.169433] arm-smmu 15000000.apps-smmu: 	stage 1 translation
[    2.177830] rpmh_regulator_probe: ldom6: could not find RPMh address for resource
[    2.184436] arm-smmu 15000000.apps-smmu: 	coherent table walk
[    2.192843] rpmh_regulator_probe: ldom7: could not find RPMh address for resource
[    2.199445] arm-smmu 15000000.apps-smmu: 	stream matching with 105 register groups
[    2.207857] rpmh_regulator_probe: ldon1: could not find RPMh address for resource
[    2.216338] arm-smmu 15000000.apps-smmu: 	70 context banks (0 stage-2 only)
[    2.224741] rpmh_regulator_probe: ldon2: could not find RPMh address for resource
[    2.232611] arm-smmu 15000000.apps-smmu: 	Supported page sizes: 0x61311000
[    2.240995] rpmh_regulator_probe: ldon3: could not find RPMh address for resource
[    2.248748] arm-smmu 15000000.apps-smmu: 	Stage-1: 36-bit VA -> 36-bit IPA
[    2.257159] rpmh_regulator_probe: ldon4: could not find RPMh address for resource
[    2.268536] cam_cc_titan_top_gdsc: supplied by pm_v8_s5_mmcx_voter_level
[    2.273323] rpmh_regulator_probe: ldon5: could not find RPMh address for resource
[    2.273863] ufshcd-qcom 1d84000.ufshc: Adding to iommu group 0
[    2.281743] rpmh_regulator_probe: ldon6: could not find RPMh address for resource
[    2.285110] ufshcd-qcom 1d84000.ufshc: ufshcd_populate_vreg: unable to find vdd-hba-max-microamp
[    2.290153] ufshcd-qcom 1d84000.ufshc: ufshcd_populate_vreg: Unable to find vccq2-supply regulator, assuming enabled
[    2.290160] rpmh_regulator_probe: ldon7: could not find RPMh address for resource
[    2.296928] ufshcd-qcom 1d84000.ufshc: Found QC Inline Crypto Engine (ICE) v4.0.1
[    2.301484] scsi host0: ufshcd
[    2.307761] core_ctl: Creating CPU group 0
[    2.307766] core_ctl: Init CPU0 state
[    2.307768] core_ctl: Init CPU1 state
[    2.307770] core_ctl: Init CPU2 state
[    2.307787] core_ctl: Creating CPU group 3
[    2.307789] core_ctl: Init CPU3 state
[    2.307790] core_ctl: Init CPU4 state
[    2.307792] core_ctl: Init CPU5 state
[    2.307794] core_ctl: Init CPU6 state
[    2.307812] core_ctl: Creating CPU group 7
[    2.307814] core_ctl: Init CPU7 state
[    2.325590] geni_se_qup ac0000.qcom,qupv3_1_geni_se: Adding to iommu group 1
[    2.333888] a9c000.qcom,qup_uart: ttyMSM0 at MMIO 0xa9c000 (irq = 367, base_baud = 0) is a MSM
[    2.341253] printk: console [ttyMSM0] enabled
[    2.341256] printk: bootconsole [qcom_geni0] disabled
[    2.365497] geni_se_qup 8c0000.qcom,qupv3_2_geni_se: Adding to iommu group 2
[    2.379378] qcom-bwmon: Zone thres larger than hw limit: hi:267 med:400 lo:0
[    2.379457] sdhci_msm 8804000.sdhci: deferred probe timeout, ignoring dependency
[    2.387481] gpio-keys soc:gpio_key: deferred probe timeout, ignoring dependency
[    2.395877] scsi 0:0:0:49488: Well-known LUN    SKhynix  HN8T05DEHKX073   A002 PQ: 0 ANSI: 6
[    2.404324] gpio-keys soc:gpio_key: deferred probe timeout, ignoring dependency
[    2.404514] sdhci_msm 8804000.sdhci: deferred probe timeout, ignoring dependency
[    2.416965] scsi 0:0:0:49476: Well-known LUN    SKhynix  HN8T05DEHKX073   A002 PQ: 0 ANSI: 6
[    2.421952] gpio-keys soc:gpio_key: deferred probe timeout, ignoring dependency
[    2.422142] sdhci_msm 8804000.sdhci: deferred probe timeout, ignoring dependency
[    2.432200] scsi 0:0:0:49456: Well-known LUN    SKhynix  HN8T05DEHKX073   A002 PQ: 0 ANSI: 6
[    2.468982] scsi 0:0:0:0: Direct-Access     SKhynix  HN8T05DEHKX073   A002 PQ: 0 ANSI: 6
[    2.481742] scsi 0:0:0:1: Direct-Access     SKhynix  HN8T05DEHKX073   A002 PQ: 0 ANSI: 6
[    2.482380] sd 0:0:0:0: [sda] 30150656 4096-byte logical blocks: (123 GB/115 GiB)
[    2.493346] scsi 0:0:0:2: Direct-Access     SKhynix  HN8T05DEHKX073   A002 PQ: 0 ANSI: 6
[    2.494145] sd 0:0:0:1: [sdb] 5120 4096-byte logical blocks: (21.0 MB/20.0 MiB)
[    2.494255] sd 0:0:0:1: [sdb] Write Protect is off
[    2.494259] sd 0:0:0:1: [sdb] Mode Sense: 00 32 00 10
[    2.494480] sd 0:0:0:1: [sdb] Disabling FUA
[    2.494484] sd 0:0:0:1: [sdb] Write cache: disabled, read cache: enabled, doesn't support DPO or FUA
[    2.494592] sd 0:0:0:1: [sdb] Optimal transfer size 524288 bytes
[    2.500060] sd 0:0:0:0: [sda] Write Protect is off
[    2.500233]  sdb: sdb1 sdb2 sdb3 sdb4 sdb5
[    2.503414] sd 0:0:0:1: [sdb] Attached SCSI disk
[    2.504024] gpio-keys soc:gpio_key: deferred probe timeout, ignoring dependency
[    2.504176] sdhci_msm 8804000.sdhci: deferred probe timeout, ignoring dependency
[    2.509911] scsi 0:0:0:3: Direct-Access     SKhynix  HN8T05DEHKX073   A002 PQ: 0 ANSI: 6
[    2.511274] sd 0:0:0:2: [sdc] 5120 4096-byte logical blocks: (21.0 MB/20.0 MiB)
[    2.511382] sd 0:0:0:2: [sdc] Write Protect is off
[    2.511385] sd 0:0:0:2: [sdc] Mode Sense: 00 32 00 10
[    2.512329] sd 0:0:0:2: [sdc] Disabling FUA
[    2.512336] sd 0:0:0:2: [sdc] Write cache: disabled, read cache: enabled, doesn't support DPO or FUA
[    2.512758] sd 0:0:0:2: [sdc] Optimal transfer size 524288 bytes
[    2.516443] sd 0:0:0:0: [sda] Mode Sense: 00 32 00 10
[    2.516748] sd 0:0:0:0: [sda] Disabling FUA
[    2.518500]  sdc: sdc1 sdc2 sdc3 sdc4 sdc5
[    2.521608] sd 0:0:0:2: [sdc] Attached SCSI disk
[    2.522046] gpio-keys soc:gpio_key: deferred probe timeout, ignoring dependency
[    2.522464] sdhci_msm 8804000.sdhci: deferred probe timeout, ignoring dependency
[    2.524656] scsi 0:0:0:4: Direct-Access     SKhynix  HN8T05DEHKX073   A002 PQ: 0 ANSI: 6
[    2.527119] sd 0:0:0:0: [sda] Write cache: enabled, read cache: enabled, doesn't support DPO or FUA
[    2.527317] sd 0:0:0:3: [sdd] 8192 4096-byte logical blocks: (33.6 MB/32.0 MiB)
[    2.528060] scsi 0:0:0:5: Direct-Access     SKhynix  HN8T05DEHKX073   A002 PQ: 0 ANSI: 6
[    2.528718] sd 0:0:0:3: [sdd] Write Protect is off
[    2.528722] sd 0:0:0:3: [sdd] Mode Sense: 00 32 00 10
[    2.529270] sd 0:0:0:3: [sdd] Disabling FUA
[    2.529274] sd 0:0:0:3: [sdd] Write cache: enabled, read cache: enabled, doesn't support DPO or FUA
[    2.529388] sd 0:0:0:3: [sdd] Optimal transfer size 524288 bytes
[    2.539114] sd 0:0:0:5: [sdf] 8192 4096-byte logical blocks: (33.6 MB/32.0 MiB)
[    2.539687]  sdd: sdd1 sdd2 sdd3
[    2.543392] sd 0:0:0:0: [sda] Optimal transfer size 524288 bytes
[    2.545541] sd 0:0:0:3: [sdd] Attached SCSI disk
[    2.546178] gpio-keys soc:gpio_key: deferred probe timeout, ignoring dependency
[    2.546686] sdhci_msm 8804000.sdhci: deferred probe timeout, ignoring dependency
[    2.548468] sd 0:0:0:5: [sdf] Write Protect is off
[    2.559506] sd 0:0:0:4: [sde] 1048576 4096-byte logical blocks: (4.29 GB/4.00 GiB)
[    2.564899] sd 0:0:0:5: [sdf] Mode Sense: 00 32 00 10
[    2.565084] sd 0:0:0:5: [sdf] Disabling FUA
[    2.574549] sd 0:0:0:4: [sde] Write Protect is off
[    2.582175] sd 0:0:0:5: [sdf] Write cache: enabled, read cache: enabled, doesn't support DPO or FUA
[    2.583150]  sda: sda1
[    2.583949] sd 0:0:0:5: [sdf] Optimal transfer size 524288 bytes
[    2.587183]  sdf: sdf1 sdf2 sdf3 sdf4 sdf5
[    2.587859] sd 0:0:0:4: [sde] Mode Sense: 00 32 00 10
[    2.589636] sd 0:0:0:5: [sdf] Attached SCSI disk
[    2.590089] gpio-keys soc:gpio_key: deferred probe timeout, ignoring dependency
[    2.590581] sdhci_msm 8804000.sdhci: deferred probe timeout, ignoring dependency
[    2.609204] sd 0:0:0:0: [sda] Attached SCSI disk
[    2.613768] sd 0:0:0:4: [sde] Disabling FUA
[    2.635481] gpio-keys soc:gpio_key: deferred probe timeout, ignoring dependency
[    2.639044] sd 0:0:0:4: [sde] Write cache: enabled, read cache: enabled, doesn't support DPO or FUA
[    2.639581] sd 0:0:0:4: [sde] Optimal transfer size 524288 bytes
[    2.649737] sdhci_msm 8804000.sdhci: deferred probe timeout, ignoring dependency
[    2.662007]  sde: sde1 sde2 sde3 sde4 sde5 sde6 sde7 sde8 sde9 sde10 sde11 sde12 sde13 sde14 sde15 sde16 sde17 sde18 sde19 sde20 sde21 sde22 sde23 sde24 sde25 sde26 sde27 sde28 sde29 sde30 sde31 sde32 sde33 sde34 sde35 sde36 sde37 sde38 sde39 sde40 sde41 sde42 sde43 sde44 sde45 sde46 sde47 sde48 sde49 sde50 sde51 sde52 sde53 sde54 sde55 sde56 sde57 sde58 sde59 sde60 sde61 sde62 sde63 sde64 sde65 sde66 sde67 sde68 sde69 sde70
[    2.821585] sd 0:0:0:4: [sde] Attached SCSI disk
[    2.827839] gpio-keys soc:gpio_key: deferred probe timeout, ignoring dependency
[    2.836503] sdhci_msm 8804000.sdhci: deferred probe timeout, ignoring dependency
[    2.847284] systemd-modules (150) used greatest stack depth: 11088 bytes left
[    2.997394] fsck.ext4 (278) used greatest stack depth: 10592 bytes left
[    3.116733] EXT4-fs (sda1): mounted filesystem with ordered data mode. Opts: (null). Quota mode: none.
[    3.827143] systemd-udevd (192) used greatest stack depth: 10464 bytes left
[    4.022763] systemd-journald[138]: Received SIGTERM from PID 1 (systemd).
[    4.168170] systemd[1]: System time before build time, advancing clock.
[    4.181400] systemd[1]: Failed to find module 'autofs4'
[    4.190393] systemd[1]: systemd 249.11-0ubuntu3.12 running in system mode (+PAM +AUDIT +SELINUX +APPARMOR +IMA +SMACK +SECCOMP +GCRYPT +GNUTLS +OPENSSL +ACL +BLKID +CURL +ELFUTILS +FIDO2 +IDN2 -IDN +IPTC +KMOD +LIBCRYPTSETUP +LIBFDISK +PCRE2 -PWQUALITY -P11KIT -QRENCODE +BZIP2 +LZ4 +XZ +ZLIB +ZSTD -XKBCOMMON +UTMP +SYSVINIT default-hierarchy=unified)
[    4.190613] systemd[1]: Detected virtualization vm-other.
[    4.190619] systemd[1]: Detected architecture arm64.
[    4.301366] systemd[1]: /lib/systemd/system/rmt_storage.service:9: Special user nobody configured, this is not safe!
[    4.352676] systemd[1]: /lib/systemd/system/perf-hal.service:10: Unknown key name 'Require' in section 'Unit', ignoring.
[    4.354828] systemd[1]: Configuration file /etc/systemd/system/init_display.service is marked executable. Please remove executable permission bits. Proceeding anyway.
[    4.355130] systemd[1]: Configuration file /lib/systemd/system/eva.service is marked executable. Please remove executable permission bits. Proceeding anyway.
[    4.477731] systemd[1]: initrd-switch-root.service: Deactivated successfully.
[    4.478127] systemd[1]: Stopped Switch Root.
[    4.486695] systemd[1]: systemd-journald.service: Scheduled restart job, restart counter is at 1.
[    4.487089] systemd[1]: Created slice Slice /system/serial-getty.
[    4.498743] systemd[1]: Created slice User and Session Slice.
[    4.510489] systemd[1]: Started Dispatch Password Requests to Console Directory Watch.
[    4.522444] systemd[1]: Started Forward Password Requests to Wall Directory Watch.
[    4.534476] systemd[1]: Starting of Arbitrary Executable File Formats File System Automount Point unsupported.
[    4.546527] systemd[1]: Reached target Local Encrypted Volumes.
[    4.558411] systemd[1]: Stopped target Switch Root.
[    4.566397] systemd[1]: Stopped target Initrd File Systems.
[    4.578438] systemd[1]: Stopped target Initrd Root File System.
[    4.590413] systemd[1]: Reached target Remote Encrypted Volumes.
[    4.602431] systemd[1]: Reached target Remote File Systems.
[    4.614411] systemd[1]: Reached target Remote Verity Protected Volumes.
[    4.626413] systemd[1]: Reached target Slice Units.
[    4.634394] systemd[1]: Reached target Swaps.
[    4.642411] systemd[1]: Reached target System Time Set.
[    4.654453] systemd[1]: Reached target Local Verity Protected Volumes.
[    4.666466] systemd[1]: Listening on initctl Compatibility Named Pipe.
[    4.678522] systemd[1]: systemd-networkd.socket: Socket service systemd-networkd.service not loaded, refusing.
[    4.689561] systemd[1]: Failed to listen on Network Service Netlink Socket.
[    4.718590] systemd[1]: Listening on udev Control Socket.
[    4.730511] systemd[1]: Listening on udev Kernel Socket.
[    4.742557] systemd[1]: Condition check resulted in Huge Pages File System being skipped.
[    4.742633] systemd[1]: Condition check resulted in POSIX Message Queue File System being skipped.
[    4.742674] systemd[1]: Stopped Journal Service.
[    4.750580] systemd[1]: Listening on Syslog Socket.
[    4.760961] systemd[1]: Starting Journal Service...
[    4.767379] systemd[1]: Starting Create binderfs for binder usage...
[    4.780095] systemd[1]: Started irsc-util Service.
[    4.787846] systemd[1]: Starting Set the console keyboard layout...
[    4.798866] systemd[1]: Condition check resulted in Create List of Static Device Nodes being skipped.
[    4.798902] systemd[1]: linkmodulesload.service: Deactivated successfully.
[    4.799008] systemd[1]: Stopped linkmodulesload.service.
[    4.811591] systemd[1]: Starting Load Kernel Module configfs...
[    4.819921] systemd[1]: Starting Load Kernel Module drm...
[    4.827530] systemd[1]: Starting Load Kernel Module efi_pstore...
[    4.839653] systemd[1]: Starting Load Kernel Module fuse...
[    4.847574] systemd[1]: Starting Create workdirs for overlayfs usage...
[    4.859450] systemd[1]: Started qrtr-ns Service.
[    4.867964] systemd[1]: Started Set SLOT_SUFFIX in systemd environment.
[    4.878620] systemd[1]: systemd-fsck-root.service: Deactivated successfully.
[    4.878764] systemd[1]: Stopped File System Check on Root Device.
[    4.892846] systemd[1]: Starting Load Kernel Modules...
[    4.899775] systemd[1]: Starting Generate network units from Kernel command line...
[    4.905045] abctl (340) used greatest stack depth: 10432 bytes left
[    4.911976] systemd[1]: Starting Remount Root and Kernel File Systems...
[    4.920852] gpio-keys soc:gpio_key: deferred probe timeout, ignoring dependency
[    4.921359] sdhci_msm 8804000.sdhci: deferred probe timeout, ignoring dependency
[    4.924127] systemd[1]: Starting Coldplug All udev Devices...
[    4.925391] usbcore: registered new interface driver ax_usb_nic
[    4.927791] gpio-keys soc:gpio_key: deferred probe timeout, ignoring dependency
[    4.928569] sdhci_msm 8804000.sdhci: deferred probe timeout, ignoring dependency
[    4.930603] gpio-keys soc:gpio_key: deferred probe timeout, ignoring dependency
[    4.931390] sdhci_msm 8804000.sdhci: deferred probe timeout, ignoring dependency
[    4.933036] gpio-keys soc:gpio_key: deferred probe timeout, ignoring dependency
[    4.933792] sdhci_msm 8804000.sdhci: deferred probe timeout, ignoring dependency
[    4.936480] mpm_hr_counter: can't find DT node
[    4.936487] KPI: Bootloader start count = 76450
[    4.936491] KPI: Bootloader end count = 98090
[    4.936496] KPI: Bootloader load kernel count = 1572
[    4.936501] KPI: Kernel MPM timestamp = 278364
[    4.936503] KPI: Kernel MPM Clock frequency = 32768
[    4.937347] systemd[1]: Started Staring tftp server.
[    4.937995] cdsp-loader soc:qcom,msm-cdsp-loader: cdsp_loader_probe: rproc not found
[    4.956749] cdsprm: Init successful
[    4.961492] systemd[1]: Started Journal Service.
[    4.976175] cfg80211: Loading compiled-in X.509 certificates for regulatory database
[    4.976563] cfg80211: Loaded X.509 cert 'sforshee: 00b28ddf47aef9cea7'
[    4.978067] platform regulatory.0: Direct firmware load for regulatory.db failed with error -2
[    4.978076] cfg80211: failed to load regulatory.db
[    4.986266] msm_hang_detect_probe: Missing cluster-id.
[    4.993301] gpio-keys soc:gpio_key: deferred probe timeout, ignoring dependency
[    4.994179] cdsp-loader soc:qcom,msm-cdsp-loader: cdsp_loader_probe: rproc not found
[    4.994242] udevadm (359) used greatest stack depth: 9632 bytes left
[    4.994248] sdhci_msm 8804000.sdhci: deferred probe timeout, ignoring dependency
[    5.003846]  cs_system_cfg: CoreSight Configuration manager initialised
[    5.006815] coresight-csr 10001000.csr: CSR initialized: coresight-csr
[    5.007054] coresight-csr 10b11000.csr: CSR initialized: coresight-swao-csr
[    5.007093] gpio-keys soc:gpio_key: deferred probe timeout, ignoring dependency
[    5.007900] cdsp-loader soc:qcom,msm-cdsp-loader: cdsp_loader_probe: rproc not found
[    5.007948] sdhci_msm 8804000.sdhci: deferred probe timeout, ignoring dependency
[    5.017950] coresight coresight-cti-qc_cti: CTI initialized
[    5.018084] gpio-keys soc:gpio_key: deferred probe timeout, ignoring dependency
[    5.018879] cdsp-loader soc:qcom,msm-cdsp-loader: cdsp_loader_probe: rproc not found
[    5.018956] sdhci_msm 8804000.sdhci: deferred probe timeout, ignoring dependency
[    5.022170] coresight coresight-cti-cti0: CTI initialized
[    5.023368] coresight coresight-cti-dlmm_cti0: CTI initialized
[    5.024531] coresight coresight-cti-ddr_dl_0_cti_0: CTI initialized
[    5.025755] coresight coresight-cti-ddr_ch02_dl_cti_0: CTI initialized
[    5.027304] coresight coresight-cti-ddr_ch13_dl_cti_0: CTI initialized
[    5.027713] gpio-keys soc:gpio_key: deferred probe timeout, ignoring dependency
[    5.028323] coresight coresight-cti-lpass_dl_cti: CTI initialized
[    5.028447] cdsp-loader soc:qcom,msm-cdsp-loader: cdsp_loader_probe: rproc not found
[    5.028516] sdhci_msm 8804000.sdhci: deferred probe timeout, ignoring dependency
[    5.038820] gpio-keys soc:gpio_key: deferred probe timeout, ignoring dependency
[    5.038936] coresight coresight-cti-iris_dl_cti: CTI initialized
[    5.039531] sdhci_msm 8804000.sdhci: deferred probe timeout, ignoring dependency
[    5.039579] cdsp-loader soc:qcom,msm-cdsp-loader: cdsp_loader_probe: rproc not found
[    5.040385] coresight coresight-cti-mdss_dl_cti: CTI initialized
[    5.048363] gpio-keys soc:gpio_key: deferred probe timeout, ignoring dependency
[    5.048963] coresight coresight-cti-turing_dl_cti_0: CTI initialized
[    5.049060] cdsp-loader soc:qcom,msm-cdsp-loader: cdsp_loader_probe: rproc not found
[    5.049181] sdhci_msm 8804000.sdhci: deferred probe timeout, ignoring dependency
[    5.060367] gpio-keys soc:gpio_key: deferred probe timeout, ignoring dependency
[    5.063052] coresight coresight-cti-turing_q6_cti: CTI initialized
[    5.063506] cdsp-loader soc:qcom,msm-cdsp-loader: cdsp_loader_probe: rproc not found
[    5.063532] sdhci_msm 8804000.sdhci: deferred probe timeout, ignoring dependency
[    5.064510] coresight coresight-cti-swao_cti: CTI initialized
[    5.065645] coresight coresight-cti-ddr_dl_1_cti_0: CTI initialized
[    5.066826] coresight coresight-cti-apss_cti0: CTI initialized
[    5.068200] coresight coresight-cti-apss_cti1: CTI initialized
[    5.070385] coresight coresight-cti-apss_cti2: CTI initialized
[    5.071397] coresight coresight-cti-mss_q6_cti: CTI initialized
[    5.072321] gpio-keys soc:gpio_key: deferred probe timeout, ignoring dependency
[    5.072513] coresight coresight-cti-modem_tp_cti: CTI initialized
[    5.073209] sdhci_msm 8804000.sdhci: deferred probe timeout, ignoring dependency
[    5.073210] cdsp-loader soc:qcom,msm-cdsp-loader: cdsp_loader_probe: rproc not found
[    5.073332] gpio-keys soc:gpio_key: deferred probe timeout, ignoring dependency
[    5.073389] coresight coresight-cti-apss_atb_cti: CTI initialized
[    5.075885] coresight coresight-cti-cpu0: CTI initialized
[    5.077077] coresight coresight-cti-cpu1: CTI initialized
[    5.078264] coresight coresight-cti-cpu2: CTI initialized
[    5.079463] coresight coresight-cti-cpu3: CTI initialized
[    5.080639] coresight coresight-cti-cpu4: CTI initialized
[    5.081813] coresight coresight-cti-cpu5: CTI initialized
[    5.082604] cdsp-loader soc:qcom,msm-cdsp-loader: cdsp_loader_probe: rproc not found
[    5.082846] coresight coresight-cti-cpu6: CTI initialized
[    5.094155] gpio-keys soc:gpio_key: deferred probe timeout, ignoring dependency
[    5.094622] sdhci_msm 8804000.sdhci: deferred probe timeout, ignoring dependency
[    5.095409] cdsp-loader soc:qcom,msm-cdsp-loader: cdsp_loader_probe: rproc not found
[    5.095490] coresight coresight-cti-cpu7: CTI initialized
[    5.107887] gpio-keys soc:gpio_key: deferred probe timeout, ignoring dependency
[    5.108711] sdhci_msm 8804000.sdhci: deferred probe timeout, ignoring dependency
[    5.108757] cdsp-loader soc:qcom,msm-cdsp-loader: cdsp_loader_probe: rproc not found
[    5.118881] keyboard-setup. (319) used greatest stack depth: 9520 bytes left
[    5.119076] coresight-dummy soc:tpdm_lpass_lpi: Dummy device initialized
[    5.119419] gpio-keys soc:gpio_key: deferred probe timeout, ignoring dependency
[    5.119510] coresight-dummy soc:lpass_stm: Dummy device initialized
[    5.120199] coresight-dummy soc:tpdm_turing_llm: Dummy device initialized
[    5.120231] cdsp-loader soc:qcom,msm-cdsp-loader: cdsp_loader_probe: rproc not found
[    5.120389] sdhci_msm 8804000.sdhci: deferred probe timeout, ignoring dependency
[    5.120843] coresight-dummy soc:snoc: Dummy device initialized
[    5.121464] coresight-dummy soc:modem_diag: Dummy device initialized
[    5.121815] coresight-dummy soc:tpdm_lpicc: Dummy device initialized
[    5.122453] coresight-dummy soc:gladiator: Dummy device initialized
[    5.122638] coresight-dummy soc:dummy_sink: Dummy device initialized
[    5.133181] gpio-keys soc:gpio_key: deferred probe timeout, ignoring dependency
[    5.133696] cdsp-loader soc:qcom,msm-cdsp-loader: cdsp_loader_probe: rproc not found
[    5.145392] sdhci_msm 8804000.sdhci: deferred probe timeout, ignoring dependency
[    5.150783] CSCFG registered coresight-ete0
[    5.150787] coresight coresight-ete0: CPU0: coresight-ete v1.0 initialized
[    5.150946] gpio-keys soc:gpio_key: deferred probe timeout, ignoring dependency
[    5.151501] cdsp-loader soc:qcom,msm-cdsp-loader: cdsp_loader_probe: rproc not found
[    5.151503] CSCFG registered coresight-ete1
[    5.159987] coresight coresight-ete1: CPU1: coresight-ete v1.0 initialized
[    5.160246] gpio-keys soc:gpio_key: deferred probe timeout, ignoring dependency
[    5.160566] CSCFG registered coresight-ete2
[    5.160569] coresight coresight-ete2: CPU2: coresight-ete v1.0 initialized
[    5.160640] sdhci_msm 8804000.sdhci: deferred probe timeout, ignoring dependency
[    5.161196] CSCFG registered coresight-ete3
[    5.161199] coresight coresight-ete3: CPU3: coresight-ete v1.0 initialized
[    5.161322] cdsp-loader soc:qcom,msm-cdsp-loader: cdsp_loader_probe: rproc not found
[    5.162077] CSCFG registered coresight-ete4
[    5.170009] coresight coresight-ete4: CPU4: coresight-ete v1.0 initialized
[    5.170437] gpio-keys soc:gpio_key: deferred probe timeout, ignoring dependency
[    5.171136] CSCFG registered coresight-ete5
[    5.171140] coresight coresight-ete5: CPU5: coresight-ete v1.0 initialized
[    5.171303] sdhci_msm 8804000.sdhci: deferred probe timeout, ignoring dependency
[    5.171387] cdsp-loader soc:qcom,msm-cdsp-loader: cdsp_loader_probe: rproc not found
[    5.171826] CSCFG registered coresight-ete6
[    5.180073] coresight coresight-ete6: CPU6: coresight-ete v1.0 initialized
[    5.180210] gpio-keys soc:gpio_key: deferred probe timeout, ignoring dependency
[    5.180673] CSCFG registered coresight-ete7
[    5.180676] coresight coresight-ete7: CPU7: coresight-ete v1.0 initialized
[    5.181086] cdsp-loader soc:qcom,msm-cdsp-loader: cdsp_loader_probe: rproc not found
[    5.181113] sdhci_msm 8804000.sdhci: deferred probe timeout, ignoring dependency
[    5.190031] gpio-keys soc:gpio_key: deferred probe timeout, ignoring dependency
[    5.197948] cdsp-loader soc:qcom,msm-cdsp-loader: cdsp_loader_probe: rproc not found
[    5.198023] sdhci_msm 8804000.sdhci: deferred probe timeout, ignoring dependency
[    5.207142] gpio-keys soc:gpio_key: deferred probe timeout, ignoring dependency
[    5.208141] cdsp-loader soc:qcom,msm-cdsp-loader: cdsp_loader_probe: rproc not found
[    5.217148] gpio-keys soc:gpio_key: deferred probe timeout, ignoring dependency
[    5.217404] sdhci_msm 8804000.sdhci: deferred probe timeout, ignoring dependency
[    5.217765] cdsp-loader soc:qcom,msm-cdsp-loader: cdsp_loader_probe: rproc not found
[    5.226600] gpio-keys soc:gpio_key: deferred probe timeout, ignoring dependency
[    5.227354] cdsp-loader soc:qcom,msm-cdsp-loader: cdsp_loader_probe: rproc not found
[    5.227378] sdhci_msm 8804000.sdhci: deferred probe timeout, ignoring dependency
[    5.237269] gpio-keys soc:gpio_key: deferred probe timeout, ignoring dependency
[    5.238013] cdsp-loader soc:qcom,msm-cdsp-loader: cdsp_loader_probe: rproc not found
[    5.248230] gpio-keys soc:gpio_key: deferred probe timeout, ignoring dependency
[    5.248395] sdhci_msm 8804000.sdhci: deferred probe timeout, ignoring dependency
[    5.252398] coresight-remote-etm soc:audio_etm0: Remote ETM initialized
[    5.253302] cdsp-loader soc:qcom,msm-cdsp-loader: cdsp_loader_probe: rproc not found
[    5.253793] coresight-remote-etm soc:turing_etm0: Remote ETM initialized
[    5.262114] gpio-keys soc:gpio_key: deferred probe timeout, ignoring dependency
[    5.263371] sdhci_msm 8804000.sdhci: deferred probe timeout, ignoring dependency
[    5.263744] coresight-remote-etm soc:modem_etm0: Remote ETM initialized
[    5.265265] cdsp-loader soc:qcom,msm-cdsp-loader: cdsp_loader_probe: rproc not found
[    5.266016] coresight-remote-etm soc:modem2_etm0: Remote ETM initialized
[    5.274247] gpio-keys soc:gpio_key: deferred probe timeout, ignoring dependency
[    5.275245] sdhci_msm 8804000.sdhci: deferred probe timeout, ignoring dependency
[    5.275494] cdsp-loader soc:qcom,msm-cdsp-loader: cdsp_loader_probe: rproc not found
[    5.285985] gpio-keys soc:gpio_key: deferred probe timeout, ignoring dependency
[    5.292572] cdsp-loader soc:qcom,msm-cdsp-loader: cdsp_loader_probe: rproc not found
[    5.292887] systemd-journald[316]: Received client request to flush runtime journal.
[    5.293459] sdhci_msm 8804000.sdhci: deferred probe timeout, ignoring dependency
[    5.301414] gpio-keys soc:gpio_key: deferred probe timeout, ignoring dependency
[    5.301963] cdsp-loader soc:qcom,msm-cdsp-loader: cdsp_loader_probe: rproc not found
[    5.302092] sdhci_msm 8804000.sdhci: deferred probe timeout, ignoring dependency
[    5.323148] systemd-journald[316]: File /var/log/journal/5ce568247a57430a8a713a52ff03f61a/system.journal corrupted or uncleanly shut down, renaming and replacing.
[    5.324716] coresight coresight-stm: STM32 initialized
[    5.325261] gpio-keys soc:gpio_key: deferred probe timeout, ignoring dependency
[    5.325872] cdsp-loader soc:qcom,msm-cdsp-loader: cdsp_loader_probe: rproc not found
[    5.335809] sdhci_msm 8804000.sdhci: deferred probe timeout, ignoring dependency
[    5.336201] gpio-keys soc:gpio_key: deferred probe timeout, ignoring dependency
[    5.336838] cdsp-loader soc:qcom,msm-cdsp-loader: cdsp_loader_probe: rproc not found
[    5.345862] gpio-keys soc:gpio_key: deferred probe timeout, ignoring dependency
[    5.346446] sdhci_msm 8804000.sdhci: deferred probe timeout, ignoring dependency
[    5.349271] cdsp-loader soc:qcom,msm-cdsp-loader: cdsp_loader_probe: rproc not found
[    5.366254] gpio-keys soc:gpio_key: deferred probe timeout, ignoring dependency
[    5.367055] cdsp-loader soc:qcom,msm-cdsp-loader: cdsp_loader_probe: rproc not found
[    5.367173] sdhci_msm 8804000.sdhci: deferred probe timeout, ignoring dependency
[    5.386469] 88e0000.qcom,msm-eud: ttyEUD0 at MMIO 0x0 (irq = 377, base_baud = 0) is a EUD UART
[    5.387766] gpio-keys soc:gpio_key: deferred probe timeout, ignoring dependency
[    5.388508] cdsp-loader soc:qcom,msm-cdsp-loader: cdsp_loader_probe: rproc not found
[    5.403220] sdhci_msm 8804000.sdhci: deferred probe timeout, ignoring dependency
[    5.531666] msm-dwc3 a600000.ssusb: IRQ hs_phy_irq not found
[    5.548014] msm-dwc3 a600000.ssusb: Nominal values not found.
[    5.554685] msm-dwc3 a600000.ssusb: Using default bus votes
[    5.563517] msm-dwc3 a600000.ssusb: unable to get hsphy device
[    5.605893] IPA framework init
[    5.612384] msm_sps_probe: sps:sps is ready
[    5.612742] gpio-keys soc:gpio_key: deferred probe timeout, ignoring dependency
[    5.614778] cdsp-loader soc:qcom,msm-cdsp-loader: cdsp_loader_probe: rproc not found
[    5.631230] sdhci_msm 8804000.sdhci: deferred probe timeout, ignoring dependency
[    5.642961] msm-dwc3 a600000.ssusb: IRQ hs_phy_irq not found
[    5.650793] msm-dwc3 a600000.ssusb: Nominal values not found.
[    5.657449] msm-dwc3 a600000.ssusb: Using default bus votes
[    5.657626] msm-dwc3 a600000.ssusb: unable to get hsphy device
[    5.735914] gpio-keys soc:gpio_key: deferred probe timeout, ignoring dependency
[    5.736057] coresight-tmc 10048000.tmc: Adding to iommu group 3
[    5.736602] cdsp-loader soc:qcom,msm-cdsp-loader: cdsp_loader_probe: rproc not found
[    5.738602] coresight-tmc 10048000.tmc: setting tmc etr sw usb buf size 0x4000000
[    5.745798] sdhci_msm 8804000.sdhci: deferred probe timeout, ignoring dependency
[    5.747733] msm-dwc3 a600000.ssusb: IRQ hs_phy_irq not found
[    5.748506] coresight-tmc 1004f000.tmc: Adding to iommu group 4
[    5.755108] msm-dwc3 a600000.ssusb: Nominal values not found.
[    5.755551] tmc_etr_usb_init: ETR usb property is not configured!
[    5.761768] msm-dwc3 a600000.ssusb: Using default bus votes
[    5.775386] msm-dwc3 a600000.ssusb: unable to get hsphy device
[    5.784209] gpio-keys soc:gpio_key: deferred probe timeout, ignoring dependency
[    5.786083] cdsp-loader soc:qcom,msm-cdsp-loader: cdsp_loader_probe: rproc not found
[    5.796404] sdhci_msm 8804000.sdhci: deferred probe timeout, ignoring dependency
[    5.802760] msm-dwc3 a600000.ssusb: IRQ hs_phy_irq not found
[    5.810179] msm-dwc3 a600000.ssusb: Nominal values not found.
[    5.816859] msm-dwc3 a600000.ssusb: Using default bus votes
[    5.823469] msm-dwc3 a600000.ssusb: unable to get hsphy device
[    5.830955] gpio-keys soc:gpio_key: deferred probe timeout, ignoring dependency
[    5.832600] cdsp-loader soc:qcom,msm-cdsp-loader: cdsp_loader_probe: rproc not found
[    5.843149] sdhci_msm 8804000.sdhci: deferred probe timeout, ignoring dependency
[    5.844025] msm-dwc3 a600000.ssusb: IRQ hs_phy_irq not found
[    5.852405] msm-dwc3 a600000.ssusb: Nominal values not found.
[    5.859071] msm-dwc3 a600000.ssusb: Using default bus votes
[    5.865733] msm-dwc3 a600000.ssusb: unable to get hsphy device
[    5.873847] gpio-keys soc:gpio_key: deferred probe timeout, ignoring dependency
[    5.876256] cdsp-loader soc:qcom,msm-cdsp-loader: cdsp_loader_probe: rproc not found
[    5.885613] sdhci_msm 8804000.sdhci: deferred probe timeout, ignoring dependency
[    5.887154] msm-dwc3 a600000.ssusb: IRQ hs_phy_irq not found
[    5.894232] msm-dwc3 a600000.ssusb: Nominal values not found.
[    5.900905] msm-dwc3 a600000.ssusb: Using default bus votes
[    5.907488] msm-dwc3 a600000.ssusb: unable to get hsphy device
[    5.908348] cpu_voltage_cooling:build_unified_table CPU1:7 CPU2:3
[    5.914207] cpu_voltage_cooling:build_unified_table freq1:3187200 freq2:2803200
[    5.914210] cpu_voltage_cooling:build_unified_table freq1:2956800 freq2:2592000
[    5.914213] cpu_voltage_cooling:build_unified_table freq1:2841600 freq2:2457600
[    5.914216] cpu_voltage_cooling:build_unified_table freq1:2726400 freq2:2323200
[    5.914218] cpu_voltage_cooling:build_unified_table freq1:2592000 freq2:2188800
[    5.914221] cpu_voltage_cooling:build_unified_table freq1:2476800 freq2:2054400
[    5.914223] cpu_voltage_cooling:build_unified_table freq1:2342400 freq2:1920000
[    5.914226] cpu_voltage_cooling:build_unified_table freq1:2227200 freq2:1785600
[    5.914228] cpu_voltage_cooling:build_unified_table freq1:2092800 freq2:1651200
[    5.914230] cpu_voltage_cooling:build_unified_table freq1:1977600 freq2:1536000
[    5.914233] cpu_voltage_cooling:build_unified_table freq1:1843200 freq2:1401600
[    5.914235] cpu_voltage_cooling:build_unified_table freq1:1708800 freq2:1286400
[    5.914238] cpu_voltage_cooling:build_unified_table freq1:1593600 freq2:1171200
[    5.914240] cpu_voltage_cooling:build_unified_table freq1:1478400 freq2:1056000
[    5.914243] cpu_voltage_cooling:build_unified_table freq1:1363200 freq2:940800
[    5.914245] cpu_voltage_cooling:build_unified_table freq1:1248000 freq2:940800
[    5.914248] cpu_voltage_cooling:build_unified_table freq1:1132800 freq2:844800
[    5.914250] cpu_voltage_cooling:build_unified_table freq1:998400 freq2:729600
[    5.914253] cpu_voltage_cooling:build_unified_table freq1:864000 freq2:614400
[    5.914255] cpu_voltage_cooling:build_unified_table freq1:729600 freq2:499200
[    5.914257] cpu_voltage_cooling:build_unified_table freq1:595200 freq2:499200
[    5.917222] gpio-keys soc:gpio_key: deferred probe timeout, ignoring dependency
[    5.917859] cdsp-loader soc:qcom,msm-cdsp-loader: cdsp_loader_probe: rproc not found
[    5.927308] sdhci_msm 8804000.sdhci: deferred probe timeout, ignoring dependency
[    5.927899] msm-dwc3 a600000.ssusb: IRQ hs_phy_irq not found
[    5.935001] msm-dwc3 a600000.ssusb: Nominal values not found.
[    5.943762] msm-dwc3 a600000.ssusb: Using default bus votes
[    5.951206] msm-dwc3 a600000.ssusb: unable to get hsphy device
[    5.961164] gpio-keys soc:gpio_key: deferred probe timeout, ignoring dependency
[    5.961531] usbcore: registered new interface driver usb_ehset_test
[    5.965377] cdsp-loader soc:qcom,msm-cdsp-loader: cdsp_loader_probe: rproc not found
[    5.975655] sdhci_msm 8804000.sdhci: deferred probe timeout, ignoring dependency
[    5.980646] msm-dwc3 a600000.ssusb: IRQ hs_phy_irq not found
[    5.983573] msm_sharedmem: msm_sharedmem_probe: Device created for client 'rmtfs'
[    5.989380] msm-dwc3 a600000.ssusb: Nominal values not found.
[    5.996017] msm-dwc3 a600000.ssusb: Using default bus votes
[    6.002743] msm-dwc3 a600000.ssusb: unable to get hsphy device
[    6.012486] gpio-keys soc:gpio_key: deferred probe timeout, ignoring dependency
[    6.014630] cdsp-loader soc:qcom,msm-cdsp-loader: cdsp_loader_probe: rproc not found
[    6.032486] sdhci_msm 8804000.sdhci: deferred probe timeout, ignoring dependency
[    6.075609] msm-dwc3 a600000.ssusb: IRQ hs_phy_irq not found
[    6.097815] msm-dwc3 a600000.ssusb: Nominal values not found.
[    6.104462] msm-dwc3 a600000.ssusb: Using default bus votes
[    6.115990] msm-dwc3 a600000.ssusb: unable to get hsphy device
[    6.132979] gpio-keys soc:gpio_key: deferred probe timeout, ignoring dependency
[    6.135124] cdsp-loader soc:qcom,msm-cdsp-loader: cdsp_loader_probe: rproc not found
[    6.144976] sdhci_msm 8804000.sdhci: deferred probe timeout, ignoring dependency
[    6.147374] msm-dwc3 a600000.ssusb: IRQ hs_phy_irq not found
[    6.155374] msm-dwc3 a600000.ssusb: Nominal values not found.
[    6.159059] ufs_device_wlun 0:0:0:49488: Attached scsi generic sg0 type 30
[    6.159073] spmi spmi-2: pmic_arb_debug_wait_for_done: transaction failed (0x3)
[    6.162009] msm-dwc3 a600000.ssusb: Using default bus votes
[    6.163971] spmi spmi-2: pmic_arb_debug_wait_for_done: transaction failed (0x3)
[    6.164775] spmi spmi-2: SPMI PMIC arbiter debug bus controller added
[    6.172256] scsi 0:0:0:49476: Attached scsi generic sg1 type 30
[    6.186632] msm-dwc3 a600000.ssusb: unable to get hsphy device
[    6.187384] scsi 0:0:0:49456: Attached scsi generic sg2 type 30
[    6.196246] gpio-keys soc:gpio_key: deferred probe timeout, ignoring dependency
[    6.197331] qcom-va-minidump soc:va_mini_dump: assigned reserved memory node va_md_mem_region
[    6.200686] cdsp-loader soc:qcom,msm-cdsp-loader: cdsp_loader_probe: rproc not found
[    6.207945] sd 0:0:0:0: Attached scsi generic sg3 type 0
[    6.211102] sdhci_msm 8804000.sdhci: deferred probe timeout, ignoring dependency
[    6.211468] sd 0:0:0:1: Attached scsi generic sg4 type 0
[    6.213268] sd 0:0:0:2: Attached scsi generic sg5 type 0
[    6.214692] msm-dwc3 a600000.ssusb: IRQ hs_phy_irq not found
[    6.218496] gpu_cc-kalama 3d90000.clock-controller: Registered GPU CC clocks
[    6.223333] msm-dwc3 a600000.ssusb: Nominal values not found.
[    6.233851] msm-dwc3 a600000.ssusb: Using default bus votes
[    6.241014] msm-dwc3 a600000.ssusb: unable to get hsphy device
[    6.242523] sd 0:0:0:3: Attached scsi generic sg6 type 0
[    6.249903] gpio-keys soc:gpio_key: deferred probe timeout, ignoring dependency
[    6.250980] gpi_dma a00000.qcom,gpi-dma: Adding to iommu group 5
[    6.251042] qsmmuv500-tbu 3de8000.gpu_qtb: Unable to get the transactiontracker-base
[    6.254871] sd 0:0:0:4: Attached scsi generic sg7 type 0
[    6.255547] arm-smmu 3da0000.kgsl-smmu: probing hardware configuration...
[    6.255552] arm-smmu 3da0000.kgsl-smmu: SMMUv2 with:
[    6.255574] arm-smmu 3da0000.kgsl-smmu: 	stage 1 translation
[    6.255577] arm-smmu 3da0000.kgsl-smmu: 	coherent table walk
[    6.255581] arm-smmu 3da0000.kgsl-smmu: 	stream matching with 24 register groups
[    6.255602] arm-smmu 3da0000.kgsl-smmu: 	22 context banks (0 stage-2 only)
[    6.255665] arm-smmu 3da0000.kgsl-smmu: 	Supported page sizes: 0x61311000
[    6.255668] arm-smmu 3da0000.kgsl-smmu: 	Stage-1: 48-bit VA -> 36-bit IPA
[    6.261728] sd 0:0:0:5: Attached scsi generic sg8 type 0
[    6.267422] cdsp-loader soc:qcom,msm-cdsp-loader: cdsp_loader_probe: rproc not found
[    6.276197] msm_kgsl: loading out-of-tree module taints kernel.
[    6.294680] kalama-debugcc soc:clock-controller@0: Registered debug measure clocks
[    6.296138] sdhci_msm 8804000.sdhci: deferred probe timeout, ignoring dependency
[    6.297412] gpi_dma 800000.qcom,gpi-dma: Adding to iommu group 6
[    6.300468] msm-dwc3 a600000.ssusb: IRQ hs_phy_irq not found
[    6.310428] msm-dwc3 a600000.ssusb: Nominal values not found.
[    6.319210] msm-dwc3 a600000.ssusb: Using default bus votes
[    6.326203] msm-dwc3 a600000.ssusb: unable to get hsphy device
[    6.347483] synx: synx device initialization start
[    6.348681] client callback registered with ipc_lite
[    6.348688] synx: synx device initialization success
[    6.349705] gpio-keys soc:gpio_key: deferred probe timeout, ignoring dependency
[    6.352665] kgsl-iommu 3da0000.qcom,kgsl-iommu:gfx3d_user: Adding to iommu group 7
[    6.353853] cdsp-loader soc:qcom,msm-cdsp-loader: cdsp_loader_probe: rproc not found
[    6.360054] kgsl-iommu 3da0000.qcom,kgsl-iommu:gfx3d_lpac: Adding to iommu group 8
[    6.366207] i2c_geni 98c000.i2c: Bus frequency is set to 400000Hz.
[    6.366276] i2c_geni 98c000.i2c: geni_i2c_resources_init: RTL based SE
[    6.372500] kgsl-iommu 3da0000.qcom,kgsl-iommu:gfx3d_secure: Adding to iommu group 9
[    6.373793] sdhci_msm 8804000.sdhci: deferred probe timeout, ignoring dependency
[    6.379336] msm-dwc3 a600000.ssusb: IRQ hs_phy_irq not found
[    6.386408] i2c 0-002f: Fixing up cyclic dependency with soc:qcom,dsi-display-primary
[    6.387244] msm-dwc3 a600000.ssusb: Nominal values not found.
[    6.393887] msm-dwc3 a600000.ssusb: Using default bus votes
[    6.401133] msm-dwc3 a600000.ssusb: unable to get hsphy device
[    6.408936] i2c_geni 98c000.i2c: I2C probed
[    6.409384] Info: adsprpc (2976): systemd-udevd: fastrpc_get_cdsp_status: cdsp available with status: 1
[    6.410181] Info: adsprpc (2997): systemd-udevd: fastrpc_lowest_capacity_corecount: lowest capacity core count: 3
[    6.419848] gpio-keys soc:gpio_key: deferred probe timeout, ignoring dependency
[    6.427129] adreno-gen7-gmu 3d68000.qcom,gmu: Adding to iommu group 10
[    6.427734] fastrpc soc:qcom,msm-adsprpc-mem: assigned reserved memory node adsp_heap_region
[    6.428385] msm_vidc_v4l2 aa00000.qcom,vidc:non_secure_pixel_cb: Adding to iommu group 11
[    6.429265] i2c_geni 990000.i2c: Bus frequency is set to 400000Hz.
[    6.429343] i2c_geni 990000.i2c: geni_i2c_resources_init: RTL based SE
[    6.435967] Info: adsprpc (8058): systemd-udevd: init_secure_vmid_list: secure VMID = 22
[    6.435974] Info: adsprpc (8058): systemd-udevd: init_secure_vmid_list: secure VMID = 37
[    6.435979] adsprpc: fastrpc_init_privileged_gids: privileged GID: 2908
[    6.436264] adsprpc: fastrpc_setup_service_locator: pdr_add_lookup enabled for avs/audio (audio_pdr_adsprpc, msm/adsp/audio_pd), DTSI (qcom,fastrpc-adsp-audio-pdr)
[    6.436694] adsprpc: fastrpc_setup_service_locator: pdr_add_lookup enabled for tms/servreg (sensors_pdr_adsprpc, msm/adsp/sensor_pd), DTSI (qcom,fastrpc-adsp-sensors-pdr)
[    6.436936] msm_vidc_v4l2 aa00000.qcom,vidc:non_secure_cb: Adding to iommu group 12
[    6.437949] cdsp-loader soc:qcom,msm-cdsp-loader: cdsp_loader_probe: rproc not found
[    6.448624] fastrpc soc:qcom,msm_fastrpc:qcom,msm_fastrpc_compute_cb1: Adding to iommu group 13
[    6.454102] ch101_i2c 1-0045: Wait initializing expander: sx1508q retry 1
[    6.454760] fastrpc soc:qcom,msm_fastrpc:qcom,msm_fastrpc_compute_cb2: Adding to iommu group 14
[    6.455209] msm_vidc_v4l2 aa00000.qcom,vidc:secure_non_pixel_cb: Adding to iommu group 15
